Archive member included to satisfy reference by file (symbol)

c:/program files (x86)/atmel/studio/7.0/toolchain/avr8/avr8-gnu-toolchain/bin/../lib/gcc/avr/5.4.0/../../../../avr/lib/avrxmega2\libm.a(addsf3.o)
                              SHT45.o (__subsf3)
c:/program files (x86)/atmel/studio/7.0/toolchain/avr8/avr8-gnu-toolchain/bin/../lib/gcc/avr/5.4.0/../../../../avr/lib/avrxmega2\libm.a(addsf3x.o)
                              c:/program files (x86)/atmel/studio/7.0/toolchain/avr8/avr8-gnu-toolchain/bin/../lib/gcc/avr/5.4.0/../../../../avr/lib/avrxmega2\libm.a(addsf3.o) (__addsf3x)
c:/program files (x86)/atmel/studio/7.0/toolchain/avr8/avr8-gnu-toolchain/bin/../lib/gcc/avr/5.4.0/../../../../avr/lib/avrxmega2\libm.a(atan.o)
                              ElAndAzComp.o (atan)
c:/program files (x86)/atmel/studio/7.0/toolchain/avr8/avr8-gnu-toolchain/bin/../lib/gcc/avr/5.4.0/../../../../avr/lib/avrxmega2\libm.a(cmpsf2.o)
                              Communications.o (__ltsf2)
c:/program files (x86)/atmel/studio/7.0/toolchain/avr8/avr8-gnu-toolchain/bin/../lib/gcc/avr/5.4.0/../../../../avr/lib/avrxmega2\libm.a(divsf3.o)
                              BMP390.o (__divsf3)
c:/program files (x86)/atmel/studio/7.0/toolchain/avr8/avr8-gnu-toolchain/bin/../lib/gcc/avr/5.4.0/../../../../avr/lib/avrxmega2\libm.a(divsf3x.o)
                              c:/program files (x86)/atmel/studio/7.0/toolchain/avr8/avr8-gnu-toolchain/bin/../lib/gcc/avr/5.4.0/../../../../avr/lib/avrxmega2\libm.a(divsf3.o) (__divsf3x)
c:/program files (x86)/atmel/studio/7.0/toolchain/avr8/avr8-gnu-toolchain/bin/../lib/gcc/avr/5.4.0/../../../../avr/lib/avrxmega2\libm.a(fixsfsi.o)
                              main.o (__fixsfsi)
c:/program files (x86)/atmel/studio/7.0/toolchain/avr8/avr8-gnu-toolchain/bin/../lib/gcc/avr/5.4.0/../../../../avr/lib/avrxmega2\libm.a(fixunssfsi.o)
                              Communications.o (__fixunssfsi)
c:/program files (x86)/atmel/studio/7.0/toolchain/avr8/avr8-gnu-toolchain/bin/../lib/gcc/avr/5.4.0/../../../../avr/lib/avrxmega2\libm.a(floatdisf.o)
                              BMP390.o (__floatdisf)
c:/program files (x86)/atmel/studio/7.0/toolchain/avr8/avr8-gnu-toolchain/bin/../lib/gcc/avr/5.4.0/../../../../avr/lib/avrxmega2\libm.a(floatsisf.o)
                              ElAndAzComp.o (__floatunsisf)
c:/program files (x86)/atmel/studio/7.0/toolchain/avr8/avr8-gnu-toolchain/bin/../lib/gcc/avr/5.4.0/../../../../avr/lib/avrxmega2\libm.a(floatundisf.o)
                              c:/program files (x86)/atmel/studio/7.0/toolchain/avr8/avr8-gnu-toolchain/bin/../lib/gcc/avr/5.4.0/../../../../avr/lib/avrxmega2\libm.a(floatdisf.o) (__fp_di2sf)
c:/program files (x86)/atmel/studio/7.0/toolchain/avr8/avr8-gnu-toolchain/bin/../lib/gcc/avr/5.4.0/../../../../avr/lib/avrxmega2\libm.a(fp_cmp.o)
                              c:/program files (x86)/atmel/studio/7.0/toolchain/avr8/avr8-gnu-toolchain/bin/../lib/gcc/avr/5.4.0/../../../../avr/lib/avrxmega2\libm.a(cmpsf2.o) (__fp_cmp)
c:/program files (x86)/atmel/studio/7.0/toolchain/avr8/avr8-gnu-toolchain/bin/../lib/gcc/avr/5.4.0/../../../../avr/lib/avrxmega2\libm.a(fp_inf.o)
                              c:/program files (x86)/atmel/studio/7.0/toolchain/avr8/avr8-gnu-toolchain/bin/../lib/gcc/avr/5.4.0/../../../../avr/lib/avrxmega2\libm.a(addsf3x.o) (__fp_inf)
c:/program files (x86)/atmel/studio/7.0/toolchain/avr8/avr8-gnu-toolchain/bin/../lib/gcc/avr/5.4.0/../../../../avr/lib/avrxmega2\libm.a(fp_nan.o)
                              c:/program files (x86)/atmel/studio/7.0/toolchain/avr8/avr8-gnu-toolchain/bin/../lib/gcc/avr/5.4.0/../../../../avr/lib/avrxmega2\libm.a(addsf3x.o) (__fp_nan)
c:/program files (x86)/atmel/studio/7.0/toolchain/avr8/avr8-gnu-toolchain/bin/../lib/gcc/avr/5.4.0/../../../../avr/lib/avrxmega2\libm.a(fp_negdi.o)
                              c:/program files (x86)/atmel/studio/7.0/toolchain/avr8/avr8-gnu-toolchain/bin/../lib/gcc/avr/5.4.0/../../../../avr/lib/avrxmega2\libm.a(floatdisf.o) (__fp_negdi)
c:/program files (x86)/atmel/studio/7.0/toolchain/avr8/avr8-gnu-toolchain/bin/../lib/gcc/avr/5.4.0/../../../../avr/lib/avrxmega2\libm.a(fp_powser.o)
                              c:/program files (x86)/atmel/studio/7.0/toolchain/avr8/avr8-gnu-toolchain/bin/../lib/gcc/avr/5.4.0/../../../../avr/lib/avrxmega2\libm.a(atan.o) (__fp_powser)
c:/program files (x86)/atmel/studio/7.0/toolchain/avr8/avr8-gnu-toolchain/bin/../lib/gcc/avr/5.4.0/../../../../avr/lib/avrxmega2\libm.a(fp_pscA.o)
                              c:/program files (x86)/atmel/studio/7.0/toolchain/avr8/avr8-gnu-toolchain/bin/../lib/gcc/avr/5.4.0/../../../../avr/lib/avrxmega2\libm.a(addsf3x.o) (__fp_pscA)
c:/program files (x86)/atmel/studio/7.0/toolchain/avr8/avr8-gnu-toolchain/bin/../lib/gcc/avr/5.4.0/../../../../avr/lib/avrxmega2\libm.a(fp_pscB.o)
[...]
Memory Configuration

Name             Origin             Length             Attributes
text             0x00000000         0x00010000         xr
data             0x00806000         0x00002000         rw !x
eeprom           0x00810000         0x00000100         rw !x
fuse             0x00820000         0x00000010         rw !x
lock             0x00830000         0x00000400         rw !x
signature        0x00840000         0x00000400         rw !x
user_signatures  0x00850000         0x00000400         rw !x
*default*        0x00000000         0xffffffff

Linker script and memory map

Address of section .data set to 0x806000
                0x00008000                __RODATA_PM_OFFSET__ = 0x8000
LOAD C:/Program Files (x86)/Atmel/Studio/7.0/Packs/Atmel/AVR-Dx_DFP/2.6.303/gcc/dev/avr64dd32/avrxmega2/crtavr64dd32.o
LOAD ADC.o
LOAD BMP390.o
LOAD CLK.o
LOAD Communications.o
LOAD CRC.o
LOAD ElAndAzComp.o
LOAD GPIO.o
LOAD i2c.o
LOAD Keypad3x4.o
LOAD main.o
LOAD SHT45.o
LOAD SSD1306.o
LOAD USART.o
LOAD Wind.o
LOAD Windows.o
START GROUP
LOAD c:/program files (x86)/atmel/studio/7.0/toolchain/avr8/avr8-gnu-toolchain/bin/../lib/gcc/avr/5.4.0/../../../../avr/lib/avrxmega2\libm.a
END GROUP
LOAD c:/program files (x86)/atmel/studio/7.0/toolchain/avr8/avr8-gnu-toolchain/bin/../lib/gcc/avr/5.4.0/../../../../avr/lib/avrxmega2\libprintf_flt.a
START GROUP
LOAD c:/program files (x86)/atmel/studio/7.0/toolchain/avr8/avr8-gnu-toolchain/bin/../lib/gcc/avr/5.4.0/avrxmega2\libgcc.a
LOAD c:/program files (x86)/atmel/studio/7.0/toolchain/avr8/avr8-gnu-toolchain/bin/../lib/gcc/avr/5.4.0/../../../../avr/lib/avrxmega2\libm.a
LOAD c:/program files (x86)/atmel/studio/7.0/toolchain/avr8/avr8-gnu-toolchain/bin/../lib/gcc/avr/5.4.0/../../../../avr/lib/avrxmega2\libc.a
LOAD C:/Program Files (x86)/Atmel/Studio/7.0/Packs/Atmel/AVR-Dx_DFP/2.6.303/gcc/dev/avr64dd32/avrxmega2\libavr64dd32.a
END GROUP
                [0x00000000]                __TEXT_REGION_ORIGIN__ = DEFINED (__TEXT_REGION_ORIGIN__)?__TEXT_REGION_ORIGIN__:0x0
                [0x00806000]                __DATA_REGION_ORIGIN__ = DEFINED (__DATA_REGION_ORIGIN__)?__DATA_REGION_ORIGIN__:0x802000
                [0x00010000]                __TEXT_REGION_LENGTH__ = DEFINED (__TEXT_REGION_LENGTH__)?__TEXT_REGION_LENGTH__:0x100000
                [0x00002000]                __DATA_REGION_LENGTH__ = DEFINED (__DATA_REGION_LENGTH__)?__DATA_REGION_LENGTH__:0xffa0
                [0x00000100]                __EEPROM_REGION_LENGTH__ = DEFINED (__EEPROM_REGION_LENGTH__)?__EEPROM_REGION_LENGTH__:0x10000
                [0x00000010]                __FUSE_REGION_LENGTH__ = DEFINED (__FUSE_REGION_LENGTH__)?__FUSE_REGION_LENGTH__:0x400
                0x00000400                __LOCK_REGION_LENGTH__ = DEFINED (__LOCK_REGION_LENGTH__)?__LOCK_REGION_LENGTH__:0x400
                0x00000400                __SIGNATURE_REGION_LENGTH__ = DEFINED (__SIGNATURE_REGION_LENGTH__)?__SIGNATURE_REGION_LENGTH__:0x400
                0x00000400                __USER_SIGNATURE_REGION_LENGTH__ = DEFINED (__USER_SIGNATURE_REGION_LENGTH__)?__USER_SIGNATURE_REGION_LENGTH__:0x400

.hash
 *(.hash)

.dynsym
 *(.dynsym)

.dynstr
 *(.dynstr)

.gnu.version
 *(.gnu.version)

.gnu.version_d
 *(.gnu.version_d)

.gnu.version_r
 *(.gnu.version_r)

.rel.init
 *(.rel.init)

.rela.init
 *(.rela.init)

.rel.text
 *(.rel.text)
 *(.rel.text.*)
 *(.rel.gnu.linkonce.t*)

.rela.text
 *(.rela.text)
 *(.rela.text.*)
 *(.rela.gnu.linkonce.t*)

.rel.fini
 *(.rel.fini)

.rela.fini
 *(.rela.fini)

.rel.rodata
 *(.rel.rodata)
 *(.rel.rodata.*)
 *(.rel.gnu.linkonce.r*)

.rela.rodata
 *(.rela.rodata)
 *(.rela.rodata.*)
 *(.rela.gnu.linkonce.r*)

.rel.data
 *(.rel.data)
 *(.rel.data.*)
 *(.rel.gnu.linkonce.d*)

.rela.data
 *(.rela.data)
 *(.rela.data.*)
 *(.rela.gnu.linkonce.d*)

.rel.ctors
 *(.rel.ctors)

.rela.ctors
 *(.rela.ctors)

.rel.dtors
 *(.rel.dtors)

.rela.dtors
 *(.rela.dtors)

.rel.got
 *(.rel.got)

.rela.got
 *(.rela.got)

.rel.bss
 *(.rel.bss)

.rela.bss
 *(.rela.bss)

.rel.plt
 *(.rel.plt)

.rela.plt
 *(.rela.plt)

.text           0x00000000     0x5c22
 *(.vectors)
 .vectors       0x00000000       0x90 C:/Program Files (x86)/Atmel/Studio/7.0/Packs/Atmel/AVR-Dx_DFP/2.6.303/gcc/dev/avr64dd32/avrxmega2/crtavr64dd32.o
                0x00000000                __vector_default
                0x00000000                __vectors
 *(.vectors)
 *(.progmem.gcc*)
 .progmem.gcc_sw_table.WindDirNames
                0x00000090        0xe Wind.o
 .progmem.gcc_sw_table.extractDigitFromTime
                0x0000009e       0x1c Windows.o
 .progmem.gcc_fplib
                0x000000ba       0x2d c:/program files (x86)/atmel/studio/7.0/toolchain/avr8/avr8-gnu-toolchain/bin/../lib/gcc/avr/5.4.0/../../../../avr/lib/avrxmega2\libm.a(atan.o)
 .progmem.gcc_fplib
                0x000000e7       0x23 c:/program files (x86)/atmel/studio/7.0/toolchain/avr8/avr8-gnu-toolchain/bin/../lib/gcc/avr/5.4.0/../../../../avr/lib/avrxmega2\libm.a(tan.o)
                0x0000010a                . = ALIGN (0x2)
                0x0000010a                __trampolines_start = .
 *(.trampolines)
 .trampolines   0x0000010a        0x0 linker stubs
 *(.trampolines*)
                0x0000010a                __trampolines_end = .
 *libprintf_flt.a:*(.progmem.data)
 .progmem.data  0x0000010a        0x8 c:/program files (x86)/atmel/studio/7.0/toolchain/avr8/avr8-gnu-toolchain/bin/../lib/gcc/avr/5.4.0/../../../../avr/lib/avrxmega2\libprintf_flt.a(vfprintf_flt.o)
 *libc.a:*(.progmem.data)
 .progmem.data  0x00000112       0xfa c:/program files (x86)/atmel/studio/7.0/toolchain/avr8/avr8-gnu-toolchain/bin/../lib/gcc/avr/5.4.0/../../../../avr/lib/avrxmega2\libc.a(ftoa_engine.o)
 .progmem.data  0x0000020c        0xc c:/program files (x86)/atmel/studio/7.0/toolchain/avr8/avr8-gnu-toolchain/bin/../lib/gcc/avr/5.4.0/../../../../avr/lib/avrxmega2\libc.a(vfscanf_std.o)
 .progmem.data  0x00000218       0x3b c:/program files (x86)/atmel/studio/7.0/toolchain/avr8/avr8-gnu-toolchain/bin/../lib/gcc/avr/5.4.0/../../../../avr/lib/avrxmega2\libc.a(strtod.o)
 *(.progmem*)
                0x00000254                . = ALIGN (0x2)
 *fill*         0x00000253        0x1 
 *(.jumptables)
 *(.jumptables*)
 *(.lowtext)
 *(.lowtext*)
                0x00000254                __ctors_start = .
 *(.ctors)
                0x00000254                __ctors_end = .
                0x00000254                __dtors_start = .
 *(.dtors)
                0x00000254                __dtors_end = .
 SORT(*)(.ctors)
 SORT(*)(.dtors)
 *(.init0)
 .init0         0x00000254        0x0 C:/Program Files (x86)/Atmel/Studio/7.0/Packs/Atmel/AVR-Dx_DFP/2.6.303/gcc/dev/avr64dd32/avrxmega2/crtavr64dd32.o
                0x00000254                __init
 *(.init0)
 *(.init1)
 *(.init1)
 *(.init2)
 .init2         0x00000254        0xc C:/Program Files (x86)/Atmel/Studio/7.0/Packs/Atmel/AVR-Dx_DFP/2.6.303/gcc/dev/avr64dd32/avrxmega2/crtavr64dd32.o
 *(.init2)
 *(.init3)
 *(.init3)
 *(.init4)
 .init4         0x00000260       0x16 c:/program files (x86)/atmel/studio/7.0/toolchain/avr8/avr8-gnu-toolchain/bin/../lib/gcc/avr/5.4.0/avrxmega2\libgcc.a(_copy_data.o)
                0x00000260                __do_copy_data
 .init4         0x00000276       0x10 c:/program files (x86)/atmel/studio/7.0/toolchain/avr8/avr8-gnu-toolchain/bin/../lib/gcc/avr/5.4.0/avrxmega2\libgcc.a(_clear_bss.o)
                0x00000276                __do_clear_bss
 *(.init4)
 *(.init5)
 *(.init5)
 *(.init6)
 *(.init6)
 *(.init7)
 *(.init7)
 *(.init8)
 *(.init8)
 *(.init9)
 .init9         0x00000286        0x8 C:/Program Files (x86)/Atmel/Studio/7.0/Packs/Atmel/AVR-Dx_DFP/2.6.303/gcc/dev/avr64dd32/avrxmega2/crtavr64dd32.o
 *(.init9)
 *(.text)
 .text          0x0000028e        0x4 C:/Program Files (x86)/Atmel/Studio/7.0/Packs/Atmel/AVR-Dx_DFP/2.6.303/gcc/dev/avr64dd32/avrxmega2/crtavr64dd32.o
                0x0000028e                __vector_22
                0x0000028e                __vector_28
                0x0000028e                __vector_1
                0x0000028e                __vector_32
                0x0000028e                __vector_34
                0x0000028e                __vector_24
                0x0000028e                __vector_12
                0x0000028e                __bad_interrupt
                0x0000028e                __vector_6
                0x0000028e                __vector_31
                0x0000028e                __vector_35
                0x0000028e                __vector_3
                0x0000028e                __vector_23
                0x0000028e                __vector_30
                0x0000028e                __vector_25
                0x0000028e                __vector_11
                0x0000028e                __vector_13
                0x0000028e                __vector_17
                0x0000028e                __vector_19
                0x0000028e                __vector_7
                0x0000028e                __vector_27
                0x0000028e                __vector_5
                0x0000028e                __vector_33
                0x0000028e                __vector_4
                0x0000028e                __vector_9
                0x0000028e                __vector_2
                0x0000028e                __vector_21
                0x0000028e                __vector_15
                0x0000028e                __vector_29
                0x0000028e                __vector_8
                0x0000028e                __vector_26
                0x0000028e                __vector_14
                0x0000028e                __vector_10
                0x0000028e                __vector_16
                0x0000028e                __vector_18
                0x0000028e                __vector_20
                0x00000292                . = ALIGN (0x2)
 *(.text.*)
 .text.ADC0_init
                0x00000292       0x10 ADC.o
                0x00000292                ADC0_init
 .text.ADC0_SetupWS
                0x000002a2        0xe ADC.o
                0x000002a2                ADC0_SetupWS
 .text.ADC0_SetupWD
                0x000002b0        0xe ADC.o
                0x000002b0                ADC0_SetupWD
 .text.ADC0_SetupSLS
                0x000002be        0xc ADC.o
                0x000002be                ADC0_SetupSLS
 .text.ADC0_read
                0x000002ca       0x28 ADC.o
                0x000002ca                ADC0_read
 .text.ReadBMP280Calibration
                0x000002f2      0x368 BMP390.o
                0x000002f2                ReadBMP280Calibration
 .text.WriteBMP280Config
                0x0000065a       0x46 BMP390.o
                0x0000065a                WriteBMP280Config
 .text.ReadBMP280Status
                0x000006a0       0x1e BMP390.o
                0x000006a0                ReadBMP280Status
 .text.ReadBMP280TP
                0x000006be       0x56 BMP390.o
                0x000006be                ReadBMP280TP
 .text.CalcTrueTemp
                0x00000714      0x158 BMP390.o
                0x00000714                CalcTrueTemp
 .text.CalcTruePres
                0x0000086c      0x448 BMP390.o
                0x0000086c                CalcTruePres
 .text.CLOCK_XOSCHF_clock_init
                0x00000cb4       0x1e CLK.o
                0x00000cb4                CLOCK_XOSCHF_clock_init
 .text.executeCommand
                0x00000cd2      0x16c Communications.o
                0x00000cd2                executeCommand
 .text.ClockAndDataReader
                0x00000e3e       0xa4 Communications.o
                0x00000e3e                ClockAndDataReader
 .text.isLeapYear
                0x00000ee2       0x6e Communications.o
                0x00000ee2                isLeapYear
 .text.isValidDateTime
                0x00000f50       0xca Communications.o
                0x00000f50                isValidDateTime
 .text.isValidTimeZone
                0x0000101a        0xe Communications.o
                0x0000101a                isValidTimeZone
 .text.isValidAltitude
                0x00001028       0x12 Communications.o
                0x00001028                isValidAltitude
 .text.isValidLatitude
                0x0000103a       0x44 Communications.o
                0x0000103a                isValidLatitude
 .text.isValidLongitude
                0x0000107e       0x44 Communications.o
                0x0000107e                isValidLongitude
 .text.CRC8MAXIM
                0x000010c2       0x64 CRC.o
                0x000010c2                CRC8MAXIM
 .text.crc8_cdma2000_for_tower
                0x00001126       0x8c CRC.o
                0x00001126                crc8_cdma2000_for_tower
 .text.calculate_refraction
                0x000011b2      0x1e2 ElAndAzComp.o
                0x000011b2                calculate_refraction
 .text.correct_solar_angles
                0x00001394       0x32 ElAndAzComp.o
                0x00001394                correct_solar_angles
 .text.SunLevel
                0x000013c6       0xca ElAndAzComp.o
                0x000013c6                SunLevel
 .text.GPIO_init
                0x00001490       0x80 GPIO.o
                0x00001490                GPIO_init
 .text.I2C_init
                0x00001510       0x14 i2c.o
                0x00001510                I2C_init
 .text.TransmitAdd
                0x00001524       0x54 i2c.o
                0x00001524                TransmitAdd
 .text.TransmitByte
                0x00001578       0x56 i2c.o
                0x00001578                TransmitByte
 .text.ReadByteInf
                0x000015ce       0x44 i2c.o
                0x000015ce                ReadByteInf
 .text.ReadReg  0x00001612       0x56 i2c.o
                0x00001612                ReadReg
 .text.WriteToReg
                0x00001668       0x32 i2c.o
                0x00001668                WriteToReg
 .text.ReadMulti
                0x0000169a      0x15a i2c.o
                0x0000169a                ReadMulti
 .text.scan_keypad
                0x000017f4       0x9a Keypad3x4.o
                0x000017f4                scan_keypad
 .text.keypad   0x0000188e       0x6e Keypad3x4.o
                0x0000188e                keypad
 .text.main     0x000018fc      0x250 main.o
                0x000018fc                main
 .text.SHT21_Settings_Write
                0x00001b4c       0x28 SHT45.o
                0x00001b4c                SHT21_Settings_Write
 .text.SHT21_Read
                0x00001b74      0x1d4 SHT45.o
                0x00001b74                SHT21_Read
 .text.Separator
                0x00001d48       0x96 SHT45.o
                0x00001d48                Separator
 .text.screen_command
                0x00001dde        0xc SSD1306.o
                0x00001dde                screen_command
 .text.screen_data
                0x00001dea        0xc SSD1306.o
                0x00001dea                screen_data
 .text.screen_init
                0x00001df6       0x26 SSD1306.o
                0x00001df6                screen_init
 .text.screen_draw_char
                0x00001e1c       0x68 SSD1306.o
                0x00001e1c                screen_draw_char
 .text.screen_clear
                0x00001e84       0x4a SSD1306.o
                0x00001e84                screen_clear
 .text.screen_draw_text
                0x00001ece       0x3e SSD1306.o
                0x00001ece                screen_draw_text
 .text.screen_write_text
                0x00001f0c       0x4e SSD1306.o
                0x00001f0c                screen_write_text
 .text.calculate_start_pixel
                0x00001f5a       0x4a SSD1306.o
                0x00001f5a                calculate_start_pixel
 .text.screen_write_text_aligned
                0x00001fa4       0x22 SSD1306.o
                0x00001fa4                screen_write_text_aligned
 .text.screen_write_formatted_text
                0x00001fc6       0x3c SSD1306.o
                0x00001fc6                screen_write_formatted_text
 .text.USART0_init
                0x00002002       0x1a USART.o
                0x00002002                USART0_init
 .text.USART0_sendChar
                0x0000201c        0xe USART.o
                0x0000201c                USART0_sendChar
 .text.USART0_sendString
                0x0000202a       0x3c USART.o
                0x0000202a                USART0_sendString
 .text.USART1_init
                0x00002066       0x16 USART.o
                0x00002066                USART1_init
 .text.USART1_sendChar
                0x0000207c        0xe USART.o
                0x0000207c                USART1_sendChar
 .text.USART1_sendString
                0x0000208a       0x3c USART.o
                0x0000208a                USART1_sendString
 .text.USART1_readChar
                0x000020c6       0x2e USART.o
                0x000020c6                USART1_readChar
 .text.USART_printf
                0x000020f4       0x64 USART.o
                0x000020f4                USART_printf
 .text.WindSpeed
                0x00002158       0x34 Wind.o
                0x00002158                WindSpeed
 .text.WindDirection
                0x0000218c       0x5e Wind.o
                0x0000218c                WindDirection
 .text.WindDirNames
                0x000021ea       0x48 Wind.o
                0x000021ea                WindDirNames
 .text.WIND_FIR
                0x00002232      0x162 Wind.o
                0x00002232                WIND_FIR
 .text.displayDateTimeAndLocation
                0x00002394      0x342 Windows.o
                0x00002394                displayDateTimeAndLocation
 .text.extractDigitFromTime
                0x000026d6      0x164 Windows.o
                0x000026d6                extractDigitFromTime
 .text.extractDigitFromTimeZone
                0x0000283a       0x5e Windows.o
                0x0000283a                extractDigitFromTimeZone
 .text.extractDigitFromAltitude
                0x00002898       0xba Windows.o
                0x00002898                extractDigitFromAltitude
 .text.extractDigitFromLocation
                0x00002952      0x15c Windows.o
                0x00002952                extractDigitFromLocation
 .text.DataExtraction
                0x00002aae       0xaa Windows.o
                0x00002aae                DataExtraction
 .text.calculateValue
                0x00002b58       0xba Windows.o
                0x00002b58                calculateValue
 .text.applySign
                0x00002c12       0x12 Windows.o
                0x00002c12                applySign
 .text.applySignDouble
                0x00002c24       0x12 Windows.o
                0x00002c24                applySignDouble
 .text.ValidateNewData
                0x00002c36      0x3fe Windows.o
                0x00002c36                ValidateNewData
 .text.backButton
                0x00003034       0x12 Windows.o
                0x00003034                backButton
 .text.ClockError
                0x00003046       0x1c Windows.o
                0x00003046                ClockError
 .text.DateAndLocationChangeWindow
                0x00003062       0xbc Windows.o
                0x00003062                DateAndLocationChangeWindow
 .text.MainWindow
                0x0000311e      0x28c Windows.o
                0x0000311e                MainWindow
 .text.timeBaseParameterWindow
                0x000033aa      0x298 Windows.o
                0x000033aa                timeBaseParameterWindow
 .text.locationParameterWindow
                0x00003642       0xf4 Windows.o
                0x00003642                locationParameterWindow
 .text.weatherParameterWindow
                0x00003736      0x1ae Windows.o
                0x00003736                weatherParameterWindow
 .text.isWeatherChanged
                0x000038e4      0x13e Windows.o
                0x000038e4                isWeatherChanged
 .text.isTimeAngleChanged
                0x00003a22       0x66 Windows.o
                0x00003a22                isTimeAngleChanged
 .text.smartScreenUpdater
                0x00003a88      0x10a Windows.o
                0x00003a88                smartScreenUpdater
 .text.updateRefreshValues
                0x00003b92       0xe8 Windows.o
                0x00003b92                updateRefreshValues
 .text.windows  0x00003c7a        0xa Windows.o
                0x00003c7a                windows
 .text.avr-libc.fplib
                0x00003c84        0xe c:/program files (x86)/atmel/studio/7.0/toolchain/avr8/avr8-gnu-toolchain/bin/../lib/gcc/avr/5.4.0/../../../../avr/lib/avrxmega2\libm.a(addsf3.o)
                0x00003c84                __subsf3
                0x00003c86                __addsf3
 .text.avr-libc.fplib
                0x00003c92       0xcc c:/program files (x86)/atmel/studio/7.0/toolchain/avr8/avr8-gnu-toolchain/bin/../lib/gcc/avr/5.4.0/../../../../avr/lib/avrxmega2\libm.a(addsf3x.o)
                0x00003cb4                __addsf3x
 .text.avr-libc.fplib
                0x00003d5e       0x5e c:/program files (x86)/atmel/studio/7.0/toolchain/avr8/avr8-gnu-toolchain/bin/../lib/gcc/avr/5.4.0/../../../../avr/lib/avrxmega2\libm.a(atan.o)
                0x00003d5e                atan
 .text.avr-libc.fplib
                0x00003dbc        0xa c:/program files (x86)/atmel/studio/7.0/toolchain/avr8/avr8-gnu-toolchain/bin/../lib/gcc/avr/5.4.0/../../../../avr/lib/avrxmega2\libm.a(cmpsf2.o)
                0x00003dbc                __nesf2
                0x00003dbc                __eqsf2
                0x00003dbc                __cmpsf2
                0x00003dbc                __ltsf2
                0x00003dbc                __lesf2
 .text.avr-libc.fplib
                0x00003dc6        0x8 c:/program files (x86)/atmel/studio/7.0/toolchain/avr8/avr8-gnu-toolchain/bin/../lib/gcc/avr/5.4.0/../../../../avr/lib/avrxmega2\libm.a(divsf3.o)
                0x00003dc6                __divsf3
 .text.avr-libc.fplib
                0x00003dce       0xdc c:/program files (x86)/atmel/studio/7.0/toolchain/avr8/avr8-gnu-toolchain/bin/../lib/gcc/avr/5.4.0/../../../../avr/lib/avrxmega2\libm.a(divsf3x.o)
                0x00003dee                __divsf3x
                0x00003df4                __divsf3_pse
 .text.avr-libc.fplib
                0x00003eaa        0xe c:/program files (x86)/atmel/studio/7.0/toolchain/avr8/avr8-gnu-toolchain/bin/../lib/gcc/avr/5.4.0/../../../../avr/lib/avrxmega2\libm.a(fixsfsi.o)
                0x00003eaa                __fixsfsi
 .text.avr-libc.fplib
                0x00003eb8       0x5e c:/program files (x86)/atmel/studio/7.0/toolchain/avr8/avr8-gnu-toolchain/bin/../lib/gcc/avr/5.4.0/../../../../avr/lib/avrxmega2\libm.a(fixunssfsi.o)
                0x00003eb8                __fixunssfsi
 .text.avr-libc.fplib
                0x00003f16        0xc c:/program files (x86)/atmel/studio/7.0/toolchain/avr8/avr8-gnu-toolchain/bin/../lib/gcc/avr/5.4.0/../../../../avr/lib/avrxmega2\libm.a(floatdisf.o)
                0x00003f16                __floatdisf
 .text.avr-libc.fplib
                0x00003f22       0x7a c:/program files (x86)/atmel/studio/7.0/toolchain/avr8/avr8-gnu-toolchain/bin/../lib/gcc/avr/5.4.0/../../../../avr/lib/avrxmega2\libm.a(floatsisf.o)
                0x00003f22                __floatunsisf
                0x00003f26                __floatsisf
 .text.avr-libc.fplib
                0x00003f9c       0x7c c:/program files (x86)/atmel/studio/7.0/toolchain/avr8/avr8-gnu-toolchain/bin/../lib/gcc/avr/5.4.0/../../../../avr/lib/avrxmega2\libm.a(floatundisf.o)
                0x00003f9c                __floatundisf
                0x00003f9e                __fp_di2sf
 .text.avr-libc.fplib
                0x00004018       0x48 c:/program files (x86)/atmel/studio/7.0/toolchain/avr8/avr8-gnu-toolchain/bin/../lib/gcc/avr/5.4.0/../../../../avr/lib/avrxmega2\libm.a(fp_cmp.o)
                0x00004018                __fp_cmp
 .text.avr-libc.fplib
                0x00004060        0xc c:/program files (x86)/atmel/studio/7.0/toolchain/avr8/avr8-gnu-toolchain/bin/../lib/gcc/avr/5.4.0/../../../../avr/lib/avrxmega2\libm.a(fp_inf.o)
                0x00004060                __fp_inf
 .text.avr-libc.fplib
                0x0000406c        0x6 c:/program files (x86)/atmel/studio/7.0/toolchain/avr8/avr8-gnu-toolchain/bin/../lib/gcc/avr/5.4.0/../../../../avr/lib/avrxmega2\libm.a(fp_nan.o)
                0x0000406c                __fp_nan
 .text.avr-libc.fplib
                0x00004072       0x20 c:/program files (x86)/atmel/studio/7.0/toolchain/avr8/avr8-gnu-toolchain/bin/../lib/gcc/avr/5.4.0/../../../../avr/lib/avrxmega2\libm.a(fp_negdi.o)
                0x00004072                __fp_negdi
 .text.avr-libc.fplib
                0x00004092       0x4e c:/program files (x86)/atmel/studio/7.0/toolchain/avr8/avr8-gnu-toolchain/bin/../lib/gcc/avr/5.4.0/../../../../avr/lib/avrxmega2\libm.a(fp_powser.o)
                0x00004092                __fp_powser
 .text.avr-libc.fplib
                0x000040e0        0xe c:/program files (x86)/atmel/studio/7.0/toolchain/avr8/avr8-gnu-toolchain/bin/../lib/gcc/avr/5.4.0/../../../../avr/lib/avrxmega2\libm.a(fp_pscA.o)
                0x000040e0                __fp_pscA
 .text.avr-libc.fplib
                0x000040ee        0xe c:/program files (x86)/atmel/studio/7.0/toolchain/avr8/avr8-gnu-toolchain/bin/../lib/gcc/avr/5.4.0/../../../../avr/lib/avrxmega2\libm.a(fp_pscB.o)
                0x000040ee                __fp_pscB
 .text.avr-libc.fplib
                0x000040fc       0x22 c:/program files (x86)/atmel/studio/7.0/toolchain/avr8/avr8-gnu-toolchain/bin/../lib/gcc/avr/5.4.0/../../../../avr/lib/avrxmega2\libm.a(fp_round.o)
                0x000040fc                __fp_round
 .text.avr-libc.fplib
                0x0000411e       0x44 c:/program files (x86)/atmel/studio/7.0/toolchain/avr8/avr8-gnu-toolchain/bin/../lib/gcc/avr/5.4.0/../../../../avr/lib/avrxmega2\libm.a(fp_split3.o)
                0x0000411e                __fp_split3
                0x0000412e                __fp_splitA
 .text.avr-libc.fplib
                0x00004162        0xe c:/program files (x86)/atmel/studio/7.0/toolchain/avr8/avr8-gnu-toolchain/bin/../lib/gcc/avr/5.4.0/../../../../avr/lib/avrxmega2\libm.a(fp_zero.o)
                0x00004162                __fp_zero
                0x00004164                __fp_szero
 .text.avr-libc.fplib
                0x00004170        0xa c:/program files (x86)/atmel/studio/7.0/toolchain/avr8/avr8-gnu-toolchain/bin/../lib/gcc/avr/5.4.0/../../../../avr/lib/avrxmega2\libm.a(gesf2.o)
                0x00004170                __gesf2
                0x00004170                __gtsf2
 .text.avr-libc.fplib
                0x0000417a       0x10 c:/program files (x86)/atmel/studio/7.0/toolchain/avr8/avr8-gnu-toolchain/bin/../lib/gcc/avr/5.4.0/../../../../avr/lib/avrxmega2\libm.a(inverse.o)
                0x0000417a                inverse
 .text.avr-libc.fplib
                0x0000418a        0x8 c:/program files (x86)/atmel/studio/7.0/toolchain/avr8/avr8-gnu-toolchain/bin/../lib/gcc/avr/5.4.0/../../../../avr/lib/avrxmega2\libm.a(mulsf3.o)
                0x0000418a                __mulsf3
 .text.avr-libc.fplib
                0x00004192       0xd2 c:/program files (x86)/atmel/studio/7.0/toolchain/avr8/avr8-gnu-toolchain/bin/../lib/gcc/avr/5.4.0/../../../../avr/lib/avrxmega2\libm.a(mulsf3x.o)
                0x000041b0                __mulsf3x
                0x000041b6                __mulsf3_pse
 .text.avr-libc.fplib
                0x00004264       0x48 c:/program files (x86)/atmel/studio/7.0/toolchain/avr8/avr8-gnu-toolchain/bin/../lib/gcc/avr/5.4.0/../../../../avr/lib/avrxmega2\libm.a(round.o)
                0x00004264                round
 .text.avr-libc.fplib
                0x000042ac        0x8 c:/program files (x86)/atmel/studio/7.0/toolchain/avr8/avr8-gnu-toolchain/bin/../lib/gcc/avr/5.4.0/../../../../avr/lib/avrxmega2\libm.a(square.o)
                0x000042ac                square
 .text.avr-libc.fplib
                0x000042b4       0x4a c:/program files (x86)/atmel/studio/7.0/toolchain/avr8/avr8-gnu-toolchain/bin/../lib/gcc/avr/5.4.0/../../../../avr/lib/avrxmega2\libm.a(tan.o)
                0x000042b4                tan
 .text.avr-libc.fplib
                0x000042fe       0x36 c:/program files (x86)/atmel/studio/7.0/toolchain/avr8/avr8-gnu-toolchain/bin/../lib/gcc/avr/5.4.0/../../../../avr/lib/avrxmega2\libm.a(fp_mintl.o)
                0x000042fe                __fp_mintl
 .text.avr-libc.fplib
                0x00004334       0x1c c:/program files (x86)/atmel/studio/7.0/toolchain/avr8/avr8-gnu-toolchain/bin/../lib/gcc/avr/5.4.0/../../../../avr/lib/avrxmega2\libm.a(fp_mpack.o)
                0x00004334                __fp_mpack
                0x00004338                __fp_mpack_finite
 .text.avr-libc.fplib
                0x00004350       0x28 c:/program files (x86)/atmel/studio/7.0/toolchain/avr8/avr8-gnu-toolchain/bin/../lib/gcc/avr/5.4.0/../../../../avr/lib/avrxmega2\libm.a(fp_powsodd.o)
                0x00004350                __fp_powsodd
 .text.avr-libc.fplib
                0x00004378       0x56 c:/program files (x86)/atmel/studio/7.0/toolchain/avr8/avr8-gnu-toolchain/bin/../lib/gcc/avr/5.4.0/../../../../avr/lib/avrxmega2\libm.a(fp_rempio2.o)
                0x0000437c                __fp_rempio2
 .text.avr-libc
                0x000043ce      0x6fa c:/program files (x86)/atmel/studio/7.0/toolchain/avr8/avr8-gnu-toolchain/bin/../lib/gcc/avr/5.4.0/../../../../avr/lib/avrxmega2\libprintf_flt.a(vfprintf_flt.o)
                0x000043ce                vfprintf
 .text.libgcc.mul
                0x00004ac8       0x20 c:/program files (x86)/atmel/studio/7.0/toolchain/avr8/avr8-gnu-toolchain/bin/../lib/gcc/avr/5.4.0/avrxmega2\libgcc.a(_mulsi3.o)
                0x00004ac8                __mulsi3
 .text.libgcc.div
                0x00004ae8       0x28 c:/program files (x86)/atmel/studio/7.0/toolchain/avr8/avr8-gnu-toolchain/bin/../lib/gcc/avr/5.4.0/avrxmega2\libgcc.a(_udivmodhi4.o)
                0x00004ae8                __udivmodhi4
 .text.libgcc.div
                0x00004b10       0x28 c:/program files (x86)/atmel/studio/7.0/toolchain/avr8/avr8-gnu-toolchain/bin/../lib/gcc/avr/5.4.0/avrxmega2\libgcc.a(_divmodhi4.o)
                0x00004b10                _div
                0x00004b10                __divmodhi4
 .text.libgcc.div
                0x00004b38       0x44 c:/program files (x86)/atmel/studio/7.0/toolchain/avr8/avr8-gnu-toolchain/bin/../lib/gcc/avr/5.4.0/avrxmega2\libgcc.a(_udivmodsi4.o)
                0x00004b38                __udivmodsi4
 .text.libgcc   0x00004b7c        0xc c:/program files (x86)/atmel/studio/7.0/toolchain/avr8/avr8-gnu-toolchain/bin/../lib/gcc/avr/5.4.0/avrxmega2\libgcc.a(_tablejump2.o)
                0x00004b7c                __tablejump2__
 .text.libgcc.mul
                0x00004b88       0x1e c:/program files (x86)/atmel/studio/7.0/toolchain/avr8/avr8-gnu-toolchain/bin/../lib/gcc/avr/5.4.0/avrxmega2\libgcc.a(_umulhisi3.o)
                0x00004b88                __umulhisi3
 .text.libgcc.mul
                0x00004ba6       0x16 c:/program files (x86)/atmel/studio/7.0/toolchain/avr8/avr8-gnu-toolchain/bin/../lib/gcc/avr/5.4.0/avrxmega2\libgcc.a(_muluhisi3.o)
                0x00004ba6                __muluhisi3
 .text.libgcc.mul
                0x00004bbc       0x10 c:/program files (x86)/atmel/studio/7.0/toolchain/avr8/avr8-gnu-toolchain/bin/../lib/gcc/avr/5.4.0/avrxmega2\libgcc.a(_mulshisi3.o)
                0x00004bbc                __mulshisi3
                0x00004bc2                __mulohisi3
 .text.libgcc.mul
                0x00004bcc       0xa0 c:/program files (x86)/atmel/studio/7.0/toolchain/avr8/avr8-gnu-toolchain/bin/../lib/gcc/avr/5.4.0/avrxmega2\libgcc.a(_muldi3.o)
                0x00004bcc                __muldi3
 .text.libgcc.mul
                0x00004c6c       0x12 c:/program files (x86)/atmel/studio/7.0/toolchain/avr8/avr8-gnu-toolchain/bin/../lib/gcc/avr/5.4.0/avrxmega2\libgcc.a(_muldi3_6.o)
                0x00004c6c                __muldi3_6
 .text.libgcc.div
                0x00004c7e       0x62 c:/program files (x86)/atmel/studio/7.0/toolchain/avr8/avr8-gnu-toolchain/bin/../lib/gcc/avr/5.4.0/avrxmega2\libgcc.a(_divdi3.o)
                0x00004c7e                __moddi3
                0x00004c82                __divdi3
                0x00004c84                __divdi3_moddi3
 .text.libgcc.div
                0x00004ce0       0x1c c:/program files (x86)/atmel/studio/7.0/toolchain/avr8/avr8-gnu-toolchain/bin/../lib/gcc/avr/5.4.0/avrxmega2\libgcc.a(_udivdi3.o)
                0x00004ce0                __umoddi3
                0x00004ce4                __udivdi3
                0x00004ce6                __udivdi3_umoddi3
 .text.libgcc.div
                0x00004cfc       0xa2 c:/program files (x86)/atmel/studio/7.0/toolchain/avr8/avr8-gnu-toolchain/bin/../lib/gcc/avr/5.4.0/avrxmega2\libgcc.a(_udivmod64.o)
                0x00004cfc                __udivmod64
 .text.libgcc   0x00004d9e       0x20 c:/program files (x86)/atmel/studio/7.0/toolchain/avr8/avr8-gnu-toolchain/bin/../lib/gcc/avr/5.4.0/avrxmega2\libgcc.a(_negdi2.o)
                0x00004d9e                __negdi2
 .text.libgcc.prologue
                0x00004dbe       0x32 c:/program files (x86)/atmel/studio/7.0/toolchain/avr8/avr8-gnu-toolchain/bin/../lib/gcc/avr/5.4.0/avrxmega2\libgcc.a(_prologue.o)
                0x00004dbe                __prologue_saves__
 .text.libgcc.prologue
                0x00004df0       0x30 c:/program files (x86)/atmel/studio/7.0/toolchain/avr8/avr8-gnu-toolchain/bin/../lib/gcc/avr/5.4.0/avrxmega2\libgcc.a(_epilogue.o)
                0x00004df0                __epilogue_restores__
 .text.libgcc.builtins
                0x00004e20       0x32 c:/program files (x86)/atmel/studio/7.0/toolchain/avr8/avr8-gnu-toolchain/bin/../lib/gcc/avr/5.4.0/avrxmega2\libgcc.a(_ashldi3.o)
                0x00004e20                __ashldi3
 .text.libgcc.builtins
                0x00004e52       0x3c c:/program files (x86)/atmel/studio/7.0/toolchain/avr8/avr8-gnu-toolchain/bin/../lib/gcc/avr/5.4.0/avrxmega2\libgcc.a(_ashrdi3.o)
                0x00004e52                __ashrdi3
                0x00004e56                __lshrdi3
 .text.libgcc   0x00004e8e       0x12 c:/program files (x86)/atmel/studio/7.0/toolchain/avr8/avr8-gnu-toolchain/bin/../lib/gcc/avr/5.4.0/avrxmega2\libgcc.a(_adddi3.o)
                0x00004e8e                __adddi3
 .text.libgcc   0x00004ea0       0x12 c:/program files (x86)/atmel/studio/7.0/toolchain/avr8/avr8-gnu-toolchain/bin/../lib/gcc/avr/5.4.0/avrxmega2\libgcc.a(_subdi3.o)
                0x00004ea0                __subdi3
 .text.libgcc   0x00004eb2       0x18 c:/program files (x86)/atmel/studio/7.0/toolchain/avr8/avr8-gnu-toolchain/bin/../lib/gcc/avr/5.4.0/avrxmega2\libgcc.a(_cmpdi2_s8.o)
                0x00004eb2                __cmpdi2_s8
 .text.avr-libc
                0x00004eca        0x8 c:/program files (x86)/atmel/studio/7.0/toolchain/avr8/avr8-gnu-toolchain/bin/../lib/gcc/avr/5.4.0/../../../../avr/lib/avrxmega2\libc.a(atof.o)
                0x00004eca                atof
 .text.avr-libc
                0x00004ed2       0x3c c:/program files (x86)/atmel/studio/7.0/toolchain/avr8/avr8-gnu-toolchain/bin/../lib/gcc/avr/5.4.0/../../../../avr/lib/avrxmega2\libc.a(atoi.o)
                0x00004ed2                atoi
 .text.avr-libc
                0x00004f0e      0x1b0 c:/program files (x86)/atmel/studio/7.0/toolchain/avr8/avr8-gnu-toolchain/bin/../lib/gcc/avr/5.4.0/../../../../avr/lib/avrxmega2\libc.a(ftoa_engine.o)
                0x00004f0e                __ftoa_engine
 .text.avr-libc
                0x000050be       0x16 c:/program files (x86)/atmel/studio/7.0/toolchain/avr8/avr8-gnu-toolchain/bin/../lib/gcc/avr/5.4.0/../../../../avr/lib/avrxmega2\libc.a(strnlen_P.o)
                0x000050be                strnlen_P
 .text.avr-libc
                0x000050d4        0xa c:/program files (x86)/atmel/studio/7.0/toolchain/avr8/avr8-gnu-toolchain/bin/../lib/gcc/avr/5.4.0/../../../../avr/lib/avrxmega2\libc.a(strtok.o)
                0x000050d4                strtok
 .text.avr-libc
                0x000050de       0x16 c:/program files (x86)/atmel/studio/7.0/toolchain/avr8/avr8-gnu-toolchain/bin/../lib/gcc/avr/5.4.0/../../../../avr/lib/avrxmega2\libc.a(strnlen.o)
                0x000050de                strnlen
 .text.avr-libc
                0x000050f4       0x4e c:/program files (x86)/atmel/studio/7.0/toolchain/avr8/avr8-gnu-toolchain/bin/../lib/gcc/avr/5.4.0/../../../../avr/lib/avrxmega2\libc.a(strtok_r.o)
                0x000050f4                strtok_r
 .text.avr-libc
                0x00005142       0x10 c:/program files (x86)/atmel/studio/7.0/toolchain/avr8/avr8-gnu-toolchain/bin/../lib/gcc/avr/5.4.0/../../../../avr/lib/avrxmega2\libc.a(mul10.o)
                0x00005142                __mulhi_const_10
 .text.avr-libc
                0x00005152       0x78 c:/program files (x86)/atmel/studio/7.0/toolchain/avr8/avr8-gnu-toolchain/bin/../lib/gcc/avr/5.4.0/../../../../avr/lib/avrxmega2\libc.a(fputc.o)
                0x00005152                fputc
 .text.avr-libc
                0x000051ca       0x32 c:/program files (x86)/atmel/studio/7.0/toolchain/avr8/avr8-gnu-toolchain/bin/../lib/gcc/avr/5.4.0/../../../../avr/lib/avrxmega2\libc.a(sscanf.o)
                0x000051ca                sscanf
 .text.avr-libc
                0x000051fc       0x58 c:/program files (x86)/atmel/studio/7.0/toolchain/avr8/avr8-gnu-toolchain/bin/../lib/gcc/avr/5.4.0/../../../../avr/lib/avrxmega2\libc.a(vsnprintf.o)
                0x000051fc                vsnprintf
 .text.avr-libc
                0x00005254       0xbc c:/program files (x86)/atmel/studio/7.0/toolchain/avr8/avr8-gnu-toolchain/bin/../lib/gcc/avr/5.4.0/../../../../avr/lib/avrxmega2\libc.a(ultoa_invert.o)
                0x00005254                __ultoa_invert
 .text.avr-libc
                0x00005310      0x55a c:/program files (x86)/atmel/studio/7.0/toolchain/avr8/avr8-gnu-toolchain/bin/../lib/gcc/avr/5.4.0/../../../../avr/lib/avrxmega2\libc.a(vfscanf_std.o)
                0x00005648                vfscanf
 .text.avr-libc
                0x0000586a      0x29c c:/program files (x86)/atmel/studio/7.0/toolchain/avr8/avr8-gnu-toolchain/bin/../lib/gcc/avr/5.4.0/../../../../avr/lib/avrxmega2\libc.a(strtod.o)
                0x0000586a                strtod
 .text.avr-libc
                0x00005b06       0x12 c:/program files (x86)/atmel/studio/7.0/toolchain/avr8/avr8-gnu-toolchain/bin/../lib/gcc/avr/5.4.0/../../../../avr/lib/avrxmega2\libc.a(isspace.o)
                0x00005b06                isspace
 .text.avr-libc
                0x00005b18       0x16 c:/program files (x86)/atmel/studio/7.0/toolchain/avr8/avr8-gnu-toolchain/bin/../lib/gcc/avr/5.4.0/../../../../avr/lib/avrxmega2\libc.a(strchr_P.o)
                0x00005b18                strchr_P
 .text.avr-libc
                0x00005b2e       0x30 c:/program files (x86)/atmel/studio/7.0/toolchain/avr8/avr8-gnu-toolchain/bin/../lib/gcc/avr/5.4.0/../../../../avr/lib/avrxmega2\libc.a(strncasecmp_P.o)
                0x00005b2e                strncasecmp_P
 .text.avr-libc
                0x00005b5e       0x7c c:/program files (x86)/atmel/studio/7.0/toolchain/avr8/avr8-gnu-toolchain/bin/../lib/gcc/avr/5.4.0/../../../../avr/lib/avrxmega2\libc.a(fgetc.o)
                0x00005b5e                fgetc
 .text.avr-libc
                0x00005bda       0x32 c:/program files (x86)/atmel/studio/7.0/toolchain/avr8/avr8-gnu-toolchain/bin/../lib/gcc/avr/5.4.0/../../../../avr/lib/avrxmega2\libc.a(ungetc.o)
                0x00005bda                ungetc
 .text.avr-libc
                0x00005c0c        0x6 c:/program files (x86)/atmel/studio/7.0/toolchain/avr8/avr8-gnu-toolchain/bin/../lib/gcc/avr/5.4.0/../../../../avr/lib/avrxmega2\libc.a(cty_isfalse.o)
                0x00005c0c                __ctype_isfalse
                0x00005c10                __ctype_istrue
 .text.avr-libc
                0x00005c12        0xc C:/Program Files (x86)/Atmel/Studio/7.0/Packs/Atmel/AVR-Dx_DFP/2.6.303/gcc/dev/avr64dd32/avrxmega2\libavr64dd32.a(ccp_write.o)
                0x00005c12                ccp_write_io
                0x00005c1e                . = ALIGN (0x2)
 *(.fini9)
 .fini9         0x00005c1e        0x0 c:/program files (x86)/atmel/studio/7.0/toolchain/avr8/avr8-gnu-toolchain/bin/../lib/gcc/avr/5.4.0/avrxmega2\libgcc.a(_exit.o)
                0x00005c1e                _exit
                0x00005c1e                exit
 *(.fini9)
 *(.fini8)
 *(.fini8)
 *(.fini7)
 *(.fini7)
 *(.fini6)
 *(.fini6)
 *(.fini5)
 *(.fini5)
 *(.fini4)
 *(.fini4)
 *(.fini3)
 *(.fini3)
 *(.fini2)
 *(.fini2)
 *(.fini1)
 *(.fini1)
 *(.fini0)
 .fini0         0x00005c1e        0x4 c:/program files (x86)/atmel/studio/7.0/toolchain/avr8/avr8-gnu-toolchain/bin/../lib/gcc/avr/5.4.0/avrxmega2\libgcc.a(_exit.o)
 *(.fini0)
                0x00005c22                _etext = .

.data           0x00806000      0x956 load address 0x00005c22
                0x00806000                PROVIDE (__data_start, .)
 *(.data)
 *(.data*)
 .data.BMP280   0x00806000       0x3b BMP390.o
                0x00806000                BMP280
 .data.Date_Clock
                0x0080603b       0x1f Communications.o
                0x0080603b                Date_Clock
 .data.Altitude
                0x0080605a        0x2 ElAndAzComp.o
                0x0080605a                Altitude
 .data.SUN      0x0080605c        0xc ElAndAzComp.o
                0x0080605c                SUN
 .data.SHT21    0x00806068       0x11 SHT45.o
                0x00806068                SHT21
 .data.font     0x00806079      0x325 SSD1306.o
                0x00806079                font
 .data.ssd1306Commands
                0x0080639e       0x1a SSD1306.o
                0x0080639e                ssd1306Commands
 .data.Refresh  0x008063b8       0x1b Windows.o
                0x008063b8                Refresh
 *(.gnu.linkonce.d*)
 *(.rodata)
 .rodata        0x008063d3       0x18 Communications.o
 *(.rodata*)
 .rodata.str1.1
                0x008063eb       0x18 Communications.o
 .rodata.crc8_table2
                0x00806403      0x100 CRC.o
                0x00806403                crc8_table2
 .rodata.crc8_table
                0x00806503      0x100 CRC.o
                0x00806503                crc8_table
 .rodata.str1.1
                0x00806603       0x50 main.o
 .rodata.str1.1
                0x00806653       0x18 Wind.o
 .rodata.str1.1
                0x0080666b      0x2eb Windows.o
                                0x306 (size before relaxing)
 *(.gnu.linkonce.r*)
                0x00806956                . = ALIGN (0x2)
                0x00806956                _edata = .
                0x00806956                PROVIDE (__data_end, .)

.bss            0x00806956       0xaf
                0x00806956                PROVIDE (__bss_start, .)
 *(.bss)
 .bss           0x00806956        0x2 c:/program files (x86)/atmel/studio/7.0/toolchain/avr8/avr8-gnu-toolchain/bin/../lib/gcc/avr/5.4.0/../../../../avr/lib/avrxmega2\libc.a(strtok.o)
 *(.bss*)
 .bss.I2C       0x00806958        0x1 i2c.o
                0x00806958                I2C
 .bss.hold_counter.4582
                0x00806959        0x2 Keypad3x4.o
 .bss.last_key.4581
                0x0080695b        0x1 Keypad3x4.o
 .bss.Keypad3x4
                0x0080695c        0x2 Keypad3x4.o
                0x0080695c                Keypad3x4
 .bss.readwinddirection
                0x0080695e       0x2b Wind.o
                0x0080695e                readwinddirection
 .bss.readwindspeed
                0x00806989       0x2b Wind.o
                0x00806989                readwindspeed
 .bss.Wind      0x008069b4        0x2 Wind.o
                0x008069b4                Wind
 .bss.step.4662
                0x008069b6        0x1 Windows.o
 .bss.arrow.4663
                0x008069b7       0x26 Windows.o
 .bss.newTimeAndPlace.4661
                0x008069dd       0x26 Windows.o
 *(COMMON)
 COMMON         0x00806a03        0x2 c:/program files (x86)/atmel/studio/7.0/toolchain/avr8/avr8-gnu-toolchain/bin/../lib/gcc/avr/5.4.0/../../../../avr/lib/avrxmega2\libc.a(errno.o)
                0x00806a03                errno
                0x00806a05                PROVIDE (__bss_end, .)
                0x00005c22                __data_load_start = LOADADDR (.data)
                0x00006578                __data_load_end = (__data_load_start + SIZEOF (.data))

.noinit         0x00806a05        0x0
                [!provide]                PROVIDE (__noinit_start, .)
 *(.noinit*)
                [!provide]                PROVIDE (__noinit_end, .)
                0x00806a05                _end = .
                [!provide]                PROVIDE (__heap_start, .)

.eeprom         0x00810000        0x0
 *(.eeprom*)
                0x00810000                __eeprom_end = .

.fuse
 *(.fuse)
 *(.lfuse)
 *(.hfuse)
 *(.efuse)

.lock
 *(.lock*)

.signature
 *(.signature*)

.user_signatures
 *(.user_signatures*)

.stab
 *(.stab)

.stabstr
 *(.stabstr)

.stab.excl
 *(.stab.excl)

.stab.exclstr
 *(.stab.exclstr)

.stab.index
 *(.stab.index)

.stab.indexstr
 *(.stab.indexstr)

.comment        0x00000000       0x5c
 *(.comment)
 .comment       0x00000000       0x30 ADC.o
                                 0x31 (size before relaxing)
 .comment       0x00000030       0x31 BMP390.o
 .comment       0x00000030       0x31 CLK.o
 .comment       0x00000030       0x31 Communications.o
 .comment       0x00000030       0x31 CRC.o
 .comment       0x00000030       0x31 ElAndAzComp.o
 .comment       0x00000030       0x31 GPIO.o
 .comment       0x00000030       0x31 i2c.o
 .comment       0x00000030       0x31 Keypad3x4.o
 .comment       0x00000030       0x31 main.o
 .comment       0x00000030       0x31 SHT45.o
 .comment       0x00000030       0x31 SSD1306.o
 .comment       0x00000030       0x31 USART.o
 .comment       0x00000030       0x31 Wind.o
 .comment       0x00000030       0x31 Windows.o
 .comment       0x00000030       0x2c c:/program files (x86)/atmel/studio/7.0/toolchain/avr8/avr8-gnu-toolchain/bin/../lib/gcc/avr/5.4.0/../../../../avr/lib/avrxmega2\libprintf_flt.a(vfprintf_flt.o)
                                 0x2d (size before relaxing)
 .comment       0x0000005c       0x31 c:/program files (x86)/atmel/studio/7.0/toolchain/avr8/avr8-gnu-toolchain/bin/../lib/gcc/avr/5.4.0/../../../../avr/lib/avrxmega2\libc.a(strtok.o)
 .comment       0x0000005c       0x31 c:/program files (x86)/atmel/studio/7.0/toolchain/avr8/avr8-gnu-toolchain/bin/../lib/gcc/avr/5.4.0/../../../../avr/lib/avrxmega2\libc.a(fputc.o)
 .comment       0x0000005c       0x31 c:/program files (x86)/atmel/studio/7.0/toolchain/avr8/avr8-gnu-toolchain/bin/../lib/gcc/avr/5.4.0/../../../../avr/lib/avrxmega2\libc.a(sscanf.o)
 .comment       0x0000005c       0x31 c:/program files (x86)/atmel/studio/7.0/toolchain/avr8/avr8-gnu-toolchain/bin/../lib/gcc/avr/5.4.0/../../../../avr/lib/avrxmega2\libc.a(vsnprintf.o)
 .comment       0x0000005c       0x2d c:/program files (x86)/atmel/studio/7.0/toolchain/avr8/avr8-gnu-toolchain/bin/../lib/gcc/avr/5.4.0/../../../../avr/lib/avrxmega2\libc.a(vfscanf_std.o)
 .comment       0x0000005c       0x31 c:/program files (x86)/atmel/studio/7.0/toolchain/avr8/avr8-gnu-toolchain/bin/../lib/gcc/avr/5.4.0/../../../../avr/lib/avrxmega2\libc.a(strtod.o)
 .comment       0x0000005c       0x31 c:/program files (x86)/atmel/studio/7.0/toolchain/avr8/avr8-gnu-toolchain/bin/../lib/gcc/avr/5.4.0/../../../../avr/lib/avrxmega2\libc.a(fgetc.o)
 .comment       0x0000005c       0x31 c:/program files (x86)/atmel/studio/7.0/toolchain/avr8/avr8-gnu-toolchain/bin/../lib/gcc/avr/5.4.0/../../../../avr/lib/avrxmega2\libc.a(ungetc.o)
 .comment       0x0000005c       0x2d c:/program files (x86)/atmel/studio/7.0/toolchain/avr8/avr8-gnu-toolchain/bin/../lib/gcc/avr/5.4.0/../../../../avr/lib/avrxmega2\libc.a(errno.o)

.note.gnu.avr.deviceinfo
                0x00000000       0x3c
 .note.gnu.avr.deviceinfo
                0x00000000       0x3c C:/Program Files (x86)/Atmel/Studio/7.0/Packs/Atmel/AVR-Dx_DFP/2.6.303/gcc/dev/avr64dd32/avrxmega2/crtavr64dd32.o

.note.gnu.build-id
 *(.note.gnu.build-id)

.debug
 *(.debug)

.line
 *(.line)

.debug_srcinfo
 *(.debug_srcinfo)

.debug_sfnames
 *(.debug_sfnames)

.debug_aranges  0x00000000      0x470
 *(.debug_aranges)
 .debug_aranges
                0x00000000       0x40 ADC.o
 .debug_aranges
                0x00000040       0x60 BMP390.o
 .debug_aranges
                0x000000a0       0x20 CLK.o
 .debug_aranges
                0x000000c0       0x58 Communications.o
 .debug_aranges
                0x00000118       0x28 CRC.o
 .debug_aranges
                0x00000140       0x30 ElAndAzComp.o
 .debug_aranges
                0x00000170       0x20 GPIO.o
 .debug_aranges
                0x00000190       0x50 i2c.o
 .debug_aranges
                0x000001e0       0x30 Keypad3x4.o
 .debug_aranges
                0x00000210       0x20 main.o
 .debug_aranges
                0x00000230       0x40 SHT45.o
 .debug_aranges
                0x00000270       0x78 SSD1306.o
 .debug_aranges
                0x000002e8       0x68 USART.o
 .debug_aranges
                0x00000350       0x38 Wind.o
 .debug_aranges
                0x00000388       0xc8 Windows.o
 .debug_aranges
                0x00000450       0x20 C:/Program Files (x86)/Atmel/Studio/7.0/Packs/Atmel/AVR-Dx_DFP/2.6.303/gcc/dev/avr64dd32/avrxmega2\libavr64dd32.a(ccp_write.o)

.debug_pubnames
 *(.debug_pubnames)

.debug_info     0x00000000     0x840d
 *(.debug_info .gnu.linkonce.wi.*)
 .debug_info    0x00000000     0x22a4 C:/Program Files (x86)/Atmel/Studio/7.0/Packs/Atmel/AVR-Dx_DFP/2.6.303/gcc/dev/avr64dd32/avrxmega2/crtavr64dd32.o
 .debug_info    0x000022a4      0x55b ADC.o
 .debug_info    0x000027ff      0x5aa BMP390.o
 .debug_info    0x00002da9      0x307 CLK.o
 .debug_info    0x000030b0      0x4ad Communications.o
 .debug_info    0x0000355d      0x295 CRC.o
 .debug_info    0x000037f2      0x5b3 ElAndAzComp.o
 .debug_info    0x00003da5      0x403 GPIO.o
 .debug_info    0x000041a8      0x604 i2c.o
 .debug_info    0x000047ac      0x4a8 Keypad3x4.o
 .debug_info    0x00004c54      0x910 main.o
 .debug_info    0x00005564      0x7b3 SHT45.o
 .debug_info    0x00005d17      0x826 SSD1306.o
 .debug_info    0x0000653d      0x79a USART.o
 .debug_info    0x00006cd7      0x368 Wind.o
 .debug_info    0x0000703f     0x1325 Windows.o
 .debug_info    0x00008364       0xa9 C:/Program Files (x86)/Atmel/Studio/7.0/Packs/Atmel/AVR-Dx_DFP/2.6.303/gcc/dev/avr64dd32/avrxmega2\libavr64dd32.a(ccp_write.o)

.debug_abbrev   0x00000000     0x3a6e
 *(.debug_abbrev)
 .debug_abbrev  0x00000000     0x20ce C:/Program Files (x86)/Atmel/Studio/7.0/Packs/Atmel/AVR-Dx_DFP/2.6.303/gcc/dev/avr64dd32/avrxmega2/crtavr64dd32.o
 .debug_abbrev  0x000020ce      0x161 ADC.o
 .debug_abbrev  0x0000222f      0x12e BMP390.o
 .debug_abbrev  0x0000235d       0xe5 CLK.o
 .debug_abbrev  0x00002442      0x1f1 Communications.o
 .debug_abbrev  0x00002633      0x127 CRC.o
 .debug_abbrev  0x0000275a      0x166 ElAndAzComp.o
 .debug_abbrev  0x000028c0       0xbc GPIO.o
 .debug_abbrev  0x0000297c      0x1e1 i2c.o
 .debug_abbrev  0x00002b5d      0x1b5 Keypad3x4.o
 .debug_abbrev  0x00002d12      0x165 main.o
 .debug_abbrev  0x00002e77      0x279 SHT45.o
 .debug_abbrev  0x000030f0      0x1ca SSD1306.o
 .debug_abbrev  0x000032ba      0x292 USART.o
 .debug_abbrev  0x0000354c      0x17f Wind.o
 .debug_abbrev  0x000036cb      0x38f Windows.o
 .debug_abbrev  0x00003a5a       0x14 C:/Program Files (x86)/Atmel/Studio/7.0/Packs/Atmel/AVR-Dx_DFP/2.6.303/gcc/dev/avr64dd32/avrxmega2\libavr64dd32.a(ccp_write.o)

.debug_line     0x00000000     0x33e7
 *(.debug_line .debug_line.* .debug_line_end)
 .debug_line    0x00000000      0x16f C:/Program Files (x86)/Atmel/Studio/7.0/Packs/Atmel/AVR-Dx_DFP/2.6.303/gcc/dev/avr64dd32/avrxmega2/crtavr64dd32.o
 .debug_line    0x0000016f      0x197 ADC.o
 .debug_line    0x00000306      0x33c BMP390.o
 .debug_line    0x00000642      0x181 CLK.o
 .debug_line    0x000007c3      0x349 Communications.o
 .debug_line    0x00000b0c      0x1e5 CRC.o
 .debug_line    0x00000cf1      0x1be ElAndAzComp.o
 .debug_line    0x00000eaf      0x1a1 GPIO.o
 .debug_line    0x00001050      0x33e i2c.o
 .debug_line    0x0000138e      0x2e3 Keypad3x4.o
 .debug_line    0x00001671      0x311 main.o
 .debug_line    0x00001982      0x32e SHT45.o
 .debug_line    0x00001cb0      0x4ca SSD1306.o
 .debug_line    0x0000217a      0x345 USART.o
 .debug_line    0x000024bf      0x293 Wind.o
 .debug_line    0x00002752      0xc2e Windows.o
 .debug_line    0x00003380       0x67 C:/Program Files (x86)/Atmel/Studio/7.0/Packs/Atmel/AVR-Dx_DFP/2.6.303/gcc/dev/avr64dd32/avrxmega2\libavr64dd32.a(ccp_write.o)

.debug_frame    0x00000000     0x1328
 *(.debug_frame)
 .debug_frame   0x00000000       0x64 ADC.o
 .debug_frame   0x00000064      0x1cc BMP390.o
 .debug_frame   0x00000230       0x24 CLK.o
 .debug_frame   0x00000254      0x148 Communications.o
 .debug_frame   0x0000039c       0x64 CRC.o
 .debug_frame   0x00000400       0x9c ElAndAzComp.o
 .debug_frame   0x0000049c       0x24 GPIO.o
 .debug_frame   0x000004c0      0x104 i2c.o
 .debug_frame   0x000005c4       0x5c Keypad3x4.o
 .debug_frame   0x00000620       0x34 main.o
 .debug_frame   0x00000654       0x9c SHT45.o
 .debug_frame   0x000006f0      0x184 SSD1306.o
 .debug_frame   0x00000874       0xf4 USART.o
 .debug_frame   0x00000968       0x74 Wind.o
 .debug_frame   0x000009dc      0x94c Windows.o

.debug_str      0x00000000     0x2da1
 *(.debug_str)
 .debug_str     0x00000000      0xefb C:/Program Files (x86)/Atmel/Studio/7.0/Packs/Atmel/AVR-Dx_DFP/2.6.303/gcc/dev/avr64dd32/avrxmega2/crtavr64dd32.o
 .debug_str     0x00000efb      0x797 ADC.o
                                0x7f9 (size before relaxing)
 .debug_str     0x00001692      0x1b2 BMP390.o
                                0x3c6 (size before relaxing)
 .debug_str     0x00001844      0x213 CLK.o
                                0x406 (size before relaxing)
 .debug_str     0x00001a57      0x195 Communications.o
                                0x390 (size before relaxing)
 .debug_str     0x00001bec       0xaf CRC.o
                                0x2d7 (size before relaxing)
 .debug_str     0x00001c9b       0xbd ElAndAzComp.o
                                0x416 (size before relaxing)
 .debug_str     0x00001d58      0x330 GPIO.o
                                0x515 (size before relaxing)
 .debug_str     0x00002088      0x29b i2c.o
                                0x4b9 (size before relaxing)
 .debug_str     0x00002323       0xaf Keypad3x4.o
                                0x373 (size before relaxing)
 .debug_str     0x000023d2       0xbe main.o
                                0x631 (size before relaxing)
 .debug_str     0x00002490       0x4d SHT45.o
                                0x404 (size before relaxing)
 .debug_str     0x000024dd      0x1ca SSD1306.o
                                0x403 (size before relaxing)
 .debug_str     0x000026a7      0x340 USART.o
                                0x670 (size before relaxing)
 .debug_str     0x000029e7       0x73 Wind.o
                                0x2fc (size before relaxing)
 .debug_str     0x00002a5a      0x347 Windows.o
                                0x9c3 (size before relaxing)

.debug_loc      0x00000000     0x5925
 *(.debug_loc)
 .debug_loc     0x00000000       0x2d ADC.o
 .debug_loc     0x0000002d      0xc7e BMP390.o
 .debug_loc     0x00000cab      0x579 Communications.o
 .debug_loc     0x00001224      0x19b CRC.o
 .debug_loc     0x000013bf      0x27c ElAndAzComp.o
 .debug_loc     0x0000163b      0x62f i2c.o
 .debug_loc     0x00001c6a      0x198 Keypad3x4.o
 .debug_loc     0x00001e02       0x47 main.o
 .debug_loc     0x00001e49      0x4d1 SHT45.o
 .debug_loc     0x0000231a      0x74c SSD1306.o
 .debug_loc     0x00002a66      0x282 USART.o
 .debug_loc     0x00002ce8      0x23a Wind.o
 .debug_loc     0x00002f22     0x2a03 Windows.o

.debug_macinfo
 *(.debug_macinfo)

.debug_weaknames
 *(.debug_weaknames)

.debug_funcnames
 *(.debug_funcnames)

.debug_typenames
 *(.debug_typenames)

.debug_varnames
 *(.debug_varnames)

.debug_pubtypes
 *(.debug_pubtypes)

.debug_ranges   0x00000000      0x480
 *(.debug_ranges)
 .debug_ranges  0x00000000       0x30 ADC.o
 .debug_ranges  0x00000030       0x50 BMP390.o
 .debug_ranges  0x00000080       0x10 CLK.o
 .debug_ranges  0x00000090       0x48 Communications.o
 .debug_ranges  0x000000d8       0x30 CRC.o
 .debug_ranges  0x00000108       0x20 ElAndAzComp.o
 .debug_ranges  0x00000128       0x10 GPIO.o
 .debug_ranges  0x00000138       0x58 i2c.o
 .debug_ranges  0x00000190       0x20 Keypad3x4.o
 .debug_ranges  0x000001b0       0x10 main.o
 .debug_ranges  0x000001c0       0x60 SHT45.o
 .debug_ranges  0x00000220       0x68 SSD1306.o
 .debug_ranges  0x00000288       0x58 USART.o
 .debug_ranges  0x000002e0       0x88 Wind.o
 .debug_ranges  0x00000368      0x118 Windows.o

.debug_macro
 *(.debug_macro)
OUTPUT(AVR64DD32-SUNFLOWER-WEATHER-STATION.elf elf32-avr)
LOAD linker stubs
