Archive member included to satisfy reference by file (symbol)

c:/program files (x86)/atmel/studio/7.0/toolchain/avr8/avr8-gnu-toolchain/bin/../lib/gcc/avr/5.4.0/../../../../avr/lib/avrxmega2\libm.a(addsf3.o)
                              Altitude.o (__subsf3)
c:/program files (x86)/atmel/studio/7.0/toolchain/avr8/avr8-gnu-toolchain/bin/../lib/gcc/avr/5.4.0/../../../../avr/lib/avrxmega2\libm.a(addsf3x.o)
                              c:/program files (x86)/atmel/studio/7.0/toolchain/avr8/avr8-gnu-toolchain/bin/../lib/gcc/avr/5.4.0/../../../../avr/lib/avrxmega2\libm.a(addsf3.o) (__addsf3x)
c:/program files (x86)/atmel/studio/7.0/toolchain/avr8/avr8-gnu-toolchain/bin/../lib/gcc/avr/5.4.0/../../../../avr/lib/avrxmega2\libm.a(cmpsf2.o)
                              Communications.o (__ltsf2)
c:/program files (x86)/atmel/studio/7.0/toolchain/avr8/avr8-gnu-toolchain/bin/../lib/gcc/avr/5.4.0/../../../../avr/lib/avrxmega2\libm.a(divsf3.o)
                              Altitude.o (__divsf3)
c:/program files (x86)/atmel/studio/7.0/toolchain/avr8/avr8-gnu-toolchain/bin/../lib/gcc/avr/5.4.0/../../../../avr/lib/avrxmega2\libm.a(divsf3x.o)
                              c:/program files (x86)/atmel/studio/7.0/toolchain/avr8/avr8-gnu-toolchain/bin/../lib/gcc/avr/5.4.0/../../../../avr/lib/avrxmega2\libm.a(divsf3.o) (__divsf3x)
c:/program files (x86)/atmel/studio/7.0/toolchain/avr8/avr8-gnu-toolchain/bin/../lib/gcc/avr/5.4.0/../../../../avr/lib/avrxmega2\libm.a(exp.o)
                              Altitude.o (exp)
c:/program files (x86)/atmel/studio/7.0/toolchain/avr8/avr8-gnu-toolchain/bin/../lib/gcc/avr/5.4.0/../../../../avr/lib/avrxmega2\libm.a(fixunssfsi.o)
                              ElAndAzComp.o (__fixunssfsi)
c:/program files (x86)/atmel/studio/7.0/toolchain/avr8/avr8-gnu-toolchain/bin/../lib/gcc/avr/5.4.0/../../../../avr/lib/avrxmega2\libm.a(floatdisf.o)
                              BMP390.o (__floatdisf)
c:/program files (x86)/atmel/studio/7.0/toolchain/avr8/avr8-gnu-toolchain/bin/../lib/gcc/avr/5.4.0/../../../../avr/lib/avrxmega2\libm.a(floatsisf.o)
                              ElAndAzComp.o (__floatunsisf)
c:/program files (x86)/atmel/studio/7.0/toolchain/avr8/avr8-gnu-toolchain/bin/../lib/gcc/avr/5.4.0/../../../../avr/lib/avrxmega2\libm.a(floatundisf.o)
                              c:/program files (x86)/atmel/studio/7.0/toolchain/avr8/avr8-gnu-toolchain/bin/../lib/gcc/avr/5.4.0/../../../../avr/lib/avrxmega2\libm.a(floatdisf.o) (__fp_di2sf)
c:/program files (x86)/atmel/studio/7.0/toolchain/avr8/avr8-gnu-toolchain/bin/../lib/gcc/avr/5.4.0/../../../../avr/lib/avrxmega2\libm.a(fp_cmp.o)
                              c:/program files (x86)/atmel/studio/7.0/toolchain/avr8/avr8-gnu-toolchain/bin/../lib/gcc/avr/5.4.0/../../../../avr/lib/avrxmega2\libm.a(cmpsf2.o) (__fp_cmp)
c:/program files (x86)/atmel/studio/7.0/toolchain/avr8/avr8-gnu-toolchain/bin/../lib/gcc/avr/5.4.0/../../../../avr/lib/avrxmega2\libm.a(fp_inf.o)
                              c:/program files (x86)/atmel/studio/7.0/toolchain/avr8/avr8-gnu-toolchain/bin/../lib/gcc/avr/5.4.0/../../../../avr/lib/avrxmega2\libm.a(addsf3x.o) (__fp_inf)
c:/program files (x86)/atmel/studio/7.0/toolchain/avr8/avr8-gnu-toolchain/bin/../lib/gcc/avr/5.4.0/../../../../avr/lib/avrxmega2\libm.a(fp_nan.o)
                              c:/program files (x86)/atmel/studio/7.0/toolchain/avr8/avr8-gnu-toolchain/bin/../lib/gcc/avr/5.4.0/../../../../avr/lib/avrxmega2\libm.a(addsf3x.o) (__fp_nan)
c:/program files (x86)/atmel/studio/7.0/toolchain/avr8/avr8-gnu-toolchain/bin/../lib/gcc/avr/5.4.0/../../../../avr/lib/avrxmega2\libm.a(fp_negdi.o)
                              c:/program files (x86)/atmel/studio/7.0/toolchain/avr8/avr8-gnu-toolchain/bin/../lib/gcc/avr/5.4.0/../../../../avr/lib/avrxmega2\libm.a(floatdisf.o) (__fp_negdi)
c:/program files (x86)/atmel/studio/7.0/toolchain/avr8/avr8-gnu-toolchain/bin/../lib/gcc/avr/5.4.0/../../../../avr/lib/avrxmega2\libm.a(fp_powser.o)
                              c:/program files (x86)/atmel/studio/7.0/toolchain/avr8/avr8-gnu-toolchain/bin/../lib/gcc/avr/5.4.0/../../../../avr/lib/avrxmega2\libm.a(exp.o) (__fp_powser)
c:/program files (x86)/atmel/studio/7.0/toolchain/avr8/avr8-gnu-toolchain/bin/../lib/gcc/avr/5.4.0/../../../../avr/lib/avrxmega2\libm.a(fp_pscA.o)
                              c:/program files (x86)/atmel/studio/7.0/toolchain/avr8/avr8-gnu-toolchain/bin/../lib/gcc/avr/5.4.0/../../../../avr/lib/avrxmega2\libm.a(addsf3x.o) (__fp_pscA)
c:/program files (x86)/atmel/studio/7.0/toolchain/avr8/avr8-gnu-toolchain/bin/../lib/gcc/avr/5.4.0/../../../../avr/lib/avrxmega2\libm.a(fp_pscB.o)
                              c:/program files (x86)/atmel/studio/7.0/toolchain/avr8/avr8-gnu-toolchain/bin/../lib/gcc/avr/5.4.0/../../../../avr/lib/avrxmega2\libm.a(addsf3x.o) (__fp_pscB)
c:/program files (x86)/atmel/studio/7.0/toolchain/avr8/avr8-gnu-toolchain/bin/../lib/gcc/avr/5.4.0/../../../../avr/lib/avrxmega2\libm.a(fp_round.o)
[...]
Memory Configuration

Name             Origin             Length             Attributes
text             0x00000000         0x00010000         xr
data             0x00806000         0x00002000         rw !x
eeprom           0x00810000         0x00000100         rw !x
fuse             0x00820000         0x00000010         rw !x
lock             0x00830000         0x00000400         rw !x
signature        0x00840000         0x00000400         rw !x
user_signatures  0x00850000         0x00000400         rw !x
*default*        0x00000000         0xffffffff

Linker script and memory map

Address of section .data set to 0x806000
                0x00008000                __RODATA_PM_OFFSET__ = 0x8000
LOAD C:/Program Files (x86)/Atmel/Studio/7.0/Packs/Atmel/AVR-Dx_DFP/2.6.303/gcc/dev/avr64dd32/avrxmega2/crtavr64dd32.o
LOAD ADC.o
LOAD Altitude.o
LOAD BMP390.o
LOAD CLK.o
LOAD Communications.o
LOAD CRC.o
LOAD ElAndAzComp.o
LOAD GPIO.o
LOAD i2c.o
LOAD Keypad3x4.o
LOAD main.o
LOAD SHT45.o
LOAD ST7567S.o
LOAD USART.o
LOAD Wind.o
LOAD Windows.o
START GROUP
LOAD c:/program files (x86)/atmel/studio/7.0/toolchain/avr8/avr8-gnu-toolchain/bin/../lib/gcc/avr/5.4.0/../../../../avr/lib/avrxmega2\libm.a
END GROUP
LOAD c:/program files (x86)/atmel/studio/7.0/toolchain/avr8/avr8-gnu-toolchain/bin/../lib/gcc/avr/5.4.0/../../../../avr/lib/avrxmega2\libprintf_flt.a
START GROUP
LOAD c:/program files (x86)/atmel/studio/7.0/toolchain/avr8/avr8-gnu-toolchain/bin/../lib/gcc/avr/5.4.0/avrxmega2\libgcc.a
LOAD c:/program files (x86)/atmel/studio/7.0/toolchain/avr8/avr8-gnu-toolchain/bin/../lib/gcc/avr/5.4.0/../../../../avr/lib/avrxmega2\libm.a
LOAD c:/program files (x86)/atmel/studio/7.0/toolchain/avr8/avr8-gnu-toolchain/bin/../lib/gcc/avr/5.4.0/../../../../avr/lib/avrxmega2\libc.a
LOAD C:/Program Files (x86)/Atmel/Studio/7.0/Packs/Atmel/AVR-Dx_DFP/2.6.303/gcc/dev/avr64dd32/avrxmega2\libavr64dd32.a
END GROUP
                [0x00000000]                __TEXT_REGION_ORIGIN__ = DEFINED (__TEXT_REGION_ORIGIN__)?__TEXT_REGION_ORIGIN__:0x0
                [0x00806000]                __DATA_REGION_ORIGIN__ = DEFINED (__DATA_REGION_ORIGIN__)?__DATA_REGION_ORIGIN__:0x802000
                [0x00010000]                __TEXT_REGION_LENGTH__ = DEFINED (__TEXT_REGION_LENGTH__)?__TEXT_REGION_LENGTH__:0x100000
                [0x00002000]                __DATA_REGION_LENGTH__ = DEFINED (__DATA_REGION_LENGTH__)?__DATA_REGION_LENGTH__:0xffa0
                [0x00000100]                __EEPROM_REGION_LENGTH__ = DEFINED (__EEPROM_REGION_LENGTH__)?__EEPROM_REGION_LENGTH__:0x10000
                [0x00000010]                __FUSE_REGION_LENGTH__ = DEFINED (__FUSE_REGION_LENGTH__)?__FUSE_REGION_LENGTH__:0x400
                0x00000400                __LOCK_REGION_LENGTH__ = DEFINED (__LOCK_REGION_LENGTH__)?__LOCK_REGION_LENGTH__:0x400
                0x00000400                __SIGNATURE_REGION_LENGTH__ = DEFINED (__SIGNATURE_REGION_LENGTH__)?__SIGNATURE_REGION_LENGTH__:0x400
                0x00000400                __USER_SIGNATURE_REGION_LENGTH__ = DEFINED (__USER_SIGNATURE_REGION_LENGTH__)?__USER_SIGNATURE_REGION_LENGTH__:0x400

.hash
 *(.hash)

.dynsym
 *(.dynsym)

.dynstr
 *(.dynstr)

.gnu.version
 *(.gnu.version)

.gnu.version_d
 *(.gnu.version_d)

.gnu.version_r
 *(.gnu.version_r)

.rel.init
 *(.rel.init)

.rela.init
 *(.rela.init)

.rel.text
 *(.rel.text)
 *(.rel.text.*)
 *(.rel.gnu.linkonce.t*)

.rela.text
 *(.rela.text)
 *(.rela.text.*)
 *(.rela.gnu.linkonce.t*)

.rel.fini
 *(.rel.fini)

.rela.fini
 *(.rela.fini)

.rel.rodata
 *(.rel.rodata)
 *(.rel.rodata.*)
 *(.rel.gnu.linkonce.r*)

.rela.rodata
 *(.rela.rodata)
 *(.rela.rodata.*)
 *(.rela.gnu.linkonce.r*)

.rel.data
 *(.rel.data)
 *(.rel.data.*)
 *(.rel.gnu.linkonce.d*)

.rela.data
 *(.rela.data)
 *(.rela.data.*)
 *(.rela.gnu.linkonce.d*)

.rel.ctors
 *(.rel.ctors)

.rela.ctors
 *(.rela.ctors)

.rel.dtors
 *(.rel.dtors)

.rela.dtors
 *(.rela.dtors)

.rel.got
 *(.rel.got)

.rela.got
 *(.rela.got)

.rel.bss
 *(.rel.bss)

.rela.bss
 *(.rela.bss)

.rel.plt
 *(.rel.plt)

.rela.plt
 *(.rela.plt)

.text           0x00000000     0x5994
 *(.vectors)
 .vectors       0x00000000       0x90 C:/Program Files (x86)/Atmel/Studio/7.0/Packs/Atmel/AVR-Dx_DFP/2.6.303/gcc/dev/avr64dd32/avrxmega2/crtavr64dd32.o
                0x00000000                __vector_default
                0x00000000                __vectors
 *(.vectors)
 *(.progmem.gcc*)
 .progmem.gcc_sw_table.WindDirNames
                0x00000090        0xe Wind.o
 .progmem.gcc_sw_table.extractDigitFromTime
                0x0000009e       0x1c Windows.o
 .progmem.gcc_fplib
                0x000000ba       0x28 c:/program files (x86)/atmel/studio/7.0/toolchain/avr8/avr8-gnu-toolchain/bin/../lib/gcc/avr/5.4.0/../../../../avr/lib/avrxmega2\libm.a(exp.o)
 .progmem.gcc_fplib
                0x000000e2       0x5a c:/program files (x86)/atmel/studio/7.0/toolchain/avr8/avr8-gnu-toolchain/bin/../lib/gcc/avr/5.4.0/../../../../avr/lib/avrxmega2\libm.a(log.o)
 .progmem.gcc_fplib
                0x0000013c       0x23 c:/program files (x86)/atmel/studio/7.0/toolchain/avr8/avr8-gnu-toolchain/bin/../lib/gcc/avr/5.4.0/../../../../avr/lib/avrxmega2\libm.a(tan.o)
                0x00000160                . = ALIGN (0x2)
 *fill*         0x0000015f        0x1 
                0x00000160                __trampolines_start = .
 *(.trampolines)
 .trampolines   0x00000160        0x0 linker stubs
 *(.trampolines*)
                0x00000160                __trampolines_end = .
 *libprintf_flt.a:*(.progmem.data)
 .progmem.data  0x00000160        0x8 c:/program files (x86)/atmel/studio/7.0/toolchain/avr8/avr8-gnu-toolchain/bin/../lib/gcc/avr/5.4.0/../../../../avr/lib/avrxmega2\libprintf_flt.a(vfprintf_flt.o)
 *libc.a:*(.progmem.data)
 .progmem.data  0x00000168       0xfa c:/program files (x86)/atmel/studio/7.0/toolchain/avr8/avr8-gnu-toolchain/bin/../lib/gcc/avr/5.4.0/../../../../avr/lib/avrxmega2\libc.a(ftoa_engine.o)
 .progmem.data  0x00000262        0xc c:/program files (x86)/atmel/studio/7.0/toolchain/avr8/avr8-gnu-toolchain/bin/../lib/gcc/avr/5.4.0/../../../../avr/lib/avrxmega2\libc.a(vfscanf_std.o)
 .progmem.data  0x0000026e       0x3b c:/program files (x86)/atmel/studio/7.0/toolchain/avr8/avr8-gnu-toolchain/bin/../lib/gcc/avr/5.4.0/../../../../avr/lib/avrxmega2\libc.a(strtod.o)
 *(.progmem*)
                0x000002aa                . = ALIGN (0x2)
 *fill*         0x000002a9        0x1 
 *(.jumptables)
 *(.jumptables*)
 *(.lowtext)
 *(.lowtext*)
                0x000002aa                __ctors_start = .
 *(.ctors)
                0x000002aa                __ctors_end = .
                0x000002aa                __dtors_start = .
 *(.dtors)
                0x000002aa                __dtors_end = .
 SORT(*)(.ctors)
 SORT(*)(.dtors)
 *(.init0)
 .init0         0x000002aa        0x0 C:/Program Files (x86)/Atmel/Studio/7.0/Packs/Atmel/AVR-Dx_DFP/2.6.303/gcc/dev/avr64dd32/avrxmega2/crtavr64dd32.o
                0x000002aa                __init
 *(.init0)
 *(.init1)
 *(.init1)
 *(.init2)
 .init2         0x000002aa        0xc C:/Program Files (x86)/Atmel/Studio/7.0/Packs/Atmel/AVR-Dx_DFP/2.6.303/gcc/dev/avr64dd32/avrxmega2/crtavr64dd32.o
 *(.init2)
 *(.init3)
 *(.init3)
 *(.init4)
 .init4         0x000002b6       0x16 c:/program files (x86)/atmel/studio/7.0/toolchain/avr8/avr8-gnu-toolchain/bin/../lib/gcc/avr/5.4.0/avrxmega2\libgcc.a(_copy_data.o)
                0x000002b6                __do_copy_data
 .init4         0x000002cc       0x10 c:/program files (x86)/atmel/studio/7.0/toolchain/avr8/avr8-gnu-toolchain/bin/../lib/gcc/avr/5.4.0/avrxmega2\libgcc.a(_clear_bss.o)
                0x000002cc                __do_clear_bss
 *(.init4)
 *(.init5)
 *(.init5)
 *(.init6)
 *(.init6)
 *(.init7)
 *(.init7)
 *(.init8)
 *(.init8)
 *(.init9)
 .init9         0x000002dc        0x8 C:/Program Files (x86)/Atmel/Studio/7.0/Packs/Atmel/AVR-Dx_DFP/2.6.303/gcc/dev/avr64dd32/avrxmega2/crtavr64dd32.o
 *(.init9)
 *(.text)
 .text          0x000002e4        0x4 C:/Program Files (x86)/Atmel/Studio/7.0/Packs/Atmel/AVR-Dx_DFP/2.6.303/gcc/dev/avr64dd32/avrxmega2/crtavr64dd32.o
                0x000002e4                __vector_22
                0x000002e4                __vector_28
                0x000002e4                __vector_1
                0x000002e4                __vector_32
                0x000002e4                __vector_34
                0x000002e4                __vector_24
                0x000002e4                __vector_12
                0x000002e4                __bad_interrupt
                0x000002e4                __vector_6
                0x000002e4                __vector_31
                0x000002e4                __vector_35
                0x000002e4                __vector_3
                0x000002e4                __vector_23
                0x000002e4                __vector_30
                0x000002e4                __vector_25
                0x000002e4                __vector_11
                0x000002e4                __vector_13
                0x000002e4                __vector_17
                0x000002e4                __vector_19
                0x000002e4                __vector_7
                0x000002e4                __vector_27
                0x000002e4                __vector_5
                0x000002e4                __vector_33
                0x000002e4                __vector_4
                0x000002e4                __vector_9
                0x000002e4                __vector_2
                0x000002e4                __vector_21
                0x000002e4                __vector_15
                0x000002e4                __vector_29
                0x000002e4                __vector_8
                0x000002e4                __vector_26
                0x000002e4                __vector_14
                0x000002e4                __vector_10
                0x000002e4                __vector_16
                0x000002e4                __vector_18
                0x000002e4                __vector_20
                0x000002e8                . = ALIGN (0x2)
 *(.text.*)
 .text.ADC0_init
                0x000002e8       0x10 ADC.o
                0x000002e8                ADC0_init
 .text.ADC0_SetupWS
                0x000002f8        0xe ADC.o
                0x000002f8                ADC0_SetupWS
 .text.ADC0_SetupWD
                0x00000306        0xe ADC.o
                0x00000306                ADC0_SetupWD
 .text.ADC0_SetupSLS
                0x00000314        0xc ADC.o
                0x00000314                ADC0_SetupSLS
 .text.ADC0_read
                0x00000320       0x28 ADC.o
                0x00000320                ADC0_read
 .text.calculate_adjusted_elevation
                0x00000348      0x11a Altitude.o
                0x00000348                calculate_adjusted_elevation
 .text.AltitudeAverage
                0x00000462       0x96 Altitude.o
                0x00000462                AltitudeAverage
 .text.ReadBMP280Calibration
                0x000004f8      0x368 BMP390.o
                0x000004f8                ReadBMP280Calibration
 .text.WriteBMP280Config
                0x00000860       0x46 BMP390.o
                0x00000860                WriteBMP280Config
 .text.ReadBMP280Status
                0x000008a6       0x1e BMP390.o
                0x000008a6                ReadBMP280Status
 .text.ReadBMP280TP
                0x000008c4       0x56 BMP390.o
                0x000008c4                ReadBMP280TP
 .text.CalcTrueTemp
                0x0000091a      0x158 BMP390.o
                0x0000091a                CalcTrueTemp
 .text.CalcTruePres
                0x00000a72      0x448 BMP390.o
                0x00000a72                CalcTruePres
 .text.CLOCK_XOSCHF_crystal_init
                0x00000eba       0x3e CLK.o
                0x00000eba                CLOCK_XOSCHF_crystal_init
 .text.executeCommand
                0x00000ef8      0x10c Communications.o
                0x00000ef8                executeCommand
 .text.ClockAndDataReader
                0x00001004       0xa4 Communications.o
                0x00001004                ClockAndDataReader
 .text.isLeapYear
                0x000010a8       0x6e Communications.o
                0x000010a8                isLeapYear
 .text.isValidDateTime
                0x00001116       0xca Communications.o
                0x00001116                isValidDateTime
 .text.isValidTimeZone
                0x000011e0        0xe Communications.o
                0x000011e0                isValidTimeZone
 .text.isValidAltitude
                0x000011ee       0x12 Communications.o
                0x000011ee                isValidAltitude
 .text.isValidLatitude
                0x00001200       0x44 Communications.o
                0x00001200                isValidLatitude
 .text.isValidLongitude
                0x00001244       0x44 Communications.o
                0x00001244                isValidLongitude
 .text.Retransmitt
                0x00001288       0xc8 Communications.o
                0x00001288                Retransmitt
 .text.CRC8MAXIM
                0x00001350       0x64 CRC.o
                0x00001350                CRC8MAXIM
 .text.calculate_refraction
                0x000013b4      0x19a ElAndAzComp.o
                0x000013b4                calculate_refraction
 .text.correct_solar_angles
                0x0000154e       0x6c ElAndAzComp.o
                0x0000154e                correct_solar_angles
 .text.SunLevel
                0x000015ba       0x2c ElAndAzComp.o
                0x000015ba                SunLevel
 .text.GPIO_init
                0x000015e6       0xa4 GPIO.o
                0x000015e6                GPIO_init
 .text.I2C_init
                0x0000168a       0x14 i2c.o
                0x0000168a                I2C_init
 .text.TransmitAdd
                0x0000169e       0x54 i2c.o
                0x0000169e                TransmitAdd
 .text.TransmitByte
                0x000016f2       0x56 i2c.o
                0x000016f2                TransmitByte
 .text.ReadByteInf
                0x00001748       0x44 i2c.o
                0x00001748                ReadByteInf
 .text.ReadReg  0x0000178c       0x56 i2c.o
                0x0000178c                ReadReg
 .text.WriteToReg
                0x000017e2       0x32 i2c.o
                0x000017e2                WriteToReg
 .text.ReadMulti
                0x00001814      0x15a i2c.o
                0x00001814                ReadMulti
 .text.scan_keypad
                0x0000196e       0x9a Keypad3x4.o
                0x0000196e                scan_keypad
 .text.keypad   0x00001a08       0x6e Keypad3x4.o
                0x00001a08                keypad
 .text.main     0x00001a76       0xe8 main.o
                0x00001a76                main
 .text.SHT21_Settings_Write
                0x00001b5e       0x28 SHT45.o
                0x00001b5e                SHT21_Settings_Write
 .text.SHT21_Read
                0x00001b86      0x1d4 SHT45.o
                0x00001b86                SHT21_Read
 .text.Separator
                0x00001d5a       0x96 SHT45.o
                0x00001d5a                Separator
 .text.screen_command
                0x00001df0        0xc ST7567S.o
                0x00001df0                screen_command
 .text.screen_data
                0x00001dfc        0xc ST7567S.o
                0x00001dfc                screen_data
 .text.screen_init
                0x00001e08       0x26 ST7567S.o
                0x00001e08                screen_init
 .text.screen_draw_char
                0x00001e2e       0x68 ST7567S.o
                0x00001e2e                screen_draw_char
 .text.screen_contrast
                0x00001e96       0x1a ST7567S.o
                0x00001e96                screen_contrast
 .text.screen_clear
                0x00001eb0       0x50 ST7567S.o
                0x00001eb0                screen_clear
 .text.screen_draw_text
                0x00001f00       0x3e ST7567S.o
                0x00001f00                screen_draw_text
 .text.screen_write_text
                0x00001f3e       0x4e ST7567S.o
                0x00001f3e                screen_write_text
 .text.calculate_start_pixel
                0x00001f8c       0x4a ST7567S.o
                0x00001f8c                calculate_start_pixel
 .text.screen_write_text_aligned
                0x00001fd6       0x22 ST7567S.o
                0x00001fd6                screen_write_text_aligned
 .text.screen_write_formatted_text
                0x00001ff8       0x3c ST7567S.o
                0x00001ff8                screen_write_formatted_text
 .text.USART0_init
                0x00002034       0x16 USART.o
                0x00002034                USART0_init
 .text.USART0_sendChar
                0x0000204a        0xe USART.o
                0x0000204a                USART0_sendChar
 .text.USART0_sendString
                0x00002058       0x3c USART.o
                0x00002058                USART0_sendString
 .text.USART1_init
                0x00002094       0x16 USART.o
                0x00002094                USART1_init
 .text.USART1_sendChar
                0x000020aa        0xe USART.o
                0x000020aa                USART1_sendChar
 .text.USART1_sendString
                0x000020b8       0x3c USART.o
                0x000020b8                USART1_sendString
 .text.USART1_readChar
                0x000020f4       0x2e USART.o
                0x000020f4                USART1_readChar
 .text.USART_printf
                0x00002122       0x64 USART.o
                0x00002122                USART_printf
 .text.WindSpeed
                0x00002186       0x28 Wind.o
                0x00002186                WindSpeed
 .text.WindDirection
                0x000021ae       0x5e Wind.o
                0x000021ae                WindDirection
 .text.WindDirNames
                0x0000220c       0x4a Wind.o
                0x0000220c                WindDirNames
 .text.displayDateTimeAndLocation
                0x00002256      0x342 Windows.o
                0x00002256                displayDateTimeAndLocation
 .text.extractDigitFromTime
                0x00002598      0x164 Windows.o
                0x00002598                extractDigitFromTime
 .text.extractDigitFromTimeZone
                0x000026fc       0x5e Windows.o
                0x000026fc                extractDigitFromTimeZone
 .text.extractDigitFromAltitude
                0x0000275a       0xba Windows.o
                0x0000275a                extractDigitFromAltitude
 .text.extractDigitFromLocation
                0x00002814      0x15c Windows.o
                0x00002814                extractDigitFromLocation
 .text.DataExtraction
                0x00002970       0xaa Windows.o
                0x00002970                DataExtraction
 .text.calculateValue
                0x00002a1a       0xba Windows.o
                0x00002a1a                calculateValue
 .text.applySign
                0x00002ad4       0x12 Windows.o
                0x00002ad4                applySign
 .text.applySignDouble
                0x00002ae6       0x12 Windows.o
                0x00002ae6                applySignDouble
 .text.ValidateNewData
                0x00002af8      0x3ea Windows.o
                0x00002af8                ValidateNewData
 .text.parametersWOerror
                0x00002ee2      0x226 Windows.o
                0x00002ee2                parametersWOerror
 .text.parametersWerror
                0x00003108      0x31a Windows.o
                0x00003108                parametersWerror
 .text.backButton
                0x00003422       0x12 Windows.o
                0x00003422                backButton
 .text.ClockError
                0x00003434       0x1c Windows.o
                0x00003434                ClockError
 .text.DateAndLocationChangeWindow
                0x00003450       0xa6 Windows.o
                0x00003450                DateAndLocationChangeWindow
 .text.ParameterViewWindow
                0x000034f6       0x84 Windows.o
                0x000034f6                ParameterViewWindow
 .text.MainWindow
                0x0000357a      0x216 Windows.o
                0x0000357a                MainWindow
 .text.windows  0x00003790       0x1e Windows.o
                0x00003790                windows
 .text.avr-libc.fplib
                0x000037ae        0xe c:/program files (x86)/atmel/studio/7.0/toolchain/avr8/avr8-gnu-toolchain/bin/../lib/gcc/avr/5.4.0/../../../../avr/lib/avrxmega2\libm.a(addsf3.o)
                0x000037ae                __subsf3
                0x000037b0                __addsf3
 .text.avr-libc.fplib
                0x000037bc       0xcc c:/program files (x86)/atmel/studio/7.0/toolchain/avr8/avr8-gnu-toolchain/bin/../lib/gcc/avr/5.4.0/../../../../avr/lib/avrxmega2\libm.a(addsf3x.o)
                0x000037de                __addsf3x
 .text.avr-libc.fplib
                0x00003888        0xa c:/program files (x86)/atmel/studio/7.0/toolchain/avr8/avr8-gnu-toolchain/bin/../lib/gcc/avr/5.4.0/../../../../avr/lib/avrxmega2\libm.a(cmpsf2.o)
                0x00003888                __nesf2
                0x00003888                __eqsf2
                0x00003888                __cmpsf2
                0x00003888                __ltsf2
                0x00003888                __lesf2
 .text.avr-libc.fplib
                0x00003892        0x8 c:/program files (x86)/atmel/studio/7.0/toolchain/avr8/avr8-gnu-toolchain/bin/../lib/gcc/avr/5.4.0/../../../../avr/lib/avrxmega2\libm.a(divsf3.o)
                0x00003892                __divsf3
 .text.avr-libc.fplib
                0x0000389a       0xdc c:/program files (x86)/atmel/studio/7.0/toolchain/avr8/avr8-gnu-toolchain/bin/../lib/gcc/avr/5.4.0/../../../../avr/lib/avrxmega2\libm.a(divsf3x.o)
                0x000038ba                __divsf3x
                0x000038c0                __divsf3_pse
 .text.avr-libc.fplib
                0x00003976       0x74 c:/program files (x86)/atmel/studio/7.0/toolchain/avr8/avr8-gnu-toolchain/bin/../lib/gcc/avr/5.4.0/../../../../avr/lib/avrxmega2\libm.a(exp.o)
                0x00003986                exp
 .text.avr-libc.fplib
                0x000039ea       0x5e c:/program files (x86)/atmel/studio/7.0/toolchain/avr8/avr8-gnu-toolchain/bin/../lib/gcc/avr/5.4.0/../../../../avr/lib/avrxmega2\libm.a(fixunssfsi.o)
                0x000039ea                __fixunssfsi
 .text.avr-libc.fplib
                0x00003a48        0xc c:/program files (x86)/atmel/studio/7.0/toolchain/avr8/avr8-gnu-toolchain/bin/../lib/gcc/avr/5.4.0/../../../../avr/lib/avrxmega2\libm.a(floatdisf.o)
                0x00003a48                __floatdisf
 .text.avr-libc.fplib
                0x00003a54       0x7a c:/program files (x86)/atmel/studio/7.0/toolchain/avr8/avr8-gnu-toolchain/bin/../lib/gcc/avr/5.4.0/../../../../avr/lib/avrxmega2\libm.a(floatsisf.o)
                0x00003a54                __floatunsisf
                0x00003a58                __floatsisf
 .text.avr-libc.fplib
                0x00003ace       0x7c c:/program files (x86)/atmel/studio/7.0/toolchain/avr8/avr8-gnu-toolchain/bin/../lib/gcc/avr/5.4.0/../../../../avr/lib/avrxmega2\libm.a(floatundisf.o)
                0x00003ace                __floatundisf
                0x00003ad0                __fp_di2sf
 .text.avr-libc.fplib
                0x00003b4a       0x48 c:/program files (x86)/atmel/studio/7.0/toolchain/avr8/avr8-gnu-toolchain/bin/../lib/gcc/avr/5.4.0/../../../../avr/lib/avrxmega2\libm.a(fp_cmp.o)
                0x00003b4a                __fp_cmp
 .text.avr-libc.fplib
                0x00003b92        0xc c:/program files (x86)/atmel/studio/7.0/toolchain/avr8/avr8-gnu-toolchain/bin/../lib/gcc/avr/5.4.0/../../../../avr/lib/avrxmega2\libm.a(fp_inf.o)
                0x00003b92                __fp_inf
 .text.avr-libc.fplib
                0x00003b9e        0x6 c:/program files (x86)/atmel/studio/7.0/toolchain/avr8/avr8-gnu-toolchain/bin/../lib/gcc/avr/5.4.0/../../../../avr/lib/avrxmega2\libm.a(fp_nan.o)
                0x00003b9e                __fp_nan
 .text.avr-libc.fplib
                0x00003ba4       0x20 c:/program files (x86)/atmel/studio/7.0/toolchain/avr8/avr8-gnu-toolchain/bin/../lib/gcc/avr/5.4.0/../../../../avr/lib/avrxmega2\libm.a(fp_negdi.o)
                0x00003ba4                __fp_negdi
 .text.avr-libc.fplib
                0x00003bc4       0x4e c:/program files (x86)/atmel/studio/7.0/toolchain/avr8/avr8-gnu-toolchain/bin/../lib/gcc/avr/5.4.0/../../../../avr/lib/avrxmega2\libm.a(fp_powser.o)
                0x00003bc4                __fp_powser
 .text.avr-libc.fplib
                0x00003c12        0xe c:/program files (x86)/atmel/studio/7.0/toolchain/avr8/avr8-gnu-toolchain/bin/../lib/gcc/avr/5.4.0/../../../../avr/lib/avrxmega2\libm.a(fp_pscA.o)
                0x00003c12                __fp_pscA
 .text.avr-libc.fplib
                0x00003c20        0xe c:/program files (x86)/atmel/studio/7.0/toolchain/avr8/avr8-gnu-toolchain/bin/../lib/gcc/avr/5.4.0/../../../../avr/lib/avrxmega2\libm.a(fp_pscB.o)
                0x00003c20                __fp_pscB
 .text.avr-libc.fplib
                0x00003c2e       0x22 c:/program files (x86)/atmel/studio/7.0/toolchain/avr8/avr8-gnu-toolchain/bin/../lib/gcc/avr/5.4.0/../../../../avr/lib/avrxmega2\libm.a(fp_round.o)
                0x00003c2e                __fp_round
 .text.avr-libc.fplib
                0x00003c50       0x44 c:/program files (x86)/atmel/studio/7.0/toolchain/avr8/avr8-gnu-toolchain/bin/../lib/gcc/avr/5.4.0/../../../../avr/lib/avrxmega2\libm.a(fp_split3.o)
                0x00003c50                __fp_split3
                0x00003c60                __fp_splitA
 .text.avr-libc.fplib
                0x00003c94        0xe c:/program files (x86)/atmel/studio/7.0/toolchain/avr8/avr8-gnu-toolchain/bin/../lib/gcc/avr/5.4.0/../../../../avr/lib/avrxmega2\libm.a(fp_zero.o)
                0x00003c94                __fp_zero
                0x00003c96                __fp_szero
 .text.avr-libc.fplib
                0x00003ca2        0xa c:/program files (x86)/atmel/studio/7.0/toolchain/avr8/avr8-gnu-toolchain/bin/../lib/gcc/avr/5.4.0/../../../../avr/lib/avrxmega2\libm.a(gesf2.o)
                0x00003ca2                __gesf2
                0x00003ca2                __gtsf2
 .text.avr-libc.fplib
                0x00003cac       0x10 c:/program files (x86)/atmel/studio/7.0/toolchain/avr8/avr8-gnu-toolchain/bin/../lib/gcc/avr/5.4.0/../../../../avr/lib/avrxmega2\libm.a(inverse.o)
                0x00003cac                inverse
 .text.avr-libc.fplib
                0x00003cbc       0x74 c:/program files (x86)/atmel/studio/7.0/toolchain/avr8/avr8-gnu-toolchain/bin/../lib/gcc/avr/5.4.0/../../../../avr/lib/avrxmega2\libm.a(ldexp.o)
                0x00003cc4                ldexp
 .text.avr-libc.fplib
                0x00003d30       0xa0 c:/program files (x86)/atmel/studio/7.0/toolchain/avr8/avr8-gnu-toolchain/bin/../lib/gcc/avr/5.4.0/../../../../avr/lib/avrxmega2\libm.a(log.o)
                0x00003d40                log
 .text.avr-libc.fplib
                0x00003dd0       0x68 c:/program files (x86)/atmel/studio/7.0/toolchain/avr8/avr8-gnu-toolchain/bin/../lib/gcc/avr/5.4.0/../../../../avr/lib/avrxmega2\libm.a(modf.o)
                0x00003dd0                modf
                0x00003dd0                modff
 .text.avr-libc.fplib
                0x00003e38        0x8 c:/program files (x86)/atmel/studio/7.0/toolchain/avr8/avr8-gnu-toolchain/bin/../lib/gcc/avr/5.4.0/../../../../avr/lib/avrxmega2\libm.a(mulsf3.o)
                0x00003e38                __mulsf3
 .text.avr-libc.fplib
                0x00003e40       0xd2 c:/program files (x86)/atmel/studio/7.0/toolchain/avr8/avr8-gnu-toolchain/bin/../lib/gcc/avr/5.4.0/../../../../avr/lib/avrxmega2\libm.a(mulsf3x.o)
                0x00003e5e                __mulsf3x
                0x00003e64                __mulsf3_pse
 .text.avr-libc.fplib
                0x00003f12       0xa0 c:/program files (x86)/atmel/studio/7.0/toolchain/avr8/avr8-gnu-toolchain/bin/../lib/gcc/avr/5.4.0/../../../../avr/lib/avrxmega2\libm.a(pow.o)
                0x00003f12                pow
 .text.avr-libc.fplib
                0x00003fb2       0x48 c:/program files (x86)/atmel/studio/7.0/toolchain/avr8/avr8-gnu-toolchain/bin/../lib/gcc/avr/5.4.0/../../../../avr/lib/avrxmega2\libm.a(round.o)
                0x00003fb2                round
 .text.avr-libc.fplib
                0x00003ffa       0x4a c:/program files (x86)/atmel/studio/7.0/toolchain/avr8/avr8-gnu-toolchain/bin/../lib/gcc/avr/5.4.0/../../../../avr/lib/avrxmega2\libm.a(tan.o)
                0x00003ffa                tan
 .text.avr-libc.fplib
                0x00004044       0x36 c:/program files (x86)/atmel/studio/7.0/toolchain/avr8/avr8-gnu-toolchain/bin/../lib/gcc/avr/5.4.0/../../../../avr/lib/avrxmega2\libm.a(fp_mintl.o)
                0x00004044                __fp_mintl
 .text.avr-libc.fplib
                0x0000407a       0x1c c:/program files (x86)/atmel/studio/7.0/toolchain/avr8/avr8-gnu-toolchain/bin/../lib/gcc/avr/5.4.0/../../../../avr/lib/avrxmega2\libm.a(fp_mpack.o)
                0x0000407a                __fp_mpack
                0x0000407e                __fp_mpack_finite
 .text.avr-libc.fplib
                0x00004096       0x28 c:/program files (x86)/atmel/studio/7.0/toolchain/avr8/avr8-gnu-toolchain/bin/../lib/gcc/avr/5.4.0/../../../../avr/lib/avrxmega2\libm.a(fp_powsodd.o)
                0x00004096                __fp_powsodd
 .text.avr-libc.fplib
                0x000040be       0x56 c:/program files (x86)/atmel/studio/7.0/toolchain/avr8/avr8-gnu-toolchain/bin/../lib/gcc/avr/5.4.0/../../../../avr/lib/avrxmega2\libm.a(fp_rempio2.o)
                0x000040c2                __fp_rempio2
 .text.avr-libc
                0x00004114      0x6fa c:/program files (x86)/atmel/studio/7.0/toolchain/avr8/avr8-gnu-toolchain/bin/../lib/gcc/avr/5.4.0/../../../../avr/lib/avrxmega2\libprintf_flt.a(vfprintf_flt.o)
                0x00004114                vfprintf
 .text.libgcc.mul
                0x0000480e       0x20 c:/program files (x86)/atmel/studio/7.0/toolchain/avr8/avr8-gnu-toolchain/bin/../lib/gcc/avr/5.4.0/avrxmega2\libgcc.a(_mulsi3.o)
                0x0000480e                __mulsi3
 .text.libgcc.div
                0x0000482e       0x28 c:/program files (x86)/atmel/studio/7.0/toolchain/avr8/avr8-gnu-toolchain/bin/../lib/gcc/avr/5.4.0/avrxmega2\libgcc.a(_udivmodhi4.o)
                0x0000482e                __udivmodhi4
 .text.libgcc.div
                0x00004856       0x28 c:/program files (x86)/atmel/studio/7.0/toolchain/avr8/avr8-gnu-toolchain/bin/../lib/gcc/avr/5.4.0/avrxmega2\libgcc.a(_divmodhi4.o)
                0x00004856                _div
                0x00004856                __divmodhi4
 .text.libgcc.div
                0x0000487e       0x44 c:/program files (x86)/atmel/studio/7.0/toolchain/avr8/avr8-gnu-toolchain/bin/../lib/gcc/avr/5.4.0/avrxmega2\libgcc.a(_udivmodsi4.o)
                0x0000487e                __udivmodsi4
 .text.libgcc   0x000048c2        0xc c:/program files (x86)/atmel/studio/7.0/toolchain/avr8/avr8-gnu-toolchain/bin/../lib/gcc/avr/5.4.0/avrxmega2\libgcc.a(_tablejump2.o)
                0x000048c2                __tablejump2__
 .text.libgcc.mul
                0x000048ce       0x1e c:/program files (x86)/atmel/studio/7.0/toolchain/avr8/avr8-gnu-toolchain/bin/../lib/gcc/avr/5.4.0/avrxmega2\libgcc.a(_umulhisi3.o)
                0x000048ce                __umulhisi3
 .text.libgcc.mul
                0x000048ec       0x16 c:/program files (x86)/atmel/studio/7.0/toolchain/avr8/avr8-gnu-toolchain/bin/../lib/gcc/avr/5.4.0/avrxmega2\libgcc.a(_muluhisi3.o)
                0x000048ec                __muluhisi3
 .text.libgcc.mul
                0x00004902       0x10 c:/program files (x86)/atmel/studio/7.0/toolchain/avr8/avr8-gnu-toolchain/bin/../lib/gcc/avr/5.4.0/avrxmega2\libgcc.a(_mulshisi3.o)
                0x00004902                __mulshisi3
                0x00004908                __mulohisi3
 .text.libgcc.mul
                0x00004912       0xa0 c:/program files (x86)/atmel/studio/7.0/toolchain/avr8/avr8-gnu-toolchain/bin/../lib/gcc/avr/5.4.0/avrxmega2\libgcc.a(_muldi3.o)
                0x00004912                __muldi3
 .text.libgcc.mul
                0x000049b2       0x12 c:/program files (x86)/atmel/studio/7.0/toolchain/avr8/avr8-gnu-toolchain/bin/../lib/gcc/avr/5.4.0/avrxmega2\libgcc.a(_muldi3_6.o)
                0x000049b2                __muldi3_6
 .text.libgcc.div
                0x000049c4       0x62 c:/program files (x86)/atmel/studio/7.0/toolchain/avr8/avr8-gnu-toolchain/bin/../lib/gcc/avr/5.4.0/avrxmega2\libgcc.a(_divdi3.o)
                0x000049c4                __moddi3
                0x000049c8                __divdi3
                0x000049ca                __divdi3_moddi3
 .text.libgcc.div
                0x00004a26       0x1c c:/program files (x86)/atmel/studio/7.0/toolchain/avr8/avr8-gnu-toolchain/bin/../lib/gcc/avr/5.4.0/avrxmega2\libgcc.a(_udivdi3.o)
                0x00004a26                __umoddi3
                0x00004a2a                __udivdi3
                0x00004a2c                __udivdi3_umoddi3
 .text.libgcc.div
                0x00004a42       0xa2 c:/program files (x86)/atmel/studio/7.0/toolchain/avr8/avr8-gnu-toolchain/bin/../lib/gcc/avr/5.4.0/avrxmega2\libgcc.a(_udivmod64.o)
                0x00004a42                __udivmod64
 .text.libgcc   0x00004ae4       0x20 c:/program files (x86)/atmel/studio/7.0/toolchain/avr8/avr8-gnu-toolchain/bin/../lib/gcc/avr/5.4.0/avrxmega2\libgcc.a(_negdi2.o)
                0x00004ae4                __negdi2
 .text.libgcc.prologue
                0x00004b04       0x32 c:/program files (x86)/atmel/studio/7.0/toolchain/avr8/avr8-gnu-toolchain/bin/../lib/gcc/avr/5.4.0/avrxmega2\libgcc.a(_prologue.o)
                0x00004b04                __prologue_saves__
 .text.libgcc.prologue
                0x00004b36       0x30 c:/program files (x86)/atmel/studio/7.0/toolchain/avr8/avr8-gnu-toolchain/bin/../lib/gcc/avr/5.4.0/avrxmega2\libgcc.a(_epilogue.o)
                0x00004b36                __epilogue_restores__
 .text.libgcc.builtins
                0x00004b66       0x32 c:/program files (x86)/atmel/studio/7.0/toolchain/avr8/avr8-gnu-toolchain/bin/../lib/gcc/avr/5.4.0/avrxmega2\libgcc.a(_ashldi3.o)
                0x00004b66                __ashldi3
 .text.libgcc.builtins
                0x00004b98       0x3c c:/program files (x86)/atmel/studio/7.0/toolchain/avr8/avr8-gnu-toolchain/bin/../lib/gcc/avr/5.4.0/avrxmega2\libgcc.a(_ashrdi3.o)
                0x00004b98                __ashrdi3
                0x00004b9c                __lshrdi3
 .text.libgcc   0x00004bd4       0x12 c:/program files (x86)/atmel/studio/7.0/toolchain/avr8/avr8-gnu-toolchain/bin/../lib/gcc/avr/5.4.0/avrxmega2\libgcc.a(_adddi3.o)
                0x00004bd4                __adddi3
 .text.libgcc   0x00004be6       0x12 c:/program files (x86)/atmel/studio/7.0/toolchain/avr8/avr8-gnu-toolchain/bin/../lib/gcc/avr/5.4.0/avrxmega2\libgcc.a(_subdi3.o)
                0x00004be6                __subdi3
 .text.libgcc   0x00004bf8       0x18 c:/program files (x86)/atmel/studio/7.0/toolchain/avr8/avr8-gnu-toolchain/bin/../lib/gcc/avr/5.4.0/avrxmega2\libgcc.a(_cmpdi2_s8.o)
                0x00004bf8                __cmpdi2_s8
 .text.avr-libc
                0x00004c10        0x8 c:/program files (x86)/atmel/studio/7.0/toolchain/avr8/avr8-gnu-toolchain/bin/../lib/gcc/avr/5.4.0/../../../../avr/lib/avrxmega2\libc.a(atof.o)
                0x00004c10                atof
 .text.avr-libc
                0x00004c18       0x3c c:/program files (x86)/atmel/studio/7.0/toolchain/avr8/avr8-gnu-toolchain/bin/../lib/gcc/avr/5.4.0/../../../../avr/lib/avrxmega2\libc.a(atoi.o)
                0x00004c18                atoi
 .text.avr-libc
                0x00004c54      0x1b0 c:/program files (x86)/atmel/studio/7.0/toolchain/avr8/avr8-gnu-toolchain/bin/../lib/gcc/avr/5.4.0/../../../../avr/lib/avrxmega2\libc.a(ftoa_engine.o)
                0x00004c54                __ftoa_engine
 .text.avr-libc
                0x00004e04       0x16 c:/program files (x86)/atmel/studio/7.0/toolchain/avr8/avr8-gnu-toolchain/bin/../lib/gcc/avr/5.4.0/../../../../avr/lib/avrxmega2\libc.a(strnlen_P.o)
                0x00004e04                strnlen_P
 .text.avr-libc
                0x00004e1a        0xa c:/program files (x86)/atmel/studio/7.0/toolchain/avr8/avr8-gnu-toolchain/bin/../lib/gcc/avr/5.4.0/../../../../avr/lib/avrxmega2\libc.a(strtok.o)
                0x00004e1a                strtok
 .text.avr-libc
                0x00004e24       0x16 c:/program files (x86)/atmel/studio/7.0/toolchain/avr8/avr8-gnu-toolchain/bin/../lib/gcc/avr/5.4.0/../../../../avr/lib/avrxmega2\libc.a(strnlen.o)
                0x00004e24                strnlen
 .text.avr-libc
                0x00004e3a       0x4e c:/program files (x86)/atmel/studio/7.0/toolchain/avr8/avr8-gnu-toolchain/bin/../lib/gcc/avr/5.4.0/../../../../avr/lib/avrxmega2\libc.a(strtok_r.o)
                0x00004e3a                strtok_r
 .text.avr-libc
                0x00004e88       0x10 c:/program files (x86)/atmel/studio/7.0/toolchain/avr8/avr8-gnu-toolchain/bin/../lib/gcc/avr/5.4.0/../../../../avr/lib/avrxmega2\libc.a(mul10.o)
                0x00004e88                __mulhi_const_10
 .text.avr-libc
                0x00004e98       0x78 c:/program files (x86)/atmel/studio/7.0/toolchain/avr8/avr8-gnu-toolchain/bin/../lib/gcc/avr/5.4.0/../../../../avr/lib/avrxmega2\libc.a(fputc.o)
                0x00004e98                fputc
 .text.avr-libc
                0x00004f10       0x2c c:/program files (x86)/atmel/studio/7.0/toolchain/avr8/avr8-gnu-toolchain/bin/../lib/gcc/avr/5.4.0/../../../../avr/lib/avrxmega2\libc.a(printf.o)
                0x00004f10                printf
 .text.avr-libc
                0x00004f3c       0x32 c:/program files (x86)/atmel/studio/7.0/toolchain/avr8/avr8-gnu-toolchain/bin/../lib/gcc/avr/5.4.0/../../../../avr/lib/avrxmega2\libc.a(sscanf.o)
                0x00004f3c                sscanf
 .text.avr-libc
                0x00004f6e       0x58 c:/program files (x86)/atmel/studio/7.0/toolchain/avr8/avr8-gnu-toolchain/bin/../lib/gcc/avr/5.4.0/../../../../avr/lib/avrxmega2\libc.a(vsnprintf.o)
                0x00004f6e                vsnprintf
 .text.avr-libc
                0x00004fc6       0xbc c:/program files (x86)/atmel/studio/7.0/toolchain/avr8/avr8-gnu-toolchain/bin/../lib/gcc/avr/5.4.0/../../../../avr/lib/avrxmega2\libc.a(ultoa_invert.o)
                0x00004fc6                __ultoa_invert
 .text.avr-libc
                0x00005082      0x55a c:/program files (x86)/atmel/studio/7.0/toolchain/avr8/avr8-gnu-toolchain/bin/../lib/gcc/avr/5.4.0/../../../../avr/lib/avrxmega2\libc.a(vfscanf_std.o)
                0x000053ba                vfscanf
 .text.avr-libc
                0x000055dc      0x29c c:/program files (x86)/atmel/studio/7.0/toolchain/avr8/avr8-gnu-toolchain/bin/../lib/gcc/avr/5.4.0/../../../../avr/lib/avrxmega2\libc.a(strtod.o)
                0x000055dc                strtod
 .text.avr-libc
                0x00005878       0x12 c:/program files (x86)/atmel/studio/7.0/toolchain/avr8/avr8-gnu-toolchain/bin/../lib/gcc/avr/5.4.0/../../../../avr/lib/avrxmega2\libc.a(isspace.o)
                0x00005878                isspace
 .text.avr-libc
                0x0000588a       0x16 c:/program files (x86)/atmel/studio/7.0/toolchain/avr8/avr8-gnu-toolchain/bin/../lib/gcc/avr/5.4.0/../../../../avr/lib/avrxmega2\libc.a(strchr_P.o)
                0x0000588a                strchr_P
 .text.avr-libc
                0x000058a0       0x30 c:/program files (x86)/atmel/studio/7.0/toolchain/avr8/avr8-gnu-toolchain/bin/../lib/gcc/avr/5.4.0/../../../../avr/lib/avrxmega2\libc.a(strncasecmp_P.o)
                0x000058a0                strncasecmp_P
 .text.avr-libc
                0x000058d0       0x7c c:/program files (x86)/atmel/studio/7.0/toolchain/avr8/avr8-gnu-toolchain/bin/../lib/gcc/avr/5.4.0/../../../../avr/lib/avrxmega2\libc.a(fgetc.o)
                0x000058d0                fgetc
 .text.avr-libc
                0x0000594c       0x32 c:/program files (x86)/atmel/studio/7.0/toolchain/avr8/avr8-gnu-toolchain/bin/../lib/gcc/avr/5.4.0/../../../../avr/lib/avrxmega2\libc.a(ungetc.o)
                0x0000594c                ungetc
 .text.avr-libc
                0x0000597e        0x6 c:/program files (x86)/atmel/studio/7.0/toolchain/avr8/avr8-gnu-toolchain/bin/../lib/gcc/avr/5.4.0/../../../../avr/lib/avrxmega2\libc.a(cty_isfalse.o)
                0x0000597e                __ctype_isfalse
                0x00005982                __ctype_istrue
 .text.avr-libc
                0x00005984        0xc C:/Program Files (x86)/Atmel/Studio/7.0/Packs/Atmel/AVR-Dx_DFP/2.6.303/gcc/dev/avr64dd32/avrxmega2\libavr64dd32.a(ccp_write.o)
                0x00005984                ccp_write_io
                0x00005990                . = ALIGN (0x2)
 *(.fini9)
 .fini9         0x00005990        0x0 c:/program files (x86)/atmel/studio/7.0/toolchain/avr8/avr8-gnu-toolchain/bin/../lib/gcc/avr/5.4.0/avrxmega2\libgcc.a(_exit.o)
                0x00005990                _exit
                0x00005990                exit
 *(.fini9)
 *(.fini8)
 *(.fini8)
 *(.fini7)
 *(.fini7)
 *(.fini6)
 *(.fini6)
 *(.fini5)
 *(.fini5)
 *(.fini4)
 *(.fini4)
 *(.fini3)
 *(.fini3)
 *(.fini2)
 *(.fini2)
 *(.fini1)
 *(.fini1)
 *(.fini0)
 .fini0         0x00005990        0x4 c:/program files (x86)/atmel/studio/7.0/toolchain/avr8/avr8-gnu-toolchain/bin/../lib/gcc/avr/5.4.0/avrxmega2\libgcc.a(_exit.o)
 *(.fini0)
                0x00005994                _etext = .

.data           0x00806000      0x852 load address 0x00005994
                0x00806000                PROVIDE (__data_start, .)
 *(.data)
 *(.data*)
 .data.Altitude
                0x00806000        0xc Altitude.o
                0x00806000                Altitude
 .data.BMP280   0x0080600c       0x3b BMP390.o
                0x0080600c                BMP280
 .data.Date_Clock
                0x00806047       0x21 Communications.o
                0x00806047                Date_Clock
 .data.SHT21    0x00806068       0x11 SHT45.o
                0x00806068                SHT21
 .data.font     0x00806079      0x325 ST7567S.o
                0x00806079                font
 .data.st7567sCommands
                0x0080639e        0xb ST7567S.o
                0x0080639e                st7567sCommands
 *(.gnu.linkonce.d*)
 *(.rodata)
 .rodata        0x008063a9       0x18 Communications.o
 *(.rodata*)
 .rodata.str1.1
                0x008063c1       0x72 Communications.o
 .rodata.crc8_table
                0x00806433      0x100 CRC.o
                0x00806433                crc8_table
 .rodata.str1.1
                0x00806533       0x17 main.o
 .rodata.str1.1
                0x0080654a       0x18 Wind.o
 .rodata.str1.1
                0x00806562      0x2ef Windows.o
                                0x315 (size before relaxing)
 *(.gnu.linkonce.r*)
                0x00806852                . = ALIGN (0x2)
 *fill*         0x00806851        0x1 
                0x00806852                _edata = .
                0x00806852                PROVIDE (__data_end, .)

.bss            0x00806852       0x72
                0x00806852                PROVIDE (__bss_start, .)
 *(.bss)
 .bss           0x00806852        0x2 c:/program files (x86)/atmel/studio/7.0/toolchain/avr8/avr8-gnu-toolchain/bin/../lib/gcc/avr/5.4.0/../../../../avr/lib/avrxmega2\libc.a(strtok.o)
 *(.bss*)
 .bss.SUN       0x00806854       0x12 ElAndAzComp.o
                0x00806854                SUN
 .bss.I2C       0x00806866        0x1 i2c.o
                0x00806866                I2C
 .bss.hold_counter.4546
                0x00806867        0x2 Keypad3x4.o
 .bss.last_key.4545
                0x00806869        0x1 Keypad3x4.o
 .bss.Keypad3x4
                0x0080686a        0x2 Keypad3x4.o
                0x0080686a                Keypad3x4
 .bss.Wind      0x0080686c        0x2 Wind.o
                0x0080686c                Wind
 .bss.upDown.4638
                0x0080686e        0x1 Windows.o
 .bss.step.4631
                0x0080686f        0x1 Windows.o
 .bss.arrow.4632
                0x00806870       0x26 Windows.o
 .bss.newTimeAndPlace.4630
                0x00806896       0x26 Windows.o
 *(COMMON)
 COMMON         0x008068bc        0x6 c:/program files (x86)/atmel/studio/7.0/toolchain/avr8/avr8-gnu-toolchain/bin/../lib/gcc/avr/5.4.0/../../../../avr/lib/avrxmega2\libc.a(iob.o)
                0x008068bc                __iob
 COMMON         0x008068c2        0x2 c:/program files (x86)/atmel/studio/7.0/toolchain/avr8/avr8-gnu-toolchain/bin/../lib/gcc/avr/5.4.0/../../../../avr/lib/avrxmega2\libc.a(errno.o)
                0x008068c2                errno
                0x008068c4                PROVIDE (__bss_end, .)
                0x00005994                __data_load_start = LOADADDR (.data)
                0x000061e6                __data_load_end = (__data_load_start + SIZEOF (.data))

.noinit         0x008068c4        0x0
                [!provide]                PROVIDE (__noinit_start, .)
 *(.noinit*)
                [!provide]                PROVIDE (__noinit_end, .)
                0x008068c4                _end = .
                [!provide]                PROVIDE (__heap_start, .)

.eeprom         0x00810000        0x0
 *(.eeprom*)
                0x00810000                __eeprom_end = .

.fuse
 *(.fuse)
 *(.lfuse)
 *(.hfuse)
 *(.efuse)

.lock
 *(.lock*)

.signature
 *(.signature*)

.user_signatures
 *(.user_signatures*)

.stab
 *(.stab)

.stabstr
 *(.stabstr)

.stab.excl
 *(.stab.excl)

.stab.exclstr
 *(.stab.exclstr)

.stab.index
 *(.stab.index)

.stab.indexstr
 *(.stab.indexstr)

.comment        0x00000000       0x5c
 *(.comment)
 .comment       0x00000000       0x30 ADC.o
                                 0x31 (size before relaxing)
 .comment       0x00000030       0x31 Altitude.o
 .comment       0x00000030       0x31 BMP390.o
 .comment       0x00000030       0x31 CLK.o
 .comment       0x00000030       0x31 Communications.o
 .comment       0x00000030       0x31 CRC.o
 .comment       0x00000030       0x31 ElAndAzComp.o
 .comment       0x00000030       0x31 GPIO.o
 .comment       0x00000030       0x31 i2c.o
 .comment       0x00000030       0x31 Keypad3x4.o
 .comment       0x00000030       0x31 main.o
 .comment       0x00000030       0x31 SHT45.o
 .comment       0x00000030       0x31 ST7567S.o
 .comment       0x00000030       0x31 USART.o
 .comment       0x00000030       0x31 Wind.o
 .comment       0x00000030       0x31 Windows.o
 .comment       0x00000030       0x2c c:/program files (x86)/atmel/studio/7.0/toolchain/avr8/avr8-gnu-toolchain/bin/../lib/gcc/avr/5.4.0/../../../../avr/lib/avrxmega2\libprintf_flt.a(vfprintf_flt.o)
                                 0x2d (size before relaxing)
 .comment       0x0000005c       0x31 c:/program files (x86)/atmel/studio/7.0/toolchain/avr8/avr8-gnu-toolchain/bin/../lib/gcc/avr/5.4.0/../../../../avr/lib/avrxmega2\libc.a(strtok.o)
 .comment       0x0000005c       0x31 c:/program files (x86)/atmel/studio/7.0/toolchain/avr8/avr8-gnu-toolchain/bin/../lib/gcc/avr/5.4.0/../../../../avr/lib/avrxmega2\libc.a(fputc.o)
 .comment       0x0000005c       0x31 c:/program files (x86)/atmel/studio/7.0/toolchain/avr8/avr8-gnu-toolchain/bin/../lib/gcc/avr/5.4.0/../../../../avr/lib/avrxmega2\libc.a(printf.o)
 .comment       0x0000005c       0x31 c:/program files (x86)/atmel/studio/7.0/toolchain/avr8/avr8-gnu-toolchain/bin/../lib/gcc/avr/5.4.0/../../../../avr/lib/avrxmega2\libc.a(sscanf.o)
 .comment       0x0000005c       0x31 c:/program files (x86)/atmel/studio/7.0/toolchain/avr8/avr8-gnu-toolchain/bin/../lib/gcc/avr/5.4.0/../../../../avr/lib/avrxmega2\libc.a(vsnprintf.o)
 .comment       0x0000005c       0x2d c:/program files (x86)/atmel/studio/7.0/toolchain/avr8/avr8-gnu-toolchain/bin/../lib/gcc/avr/5.4.0/../../../../avr/lib/avrxmega2\libc.a(vfscanf_std.o)
 .comment       0x0000005c       0x31 c:/program files (x86)/atmel/studio/7.0/toolchain/avr8/avr8-gnu-toolchain/bin/../lib/gcc/avr/5.4.0/../../../../avr/lib/avrxmega2\libc.a(strtod.o)
 .comment       0x0000005c       0x31 c:/program files (x86)/atmel/studio/7.0/toolchain/avr8/avr8-gnu-toolchain/bin/../lib/gcc/avr/5.4.0/../../../../avr/lib/avrxmega2\libc.a(fgetc.o)
 .comment       0x0000005c       0x31 c:/program files (x86)/atmel/studio/7.0/toolchain/avr8/avr8-gnu-toolchain/bin/../lib/gcc/avr/5.4.0/../../../../avr/lib/avrxmega2\libc.a(iob.o)
 .comment       0x0000005c       0x31 c:/program files (x86)/atmel/studio/7.0/toolchain/avr8/avr8-gnu-toolchain/bin/../lib/gcc/avr/5.4.0/../../../../avr/lib/avrxmega2\libc.a(ungetc.o)
 .comment       0x0000005c       0x2d c:/program files (x86)/atmel/studio/7.0/toolchain/avr8/avr8-gnu-toolchain/bin/../lib/gcc/avr/5.4.0/../../../../avr/lib/avrxmega2\libc.a(errno.o)

.note.gnu.avr.deviceinfo
                0x00000000       0x3c
 .note.gnu.avr.deviceinfo
                0x00000000       0x3c C:/Program Files (x86)/Atmel/Studio/7.0/Packs/Atmel/AVR-Dx_DFP/2.6.303/gcc/dev/avr64dd32/avrxmega2/crtavr64dd32.o

.note.gnu.build-id
 *(.note.gnu.build-id)

.debug
 *(.debug)

.line
 *(.line)

.debug_srcinfo
 *(.debug_srcinfo)

.debug_sfnames
 *(.debug_sfnames)

.debug_aranges  0x00000000      0x490
 *(.debug_aranges)
 .debug_aranges
                0x00000000       0x40 ADC.o
 .debug_aranges
                0x00000040       0x28 Altitude.o
 .debug_aranges
                0x00000068       0x60 BMP390.o
 .debug_aranges
                0x000000c8       0x28 CLK.o
 .debug_aranges
                0x000000f0       0x60 Communications.o
 .debug_aranges
                0x00000150       0x20 CRC.o
 .debug_aranges
                0x00000170       0x30 ElAndAzComp.o
 .debug_aranges
                0x000001a0       0x20 GPIO.o
 .debug_aranges
                0x000001c0       0x60 i2c.o
 .debug_aranges
                0x00000220       0x30 Keypad3x4.o
 .debug_aranges
                0x00000250       0x20 main.o
 .debug_aranges
                0x00000270       0x40 SHT45.o
 .debug_aranges
                0x000002b0       0x78 ST7567S.o
 .debug_aranges
                0x00000328       0x70 USART.o
 .debug_aranges
                0x00000398       0x30 Wind.o
 .debug_aranges
                0x000003c8       0xa8 Windows.o
 .debug_aranges
                0x00000470       0x20 C:/Program Files (x86)/Atmel/Studio/7.0/Packs/Atmel/AVR-Dx_DFP/2.6.303/gcc/dev/avr64dd32/avrxmega2\libavr64dd32.a(ccp_write.o)

.debug_pubnames
 *(.debug_pubnames)

.debug_info     0x00000000     0x8433
 *(.debug_info .gnu.linkonce.wi.*)
 .debug_info    0x00000000     0x22a4 C:/Program Files (x86)/Atmel/Studio/7.0/Packs/Atmel/AVR-Dx_DFP/2.6.303/gcc/dev/avr64dd32/avrxmega2/crtavr64dd32.o
 .debug_info    0x000022a4      0x53f ADC.o
 .debug_info    0x000027e3      0x48a Altitude.o
 .debug_info    0x00002c6d      0x59e BMP390.o
 .debug_info    0x0000320b      0x3ae CLK.o
 .debug_info    0x000035b9      0x791 Communications.o
 .debug_info    0x00003d4a      0x122 CRC.o
 .debug_info    0x00003e6c      0x5ae ElAndAzComp.o
 .debug_info    0x0000441a      0x3fc GPIO.o
 .debug_info    0x00004816      0x6f0 i2c.o
 .debug_info    0x00004f06      0x4a1 Keypad3x4.o
 .debug_info    0x000053a7      0x5d2 main.o
 .debug_info    0x00005979      0x7a7 SHT45.o
 .debug_info    0x00006120      0x833 ST7567S.o
 .debug_info    0x00006953      0x7a2 USART.o
 .debug_info    0x000070f5      0x1b5 Wind.o
 .debug_info    0x000072aa     0x10e0 Windows.o
 .debug_info    0x0000838a       0xa9 C:/Program Files (x86)/Atmel/Studio/7.0/Packs/Atmel/AVR-Dx_DFP/2.6.303/gcc/dev/avr64dd32/avrxmega2\libavr64dd32.a(ccp_write.o)

.debug_abbrev   0x00000000     0x39e8
 *(.debug_abbrev)
 .debug_abbrev  0x00000000     0x20ce C:/Program Files (x86)/Atmel/Studio/7.0/Packs/Atmel/AVR-Dx_DFP/2.6.303/gcc/dev/avr64dd32/avrxmega2/crtavr64dd32.o
 .debug_abbrev  0x000020ce      0x138 ADC.o
 .debug_abbrev  0x00002206      0x13a Altitude.o
 .debug_abbrev  0x00002340      0x127 BMP390.o
 .debug_abbrev  0x00002467       0xe5 CLK.o
 .debug_abbrev  0x0000254c      0x208 Communications.o
 .debug_abbrev  0x00002754       0xaa CRC.o
 .debug_abbrev  0x000027fe      0x146 ElAndAzComp.o
 .debug_abbrev  0x00002944       0xbc GPIO.o
 .debug_abbrev  0x00002a00      0x1ec i2c.o
 .debug_abbrev  0x00002bec      0x1b5 Keypad3x4.o
 .debug_abbrev  0x00002da1      0x103 main.o
 .debug_abbrev  0x00002ea4      0x279 SHT45.o
 .debug_abbrev  0x0000311d      0x1ca ST7567S.o
 .debug_abbrev  0x000032e7      0x2aa USART.o
 .debug_abbrev  0x00003591      0x104 Wind.o
 .debug_abbrev  0x00003695      0x33f Windows.o
 .debug_abbrev  0x000039d4       0x14 C:/Program Files (x86)/Atmel/Studio/7.0/Packs/Atmel/AVR-Dx_DFP/2.6.303/gcc/dev/avr64dd32/avrxmega2\libavr64dd32.a(ccp_write.o)

.debug_line     0x00000000     0x3176
 *(.debug_line .debug_line.* .debug_line_end)
 .debug_line    0x00000000      0x16f C:/Program Files (x86)/Atmel/Studio/7.0/Packs/Atmel/AVR-Dx_DFP/2.6.303/gcc/dev/avr64dd32/avrxmega2/crtavr64dd32.o
 .debug_line    0x0000016f      0x197 ADC.o
 .debug_line    0x00000306      0x12b Altitude.o
 .debug_line    0x00000431      0x33c BMP390.o
 .debug_line    0x0000076d      0x1bd CLK.o
 .debug_line    0x0000092a      0x3a0 Communications.o
 .debug_line    0x00000cca       0xca CRC.o
 .debug_line    0x00000d94      0x184 ElAndAzComp.o
 .debug_line    0x00000f18      0x19b GPIO.o
 .debug_line    0x000010b3      0x3c4 i2c.o
 .debug_line    0x00001477      0x2e3 Keypad3x4.o
 .debug_line    0x0000175a      0x24f main.o
 .debug_line    0x000019a9      0x32e SHT45.o
 .debug_line    0x00001cd7      0x4cf ST7567S.o
 .debug_line    0x000021a6      0x36c USART.o
 .debug_line    0x00002512      0x170 Wind.o
 .debug_line    0x00002682      0xa8d Windows.o
 .debug_line    0x0000310f       0x67 C:/Program Files (x86)/Atmel/Studio/7.0/Packs/Atmel/AVR-Dx_DFP/2.6.303/gcc/dev/avr64dd32/avrxmega2\libavr64dd32.a(ccp_write.o)

.debug_frame    0x00000000     0x141c
 *(.debug_frame)
 .debug_frame   0x00000000       0x64 ADC.o
 .debug_frame   0x00000064       0x9c Altitude.o
 .debug_frame   0x00000100      0x1cc BMP390.o
 .debug_frame   0x000002cc       0x34 CLK.o
 .debug_frame   0x00000300      0x1e0 Communications.o
 .debug_frame   0x000004e0       0x44 CRC.o
 .debug_frame   0x00000524       0x8c ElAndAzComp.o
 .debug_frame   0x000005b0       0x24 GPIO.o
 .debug_frame   0x000005d4      0x160 i2c.o
 .debug_frame   0x00000734       0x5c Keypad3x4.o
 .debug_frame   0x00000790       0x5c main.o
 .debug_frame   0x000007ec       0x9c SHT45.o
 .debug_frame   0x00000888      0x184 ST7567S.o
 .debug_frame   0x00000a0c      0x104 USART.o
 .debug_frame   0x00000b10       0x44 Wind.o
 .debug_frame   0x00000b54      0x8c8 Windows.o

.debug_str      0x00000000     0x2c2d
 *(.debug_str)
 .debug_str     0x00000000      0xefb C:/Program Files (x86)/Atmel/Studio/7.0/Packs/Atmel/AVR-Dx_DFP/2.6.303/gcc/dev/avr64dd32/avrxmega2/crtavr64dd32.o
 .debug_str     0x00000efb      0x791 ADC.o
                                0x7ed (size before relaxing)
 .debug_str     0x0000168c      0x175 Altitude.o
                                0x389 (size before relaxing)
 .debug_str     0x00001801       0xd1 BMP390.o
                                0x3c0 (size before relaxing)
 .debug_str     0x000018d2      0x281 CLK.o
                                0x46e (size before relaxing)
 .debug_str     0x00001b53      0x1a9 Communications.o
                                0x4e6 (size before relaxing)
 .debug_str     0x00001cfc       0x47 CRC.o
                                0x212 (size before relaxing)
 .debug_str     0x00001d43       0x45 ElAndAzComp.o
                                0x454 (size before relaxing)
 .debug_str     0x00001d88      0x330 GPIO.o
                                0x50f (size before relaxing)
 .debug_str     0x000020b8      0x2c5 i2c.o
                                0x4dd (size before relaxing)
 .debug_str     0x0000237d       0xaf Keypad3x4.o
                                0x36d (size before relaxing)
 .debug_str     0x0000242c       0x30 main.o
                                0x460 (size before relaxing)
 .debug_str     0x0000245c       0x77 SHT45.o
                                0x3fe (size before relaxing)
 .debug_str     0x000024d3      0x1d6 ST7567S.o
                                0x3fd (size before relaxing)
 .debug_str     0x000026a9      0x339 USART.o
                                0x64d (size before relaxing)
 .debug_str     0x000029e2       0x4b Wind.o
                                0x24b (size before relaxing)
 .debug_str     0x00002a2d      0x200 Windows.o
                                0x837 (size before relaxing)

.debug_loc      0x00000000     0x5aeb
 *(.debug_loc)
 .debug_loc     0x00000000      0x1a6 Altitude.o
 .debug_loc     0x000001a6      0xc7e BMP390.o
 .debug_loc     0x00000e24      0x7a3 Communications.o
 .debug_loc     0x000015c7       0xf8 CRC.o
 .debug_loc     0x000016bf      0x132 ElAndAzComp.o
 .debug_loc     0x000017f1      0x84e i2c.o
 .debug_loc     0x0000203f      0x198 Keypad3x4.o
 .debug_loc     0x000021d7       0xff main.o
 .debug_loc     0x000022d6      0x4d1 SHT45.o
 .debug_loc     0x000027a7      0x74c ST7567S.o
 .debug_loc     0x00002ef3      0x282 USART.o
 .debug_loc     0x00003175       0x58 Wind.o
 .debug_loc     0x000031cd     0x291e Windows.o

.debug_macinfo
 *(.debug_macinfo)

.debug_weaknames
 *(.debug_weaknames)

.debug_funcnames
 *(.debug_funcnames)

.debug_typenames
 *(.debug_typenames)

.debug_varnames
 *(.debug_varnames)

.debug_pubtypes
 *(.debug_pubtypes)

.debug_ranges   0x00000000      0x418
 *(.debug_ranges)
 .debug_ranges  0x00000000       0x30 ADC.o
 .debug_ranges  0x00000030       0x18 Altitude.o
 .debug_ranges  0x00000048       0x50 BMP390.o
 .debug_ranges  0x00000098       0x18 CLK.o
 .debug_ranges  0x000000b0       0x50 Communications.o
 .debug_ranges  0x00000100       0x10 CRC.o
 .debug_ranges  0x00000110       0x20 ElAndAzComp.o
 .debug_ranges  0x00000130       0x10 GPIO.o
 .debug_ranges  0x00000140       0x80 i2c.o
 .debug_ranges  0x000001c0       0x20 Keypad3x4.o
 .debug_ranges  0x000001e0       0x10 main.o
 .debug_ranges  0x000001f0       0x60 SHT45.o
 .debug_ranges  0x00000250       0x68 ST7567S.o
 .debug_ranges  0x000002b8       0x60 USART.o
 .debug_ranges  0x00000318       0x20 Wind.o
 .debug_ranges  0x00000338       0xe0 Windows.o

.debug_macro
 *(.debug_macro)
OUTPUT(AVR64DD32-SUNFLOWER-WEATHER-STATION.elf elf32-avr)
LOAD linker stubs
