Archive member included to satisfy reference by file (symbol)

c:/program files (x86)/atmel/studio/7.0/toolchain/avr8/avr8-gnu-toolchain/bin/../lib/gcc/avr/5.4.0/../../../../avr/lib/avrxmega2\libm.a(addsf3.o)
                              SHT45.o (__subsf3)
c:/program files (x86)/atmel/studio/7.0/toolchain/avr8/avr8-gnu-toolchain/bin/../lib/gcc/avr/5.4.0/../../../../avr/lib/avrxmega2\libm.a(addsf3x.o)
                              c:/program files (x86)/atmel/studio/7.0/toolchain/avr8/avr8-gnu-toolchain/bin/../lib/gcc/avr/5.4.0/../../../../avr/lib/avrxmega2\libm.a(addsf3.o) (__addsf3x)
c:/program files (x86)/atmel/studio/7.0/toolchain/avr8/avr8-gnu-toolchain/bin/../lib/gcc/avr/5.4.0/../../../../avr/lib/avrxmega2\libm.a(atan.o)
                              ElAndAzComp.o (atan)
c:/program files (x86)/atmel/studio/7.0/toolchain/avr8/avr8-gnu-toolchain/bin/../lib/gcc/avr/5.4.0/../../../../avr/lib/avrxmega2\libm.a(cmpsf2.o)
                              Communications.o (__ltsf2)
c:/program files (x86)/atmel/studio/7.0/toolchain/avr8/avr8-gnu-toolchain/bin/../lib/gcc/avr/5.4.0/../../../../avr/lib/avrxmega2\libm.a(divsf3.o)
                              BMP390.o (__divsf3)
c:/program files (x86)/atmel/studio/7.0/toolchain/avr8/avr8-gnu-toolchain/bin/../lib/gcc/avr/5.4.0/../../../../avr/lib/avrxmega2\libm.a(divsf3x.o)
                              c:/program files (x86)/atmel/studio/7.0/toolchain/avr8/avr8-gnu-toolchain/bin/../lib/gcc/avr/5.4.0/../../../../avr/lib/avrxmega2\libm.a(divsf3.o) (__divsf3x)
c:/program files (x86)/atmel/studio/7.0/toolchain/avr8/avr8-gnu-toolchain/bin/../lib/gcc/avr/5.4.0/../../../../avr/lib/avrxmega2\libm.a(fixsfsi.o)
                              Windows.o (__fixsfsi)
c:/program files (x86)/atmel/studio/7.0/toolchain/avr8/avr8-gnu-toolchain/bin/../lib/gcc/avr/5.4.0/../../../../avr/lib/avrxmega2\libm.a(fixunssfsi.o)
                              ElAndAzComp.o (__fixunssfsi)
c:/program files (x86)/atmel/studio/7.0/toolchain/avr8/avr8-gnu-toolchain/bin/../lib/gcc/avr/5.4.0/../../../../avr/lib/avrxmega2\libm.a(floatdisf.o)
                              BMP390.o (__floatdisf)
c:/program files (x86)/atmel/studio/7.0/toolchain/avr8/avr8-gnu-toolchain/bin/../lib/gcc/avr/5.4.0/../../../../avr/lib/avrxmega2\libm.a(floatsisf.o)
                              ElAndAzComp.o (__floatunsisf)
c:/program files (x86)/atmel/studio/7.0/toolchain/avr8/avr8-gnu-toolchain/bin/../lib/gcc/avr/5.4.0/../../../../avr/lib/avrxmega2\libm.a(floatundisf.o)
                              c:/program files (x86)/atmel/studio/7.0/toolchain/avr8/avr8-gnu-toolchain/bin/../lib/gcc/avr/5.4.0/../../../../avr/lib/avrxmega2\libm.a(floatdisf.o) (__fp_di2sf)
c:/program files (x86)/atmel/studio/7.0/toolchain/avr8/avr8-gnu-toolchain/bin/../lib/gcc/avr/5.4.0/../../../../avr/lib/avrxmega2\libm.a(fp_cmp.o)
                              c:/program files (x86)/atmel/studio/7.0/toolchain/avr8/avr8-gnu-toolchain/bin/../lib/gcc/avr/5.4.0/../../../../avr/lib/avrxmega2\libm.a(cmpsf2.o) (__fp_cmp)
c:/program files (x86)/atmel/studio/7.0/toolchain/avr8/avr8-gnu-toolchain/bin/../lib/gcc/avr/5.4.0/../../../../avr/lib/avrxmega2\libm.a(fp_inf.o)
                              c:/program files (x86)/atmel/studio/7.0/toolchain/avr8/avr8-gnu-toolchain/bin/../lib/gcc/avr/5.4.0/../../../../avr/lib/avrxmega2\libm.a(addsf3x.o) (__fp_inf)
c:/program files (x86)/atmel/studio/7.0/toolchain/avr8/avr8-gnu-toolchain/bin/../lib/gcc/avr/5.4.0/../../../../avr/lib/avrxmega2\libm.a(fp_nan.o)
                              c:/program files (x86)/atmel/studio/7.0/toolchain/avr8/avr8-gnu-toolchain/bin/../lib/gcc/avr/5.4.0/../../../../avr/lib/avrxmega2\libm.a(addsf3x.o) (__fp_nan)
c:/program files (x86)/atmel/studio/7.0/toolchain/avr8/avr8-gnu-toolchain/bin/../lib/gcc/avr/5.4.0/../../../../avr/lib/avrxmega2\libm.a(fp_negdi.o)
                              c:/program files (x86)/atmel/studio/7.0/toolchain/avr8/avr8-gnu-toolchain/bin/../lib/gcc/avr/5.4.0/../../../../avr/lib/avrxmega2\libm.a(floatdisf.o) (__fp_negdi)
c:/program files (x86)/atmel/studio/7.0/toolchain/avr8/avr8-gnu-toolchain/bin/../lib/gcc/avr/5.4.0/../../../../avr/lib/avrxmega2\libm.a(fp_powser.o)
                              c:/program files (x86)/atmel/studio/7.0/toolchain/avr8/avr8-gnu-toolchain/bin/../lib/gcc/avr/5.4.0/../../../../avr/lib/avrxmega2\libm.a(atan.o) (__fp_powser)
c:/program files (x86)/atmel/studio/7.0/toolchain/avr8/avr8-gnu-toolchain/bin/../lib/gcc/avr/5.4.0/../../../../avr/lib/avrxmega2\libm.a(fp_pscA.o)
                              c:/program files (x86)/atmel/studio/7.0/toolchain/avr8/avr8-gnu-toolchain/bin/../lib/gcc/avr/5.4.0/../../../../avr/lib/avrxmega2\libm.a(addsf3x.o) (__fp_pscA)
c:/program files (x86)/atmel/studio/7.0/toolchain/avr8/avr8-gnu-toolchain/bin/../lib/gcc/avr/5.4.0/../../../../avr/lib/avrxmega2\libm.a(fp_pscB.o)
[...]
Memory Configuration

Name             Origin             Length             Attributes
text             0x00000000         0x00010000         xr
data             0x00806000         0x00002000         rw !x
eeprom           0x00810000         0x00000100         rw !x
fuse             0x00820000         0x00000010         rw !x
lock             0x00830000         0x00000400         rw !x
signature        0x00840000         0x00000400         rw !x
user_signatures  0x00850000         0x00000400         rw !x
*default*        0x00000000         0xffffffff

Linker script and memory map

Address of section .data set to 0x806000
                0x00008000                __RODATA_PM_OFFSET__ = 0x8000
LOAD C:/Program Files (x86)/Atmel/Studio/7.0/Packs/Atmel/AVR-Dx_DFP/2.6.303/gcc/dev/avr64dd32/avrxmega2/crtavr64dd32.o
LOAD ADC.o
LOAD BMP390.o
LOAD CLK.o
LOAD Communications.o
LOAD CRC.o
LOAD ElAndAzComp.o
LOAD GPIO.o
LOAD i2c.o
LOAD Keypad3x4.o
LOAD main.o
LOAD SHT45.o
LOAD SSD1306.o
LOAD USART.o
LOAD Wind.o
LOAD Windows.o
START GROUP
LOAD c:/program files (x86)/atmel/studio/7.0/toolchain/avr8/avr8-gnu-toolchain/bin/../lib/gcc/avr/5.4.0/../../../../avr/lib/avrxmega2\libm.a
END GROUP
LOAD c:/program files (x86)/atmel/studio/7.0/toolchain/avr8/avr8-gnu-toolchain/bin/../lib/gcc/avr/5.4.0/../../../../avr/lib/avrxmega2\libprintf_flt.a
START GROUP
LOAD c:/program files (x86)/atmel/studio/7.0/toolchain/avr8/avr8-gnu-toolchain/bin/../lib/gcc/avr/5.4.0/avrxmega2\libgcc.a
LOAD c:/program files (x86)/atmel/studio/7.0/toolchain/avr8/avr8-gnu-toolchain/bin/../lib/gcc/avr/5.4.0/../../../../avr/lib/avrxmega2\libm.a
LOAD c:/program files (x86)/atmel/studio/7.0/toolchain/avr8/avr8-gnu-toolchain/bin/../lib/gcc/avr/5.4.0/../../../../avr/lib/avrxmega2\libc.a
LOAD C:/Program Files (x86)/Atmel/Studio/7.0/Packs/Atmel/AVR-Dx_DFP/2.6.303/gcc/dev/avr64dd32/avrxmega2\libavr64dd32.a
END GROUP
                [0x00000000]                __TEXT_REGION_ORIGIN__ = DEFINED (__TEXT_REGION_ORIGIN__)?__TEXT_REGION_ORIGIN__:0x0
                [0x00806000]                __DATA_REGION_ORIGIN__ = DEFINED (__DATA_REGION_ORIGIN__)?__DATA_REGION_ORIGIN__:0x802000
                [0x00010000]                __TEXT_REGION_LENGTH__ = DEFINED (__TEXT_REGION_LENGTH__)?__TEXT_REGION_LENGTH__:0x100000
                [0x00002000]                __DATA_REGION_LENGTH__ = DEFINED (__DATA_REGION_LENGTH__)?__DATA_REGION_LENGTH__:0xffa0
                [0x00000100]                __EEPROM_REGION_LENGTH__ = DEFINED (__EEPROM_REGION_LENGTH__)?__EEPROM_REGION_LENGTH__:0x10000
                [0x00000010]                __FUSE_REGION_LENGTH__ = DEFINED (__FUSE_REGION_LENGTH__)?__FUSE_REGION_LENGTH__:0x400
                0x00000400                __LOCK_REGION_LENGTH__ = DEFINED (__LOCK_REGION_LENGTH__)?__LOCK_REGION_LENGTH__:0x400
                0x00000400                __SIGNATURE_REGION_LENGTH__ = DEFINED (__SIGNATURE_REGION_LENGTH__)?__SIGNATURE_REGION_LENGTH__:0x400
                0x00000400                __USER_SIGNATURE_REGION_LENGTH__ = DEFINED (__USER_SIGNATURE_REGION_LENGTH__)?__USER_SIGNATURE_REGION_LENGTH__:0x400

.hash
 *(.hash)

.dynsym
 *(.dynsym)

.dynstr
 *(.dynstr)

.gnu.version
 *(.gnu.version)

.gnu.version_d
 *(.gnu.version_d)

.gnu.version_r
 *(.gnu.version_r)

.rel.init
 *(.rel.init)

.rela.init
 *(.rela.init)

.rel.text
 *(.rel.text)
 *(.rel.text.*)
 *(.rel.gnu.linkonce.t*)

.rela.text
 *(.rela.text)
 *(.rela.text.*)
 *(.rela.gnu.linkonce.t*)

.rel.fini
 *(.rel.fini)

.rela.fini
 *(.rela.fini)

.rel.rodata
 *(.rel.rodata)
 *(.rel.rodata.*)
 *(.rel.gnu.linkonce.r*)

.rela.rodata
 *(.rela.rodata)
 *(.rela.rodata.*)
 *(.rela.gnu.linkonce.r*)

.rel.data
 *(.rel.data)
 *(.rel.data.*)
 *(.rel.gnu.linkonce.d*)

.rela.data
 *(.rela.data)
 *(.rela.data.*)
 *(.rela.gnu.linkonce.d*)

.rel.ctors
 *(.rel.ctors)

.rela.ctors
 *(.rela.ctors)

.rel.dtors
 *(.rel.dtors)

.rela.dtors
 *(.rela.dtors)

.rel.got
 *(.rel.got)

.rela.got
 *(.rela.got)

.rel.bss
 *(.rel.bss)

.rela.bss
 *(.rela.bss)

.rel.plt
 *(.rel.plt)

.rela.plt
 *(.rela.plt)

.text           0x00000000     0x5712
 *(.vectors)
 .vectors       0x00000000       0x90 C:/Program Files (x86)/Atmel/Studio/7.0/Packs/Atmel/AVR-Dx_DFP/2.6.303/gcc/dev/avr64dd32/avrxmega2/crtavr64dd32.o
                0x00000000                __vector_default
                0x00000000                __vectors
 *(.vectors)
 *(.progmem.gcc*)
 .progmem.gcc_sw_table.WindDirNames
                0x00000090        0xe Wind.o
 .progmem.gcc_sw_table.extractDigitFromTime
                0x0000009e       0x1c Windows.o
 .progmem.gcc_fplib
                0x000000ba       0x2d c:/program files (x86)/atmel/studio/7.0/toolchain/avr8/avr8-gnu-toolchain/bin/../lib/gcc/avr/5.4.0/../../../../avr/lib/avrxmega2\libm.a(atan.o)
 .progmem.gcc_fplib
                0x000000e7       0x23 c:/program files (x86)/atmel/studio/7.0/toolchain/avr8/avr8-gnu-toolchain/bin/../lib/gcc/avr/5.4.0/../../../../avr/lib/avrxmega2\libm.a(tan.o)
                0x0000010a                . = ALIGN (0x2)
                0x0000010a                __trampolines_start = .
 *(.trampolines)
 .trampolines   0x0000010a        0x0 linker stubs
 *(.trampolines*)
                0x0000010a                __trampolines_end = .
 *libprintf_flt.a:*(.progmem.data)
 .progmem.data  0x0000010a        0x8 c:/program files (x86)/atmel/studio/7.0/toolchain/avr8/avr8-gnu-toolchain/bin/../lib/gcc/avr/5.4.0/../../../../avr/lib/avrxmega2\libprintf_flt.a(vfprintf_flt.o)
 *libc.a:*(.progmem.data)
 .progmem.data  0x00000112       0xfa c:/program files (x86)/atmel/studio/7.0/toolchain/avr8/avr8-gnu-toolchain/bin/../lib/gcc/avr/5.4.0/../../../../avr/lib/avrxmega2\libc.a(ftoa_engine.o)
 .progmem.data  0x0000020c        0xc c:/program files (x86)/atmel/studio/7.0/toolchain/avr8/avr8-gnu-toolchain/bin/../lib/gcc/avr/5.4.0/../../../../avr/lib/avrxmega2\libc.a(vfscanf_std.o)
 .progmem.data  0x00000218       0x3b c:/program files (x86)/atmel/studio/7.0/toolchain/avr8/avr8-gnu-toolchain/bin/../lib/gcc/avr/5.4.0/../../../../avr/lib/avrxmega2\libc.a(strtod.o)
 *(.progmem*)
                0x00000254                . = ALIGN (0x2)
 *fill*         0x00000253        0x1 
 *(.jumptables)
 *(.jumptables*)
 *(.lowtext)
 *(.lowtext*)
                0x00000254                __ctors_start = .
 *(.ctors)
                0x00000254                __ctors_end = .
                0x00000254                __dtors_start = .
 *(.dtors)
                0x00000254                __dtors_end = .
 SORT(*)(.ctors)
 SORT(*)(.dtors)
 *(.init0)
 .init0         0x00000254        0x0 C:/Program Files (x86)/Atmel/Studio/7.0/Packs/Atmel/AVR-Dx_DFP/2.6.303/gcc/dev/avr64dd32/avrxmega2/crtavr64dd32.o
                0x00000254                __init
 *(.init0)
 *(.init1)
 *(.init1)
 *(.init2)
 .init2         0x00000254        0xc C:/Program Files (x86)/Atmel/Studio/7.0/Packs/Atmel/AVR-Dx_DFP/2.6.303/gcc/dev/avr64dd32/avrxmega2/crtavr64dd32.o
 *(.init2)
 *(.init3)
 *(.init3)
 *(.init4)
 .init4         0x00000260       0x16 c:/program files (x86)/atmel/studio/7.0/toolchain/avr8/avr8-gnu-toolchain/bin/../lib/gcc/avr/5.4.0/avrxmega2\libgcc.a(_copy_data.o)
                0x00000260                __do_copy_data
 .init4         0x00000276       0x10 c:/program files (x86)/atmel/studio/7.0/toolchain/avr8/avr8-gnu-toolchain/bin/../lib/gcc/avr/5.4.0/avrxmega2\libgcc.a(_clear_bss.o)
                0x00000276                __do_clear_bss
 *(.init4)
 *(.init5)
 *(.init5)
 *(.init6)
 *(.init6)
 *(.init7)
 *(.init7)
 *(.init8)
 *(.init8)
 *(.init9)
 .init9         0x00000286        0x8 C:/Program Files (x86)/Atmel/Studio/7.0/Packs/Atmel/AVR-Dx_DFP/2.6.303/gcc/dev/avr64dd32/avrxmega2/crtavr64dd32.o
 *(.init9)
 *(.text)
 .text          0x0000028e        0x4 C:/Program Files (x86)/Atmel/Studio/7.0/Packs/Atmel/AVR-Dx_DFP/2.6.303/gcc/dev/avr64dd32/avrxmega2/crtavr64dd32.o
                0x0000028e                __vector_22
                0x0000028e                __vector_28
                0x0000028e                __vector_1
                0x0000028e                __vector_32
                0x0000028e                __vector_34
                0x0000028e                __vector_24
                0x0000028e                __vector_12
                0x0000028e                __bad_interrupt
                0x0000028e                __vector_6
                0x0000028e                __vector_31
                0x0000028e                __vector_35
                0x0000028e                __vector_3
                0x0000028e                __vector_23
                0x0000028e                __vector_30
                0x0000028e                __vector_25
                0x0000028e                __vector_11
                0x0000028e                __vector_13
                0x0000028e                __vector_17
                0x0000028e                __vector_19
                0x0000028e                __vector_7
                0x0000028e                __vector_27
                0x0000028e                __vector_5
                0x0000028e                __vector_33
                0x0000028e                __vector_4
                0x0000028e                __vector_9
                0x0000028e                __vector_2
                0x0000028e                __vector_21
                0x0000028e                __vector_15
                0x0000028e                __vector_29
                0x0000028e                __vector_8
                0x0000028e                __vector_26
                0x0000028e                __vector_14
                0x0000028e                __vector_10
                0x0000028e                __vector_16
                0x0000028e                __vector_18
                0x0000028e                __vector_20
                0x00000292                . = ALIGN (0x2)
 *(.text.*)
 .text.ADC0_init
                0x00000292       0x10 ADC.o
                0x00000292                ADC0_init
 .text.ADC0_SetupWS
                0x000002a2        0xe ADC.o
                0x000002a2                ADC0_SetupWS
 .text.ADC0_SetupWD
                0x000002b0        0xe ADC.o
                0x000002b0                ADC0_SetupWD
 .text.ADC0_SetupSLS
                0x000002be        0xc ADC.o
                0x000002be                ADC0_SetupSLS
 .text.ADC0_read
                0x000002ca       0x28 ADC.o
                0x000002ca                ADC0_read
 .text.ReadBMP280Calibration
                0x000002f2      0x368 BMP390.o
                0x000002f2                ReadBMP280Calibration
 .text.WriteBMP280Config
                0x0000065a       0x46 BMP390.o
                0x0000065a                WriteBMP280Config
 .text.ReadBMP280Status
                0x000006a0       0x1e BMP390.o
                0x000006a0                ReadBMP280Status
 .text.ReadBMP280TP
                0x000006be       0x56 BMP390.o
                0x000006be                ReadBMP280TP
 .text.CalcTrueTemp
                0x00000714      0x158 BMP390.o
                0x00000714                CalcTrueTemp
 .text.CalcTruePres
                0x0000086c      0x448 BMP390.o
                0x0000086c                CalcTruePres
 .text.CLOCK_XOSCHF_clock_init
                0x00000cb4       0x1e CLK.o
                0x00000cb4                CLOCK_XOSCHF_clock_init
 .text.executeCommand
                0x00000cd2      0x130 Communications.o
                0x00000cd2                executeCommand
 .text.ClockAndDataReader
                0x00000e02       0xa4 Communications.o
                0x00000e02                ClockAndDataReader
 .text.isLeapYear
                0x00000ea6       0x6e Communications.o
                0x00000ea6                isLeapYear
 .text.isValidDateTime
                0x00000f14       0xca Communications.o
                0x00000f14                isValidDateTime
 .text.isValidTimeZone
                0x00000fde        0xe Communications.o
                0x00000fde                isValidTimeZone
 .text.isValidAltitude
                0x00000fec       0x12 Communications.o
                0x00000fec                isValidAltitude
 .text.isValidLatitude
                0x00000ffe       0x44 Communications.o
                0x00000ffe                isValidLatitude
 .text.isValidLongitude
                0x00001042       0x44 Communications.o
                0x00001042                isValidLongitude
 .text.CRC8MAXIM
                0x00001086       0x64 CRC.o
                0x00001086                CRC8MAXIM
 .text.calculate_refraction
                0x000010ea      0x1e0 ElAndAzComp.o
                0x000010ea                calculate_refraction
 .text.correct_solar_angles
                0x000012ca       0x40 ElAndAzComp.o
                0x000012ca                correct_solar_angles
 .text.SunLevel
                0x0000130a       0x2c ElAndAzComp.o
                0x0000130a                SunLevel
 .text.GPIO_init
                0x00001336       0x80 GPIO.o
                0x00001336                GPIO_init
 .text.I2C_init
                0x000013b6       0x14 i2c.o
                0x000013b6                I2C_init
 .text.TransmitAdd
                0x000013ca       0x54 i2c.o
                0x000013ca                TransmitAdd
 .text.TransmitByte
                0x0000141e       0x56 i2c.o
                0x0000141e                TransmitByte
 .text.ReadByteInf
                0x00001474       0x44 i2c.o
                0x00001474                ReadByteInf
 .text.ReadReg  0x000014b8       0x56 i2c.o
                0x000014b8                ReadReg
 .text.WriteToReg
                0x0000150e       0x32 i2c.o
                0x0000150e                WriteToReg
 .text.ReadMulti
                0x00001540      0x15a i2c.o
                0x00001540                ReadMulti
 .text.scan_keypad
                0x0000169a       0x9a Keypad3x4.o
                0x0000169a                scan_keypad
 .text.keypad   0x00001734       0x6e Keypad3x4.o
                0x00001734                keypad
 .text.main     0x000017a2       0xfc main.o
                0x000017a2                main
 .text.SHT21_Settings_Write
                0x0000189e       0x28 SHT45.o
                0x0000189e                SHT21_Settings_Write
 .text.SHT21_Read
                0x000018c6      0x1d4 SHT45.o
                0x000018c6                SHT21_Read
 .text.Separator
                0x00001a9a       0x96 SHT45.o
                0x00001a9a                Separator
 .text.screen_command
                0x00001b30        0xc SSD1306.o
                0x00001b30                screen_command
 .text.screen_data
                0x00001b3c        0xc SSD1306.o
                0x00001b3c                screen_data
 .text.screen_init
                0x00001b48       0x26 SSD1306.o
                0x00001b48                screen_init
 .text.screen_draw_char
                0x00001b6e       0x68 SSD1306.o
                0x00001b6e                screen_draw_char
 .text.screen_clear
                0x00001bd6       0x4a SSD1306.o
                0x00001bd6                screen_clear
 .text.screen_draw_text
                0x00001c20       0x3e SSD1306.o
                0x00001c20                screen_draw_text
 .text.screen_write_text
                0x00001c5e       0x4e SSD1306.o
                0x00001c5e                screen_write_text
 .text.calculate_start_pixel
                0x00001cac       0x4a SSD1306.o
                0x00001cac                calculate_start_pixel
 .text.screen_write_text_aligned
                0x00001cf6       0x22 SSD1306.o
                0x00001cf6                screen_write_text_aligned
 .text.screen_write_formatted_text
                0x00001d18       0x3c SSD1306.o
                0x00001d18                screen_write_formatted_text
 .text.USART0_init
                0x00001d54       0x1a USART.o
                0x00001d54                USART0_init
 .text.USART0_sendChar
                0x00001d6e        0xe USART.o
                0x00001d6e                USART0_sendChar
 .text.USART0_sendString
                0x00001d7c       0x3c USART.o
                0x00001d7c                USART0_sendString
 .text.USART1_init
                0x00001db8       0x16 USART.o
                0x00001db8                USART1_init
 .text.USART1_sendChar
                0x00001dce        0xe USART.o
                0x00001dce                USART1_sendChar
 .text.USART1_sendString
                0x00001ddc       0x3c USART.o
                0x00001ddc                USART1_sendString
 .text.USART1_readChar
                0x00001e18       0x2e USART.o
                0x00001e18                USART1_readChar
 .text.USART_printf
                0x00001e46       0x64 USART.o
                0x00001e46                USART_printf
 .text.WindSpeed
                0x00001eaa       0x28 Wind.o
                0x00001eaa                WindSpeed
 .text.WindDirection
                0x00001ed2       0x5e Wind.o
                0x00001ed2                WindDirection
 .text.WindDirNames
                0x00001f30       0x4a Wind.o
                0x00001f30                WindDirNames
 .text.displayDateTimeAndLocation
                0x00001f7a      0x342 Windows.o
                0x00001f7a                displayDateTimeAndLocation
 .text.extractDigitFromTime
                0x000022bc      0x164 Windows.o
                0x000022bc                extractDigitFromTime
 .text.extractDigitFromTimeZone
                0x00002420       0x5e Windows.o
                0x00002420                extractDigitFromTimeZone
 .text.extractDigitFromAltitude
                0x0000247e       0xba Windows.o
                0x0000247e                extractDigitFromAltitude
 .text.extractDigitFromLocation
                0x00002538      0x15c Windows.o
                0x00002538                extractDigitFromLocation
 .text.DataExtraction
                0x00002694       0xaa Windows.o
                0x00002694                DataExtraction
 .text.calculateValue
                0x0000273e       0xba Windows.o
                0x0000273e                calculateValue
 .text.applySign
                0x000027f8       0x12 Windows.o
                0x000027f8                applySign
 .text.applySignDouble
                0x0000280a       0x12 Windows.o
                0x0000280a                applySignDouble
 .text.ValidateNewData
                0x0000281c      0x40e Windows.o
                0x0000281c                ValidateNewData
 .text.backButton
                0x00002c2a       0x12 Windows.o
                0x00002c2a                backButton
 .text.ClockError
                0x00002c3c       0x1c Windows.o
                0x00002c3c                ClockError
 .text.DateAndLocationChangeWindow
                0x00002c58       0xbc Windows.o
                0x00002c58                DateAndLocationChangeWindow
 .text.MainWindow
                0x00002d14      0x224 Windows.o
                0x00002d14                MainWindow
 .text.timeBaseParameterWindow
                0x00002f38      0x1d0 Windows.o
                0x00002f38                timeBaseParameterWindow
 .text.locationParameterWindow
                0x00003108       0xf4 Windows.o
                0x00003108                locationParameterWindow
 .text.weatherParameterWindow
                0x000031fc      0x1b2 Windows.o
                0x000031fc                weatherParameterWindow
 .text.isWeatherChanged
                0x000033ae      0x12e Windows.o
                0x000033ae                isWeatherChanged
 .text.isTimeAngleChanged
                0x000034dc       0x88 Windows.o
                0x000034dc                isTimeAngleChanged
 .text.smartScreenUpdater
                0x00003564      0x108 Windows.o
                0x00003564                smartScreenUpdater
 .text.updateRefreshValues
                0x0000366c       0xfe Windows.o
                0x0000366c                updateRefreshValues
 .text.windows  0x0000376a        0xa Windows.o
                0x0000376a                windows
 .text.avr-libc.fplib
                0x00003774        0xe c:/program files (x86)/atmel/studio/7.0/toolchain/avr8/avr8-gnu-toolchain/bin/../lib/gcc/avr/5.4.0/../../../../avr/lib/avrxmega2\libm.a(addsf3.o)
                0x00003774                __subsf3
                0x00003776                __addsf3
 .text.avr-libc.fplib
                0x00003782       0xcc c:/program files (x86)/atmel/studio/7.0/toolchain/avr8/avr8-gnu-toolchain/bin/../lib/gcc/avr/5.4.0/../../../../avr/lib/avrxmega2\libm.a(addsf3x.o)
                0x000037a4                __addsf3x
 .text.avr-libc.fplib
                0x0000384e       0x5e c:/program files (x86)/atmel/studio/7.0/toolchain/avr8/avr8-gnu-toolchain/bin/../lib/gcc/avr/5.4.0/../../../../avr/lib/avrxmega2\libm.a(atan.o)
                0x0000384e                atan
 .text.avr-libc.fplib
                0x000038ac        0xa c:/program files (x86)/atmel/studio/7.0/toolchain/avr8/avr8-gnu-toolchain/bin/../lib/gcc/avr/5.4.0/../../../../avr/lib/avrxmega2\libm.a(cmpsf2.o)
                0x000038ac                __nesf2
                0x000038ac                __eqsf2
                0x000038ac                __cmpsf2
                0x000038ac                __ltsf2
                0x000038ac                __lesf2
 .text.avr-libc.fplib
                0x000038b6        0x8 c:/program files (x86)/atmel/studio/7.0/toolchain/avr8/avr8-gnu-toolchain/bin/../lib/gcc/avr/5.4.0/../../../../avr/lib/avrxmega2\libm.a(divsf3.o)
                0x000038b6                __divsf3
 .text.avr-libc.fplib
                0x000038be       0xdc c:/program files (x86)/atmel/studio/7.0/toolchain/avr8/avr8-gnu-toolchain/bin/../lib/gcc/avr/5.4.0/../../../../avr/lib/avrxmega2\libm.a(divsf3x.o)
                0x000038de                __divsf3x
                0x000038e4                __divsf3_pse
 .text.avr-libc.fplib
                0x0000399a        0xe c:/program files (x86)/atmel/studio/7.0/toolchain/avr8/avr8-gnu-toolchain/bin/../lib/gcc/avr/5.4.0/../../../../avr/lib/avrxmega2\libm.a(fixsfsi.o)
                0x0000399a                __fixsfsi
 .text.avr-libc.fplib
                0x000039a8       0x5e c:/program files (x86)/atmel/studio/7.0/toolchain/avr8/avr8-gnu-toolchain/bin/../lib/gcc/avr/5.4.0/../../../../avr/lib/avrxmega2\libm.a(fixunssfsi.o)
                0x000039a8                __fixunssfsi
 .text.avr-libc.fplib
                0x00003a06        0xc c:/program files (x86)/atmel/studio/7.0/toolchain/avr8/avr8-gnu-toolchain/bin/../lib/gcc/avr/5.4.0/../../../../avr/lib/avrxmega2\libm.a(floatdisf.o)
                0x00003a06                __floatdisf
 .text.avr-libc.fplib
                0x00003a12       0x7a c:/program files (x86)/atmel/studio/7.0/toolchain/avr8/avr8-gnu-toolchain/bin/../lib/gcc/avr/5.4.0/../../../../avr/lib/avrxmega2\libm.a(floatsisf.o)
                0x00003a12                __floatunsisf
                0x00003a16                __floatsisf
 .text.avr-libc.fplib
                0x00003a8c       0x7c c:/program files (x86)/atmel/studio/7.0/toolchain/avr8/avr8-gnu-toolchain/bin/../lib/gcc/avr/5.4.0/../../../../avr/lib/avrxmega2\libm.a(floatundisf.o)
                0x00003a8c                __floatundisf
                0x00003a8e                __fp_di2sf
 .text.avr-libc.fplib
                0x00003b08       0x48 c:/program files (x86)/atmel/studio/7.0/toolchain/avr8/avr8-gnu-toolchain/bin/../lib/gcc/avr/5.4.0/../../../../avr/lib/avrxmega2\libm.a(fp_cmp.o)
                0x00003b08                __fp_cmp
 .text.avr-libc.fplib
                0x00003b50        0xc c:/program files (x86)/atmel/studio/7.0/toolchain/avr8/avr8-gnu-toolchain/bin/../lib/gcc/avr/5.4.0/../../../../avr/lib/avrxmega2\libm.a(fp_inf.o)
                0x00003b50                __fp_inf
 .text.avr-libc.fplib
                0x00003b5c        0x6 c:/program files (x86)/atmel/studio/7.0/toolchain/avr8/avr8-gnu-toolchain/bin/../lib/gcc/avr/5.4.0/../../../../avr/lib/avrxmega2\libm.a(fp_nan.o)
                0x00003b5c                __fp_nan
 .text.avr-libc.fplib
                0x00003b62       0x20 c:/program files (x86)/atmel/studio/7.0/toolchain/avr8/avr8-gnu-toolchain/bin/../lib/gcc/avr/5.4.0/../../../../avr/lib/avrxmega2\libm.a(fp_negdi.o)
                0x00003b62                __fp_negdi
 .text.avr-libc.fplib
                0x00003b82       0x4e c:/program files (x86)/atmel/studio/7.0/toolchain/avr8/avr8-gnu-toolchain/bin/../lib/gcc/avr/5.4.0/../../../../avr/lib/avrxmega2\libm.a(fp_powser.o)
                0x00003b82                __fp_powser
 .text.avr-libc.fplib
                0x00003bd0        0xe c:/program files (x86)/atmel/studio/7.0/toolchain/avr8/avr8-gnu-toolchain/bin/../lib/gcc/avr/5.4.0/../../../../avr/lib/avrxmega2\libm.a(fp_pscA.o)
                0x00003bd0                __fp_pscA
 .text.avr-libc.fplib
                0x00003bde        0xe c:/program files (x86)/atmel/studio/7.0/toolchain/avr8/avr8-gnu-toolchain/bin/../lib/gcc/avr/5.4.0/../../../../avr/lib/avrxmega2\libm.a(fp_pscB.o)
                0x00003bde                __fp_pscB
 .text.avr-libc.fplib
                0x00003bec       0x22 c:/program files (x86)/atmel/studio/7.0/toolchain/avr8/avr8-gnu-toolchain/bin/../lib/gcc/avr/5.4.0/../../../../avr/lib/avrxmega2\libm.a(fp_round.o)
                0x00003bec                __fp_round
 .text.avr-libc.fplib
                0x00003c0e       0x44 c:/program files (x86)/atmel/studio/7.0/toolchain/avr8/avr8-gnu-toolchain/bin/../lib/gcc/avr/5.4.0/../../../../avr/lib/avrxmega2\libm.a(fp_split3.o)
                0x00003c0e                __fp_split3
                0x00003c1e                __fp_splitA
 .text.avr-libc.fplib
                0x00003c52        0xe c:/program files (x86)/atmel/studio/7.0/toolchain/avr8/avr8-gnu-toolchain/bin/../lib/gcc/avr/5.4.0/../../../../avr/lib/avrxmega2\libm.a(fp_zero.o)
                0x00003c52                __fp_zero
                0x00003c54                __fp_szero
 .text.avr-libc.fplib
                0x00003c60        0xa c:/program files (x86)/atmel/studio/7.0/toolchain/avr8/avr8-gnu-toolchain/bin/../lib/gcc/avr/5.4.0/../../../../avr/lib/avrxmega2\libm.a(gesf2.o)
                0x00003c60                __gesf2
                0x00003c60                __gtsf2
 .text.avr-libc.fplib
                0x00003c6a       0x10 c:/program files (x86)/atmel/studio/7.0/toolchain/avr8/avr8-gnu-toolchain/bin/../lib/gcc/avr/5.4.0/../../../../avr/lib/avrxmega2\libm.a(inverse.o)
                0x00003c6a                inverse
 .text.avr-libc.fplib
                0x00003c7a        0x8 c:/program files (x86)/atmel/studio/7.0/toolchain/avr8/avr8-gnu-toolchain/bin/../lib/gcc/avr/5.4.0/../../../../avr/lib/avrxmega2\libm.a(mulsf3.o)
                0x00003c7a                __mulsf3
 .text.avr-libc.fplib
                0x00003c82       0xd2 c:/program files (x86)/atmel/studio/7.0/toolchain/avr8/avr8-gnu-toolchain/bin/../lib/gcc/avr/5.4.0/../../../../avr/lib/avrxmega2\libm.a(mulsf3x.o)
                0x00003ca0                __mulsf3x
                0x00003ca6                __mulsf3_pse
 .text.avr-libc.fplib
                0x00003d54       0x48 c:/program files (x86)/atmel/studio/7.0/toolchain/avr8/avr8-gnu-toolchain/bin/../lib/gcc/avr/5.4.0/../../../../avr/lib/avrxmega2\libm.a(round.o)
                0x00003d54                round
 .text.avr-libc.fplib
                0x00003d9c        0x8 c:/program files (x86)/atmel/studio/7.0/toolchain/avr8/avr8-gnu-toolchain/bin/../lib/gcc/avr/5.4.0/../../../../avr/lib/avrxmega2\libm.a(square.o)
                0x00003d9c                square
 .text.avr-libc.fplib
                0x00003da4       0x4a c:/program files (x86)/atmel/studio/7.0/toolchain/avr8/avr8-gnu-toolchain/bin/../lib/gcc/avr/5.4.0/../../../../avr/lib/avrxmega2\libm.a(tan.o)
                0x00003da4                tan
 .text.avr-libc.fplib
                0x00003dee       0x36 c:/program files (x86)/atmel/studio/7.0/toolchain/avr8/avr8-gnu-toolchain/bin/../lib/gcc/avr/5.4.0/../../../../avr/lib/avrxmega2\libm.a(fp_mintl.o)
                0x00003dee                __fp_mintl
 .text.avr-libc.fplib
                0x00003e24       0x1c c:/program files (x86)/atmel/studio/7.0/toolchain/avr8/avr8-gnu-toolchain/bin/../lib/gcc/avr/5.4.0/../../../../avr/lib/avrxmega2\libm.a(fp_mpack.o)
                0x00003e24                __fp_mpack
                0x00003e28                __fp_mpack_finite
 .text.avr-libc.fplib
                0x00003e40       0x28 c:/program files (x86)/atmel/studio/7.0/toolchain/avr8/avr8-gnu-toolchain/bin/../lib/gcc/avr/5.4.0/../../../../avr/lib/avrxmega2\libm.a(fp_powsodd.o)
                0x00003e40                __fp_powsodd
 .text.avr-libc.fplib
                0x00003e68       0x56 c:/program files (x86)/atmel/studio/7.0/toolchain/avr8/avr8-gnu-toolchain/bin/../lib/gcc/avr/5.4.0/../../../../avr/lib/avrxmega2\libm.a(fp_rempio2.o)
                0x00003e6c                __fp_rempio2
 .text.avr-libc
                0x00003ebe      0x6fa c:/program files (x86)/atmel/studio/7.0/toolchain/avr8/avr8-gnu-toolchain/bin/../lib/gcc/avr/5.4.0/../../../../avr/lib/avrxmega2\libprintf_flt.a(vfprintf_flt.o)
                0x00003ebe                vfprintf
 .text.libgcc.mul
                0x000045b8       0x20 c:/program files (x86)/atmel/studio/7.0/toolchain/avr8/avr8-gnu-toolchain/bin/../lib/gcc/avr/5.4.0/avrxmega2\libgcc.a(_mulsi3.o)
                0x000045b8                __mulsi3
 .text.libgcc.div
                0x000045d8       0x28 c:/program files (x86)/atmel/studio/7.0/toolchain/avr8/avr8-gnu-toolchain/bin/../lib/gcc/avr/5.4.0/avrxmega2\libgcc.a(_udivmodhi4.o)
                0x000045d8                __udivmodhi4
 .text.libgcc.div
                0x00004600       0x28 c:/program files (x86)/atmel/studio/7.0/toolchain/avr8/avr8-gnu-toolchain/bin/../lib/gcc/avr/5.4.0/avrxmega2\libgcc.a(_divmodhi4.o)
                0x00004600                _div
                0x00004600                __divmodhi4
 .text.libgcc.div
                0x00004628       0x44 c:/program files (x86)/atmel/studio/7.0/toolchain/avr8/avr8-gnu-toolchain/bin/../lib/gcc/avr/5.4.0/avrxmega2\libgcc.a(_udivmodsi4.o)
                0x00004628                __udivmodsi4
 .text.libgcc   0x0000466c        0xc c:/program files (x86)/atmel/studio/7.0/toolchain/avr8/avr8-gnu-toolchain/bin/../lib/gcc/avr/5.4.0/avrxmega2\libgcc.a(_tablejump2.o)
                0x0000466c                __tablejump2__
 .text.libgcc.mul
                0x00004678       0x1e c:/program files (x86)/atmel/studio/7.0/toolchain/avr8/avr8-gnu-toolchain/bin/../lib/gcc/avr/5.4.0/avrxmega2\libgcc.a(_umulhisi3.o)
                0x00004678                __umulhisi3
 .text.libgcc.mul
                0x00004696       0x16 c:/program files (x86)/atmel/studio/7.0/toolchain/avr8/avr8-gnu-toolchain/bin/../lib/gcc/avr/5.4.0/avrxmega2\libgcc.a(_muluhisi3.o)
                0x00004696                __muluhisi3
 .text.libgcc.mul
                0x000046ac       0x10 c:/program files (x86)/atmel/studio/7.0/toolchain/avr8/avr8-gnu-toolchain/bin/../lib/gcc/avr/5.4.0/avrxmega2\libgcc.a(_mulshisi3.o)
                0x000046ac                __mulshisi3
                0x000046b2                __mulohisi3
 .text.libgcc.mul
                0x000046bc       0xa0 c:/program files (x86)/atmel/studio/7.0/toolchain/avr8/avr8-gnu-toolchain/bin/../lib/gcc/avr/5.4.0/avrxmega2\libgcc.a(_muldi3.o)
                0x000046bc                __muldi3
 .text.libgcc.mul
                0x0000475c       0x12 c:/program files (x86)/atmel/studio/7.0/toolchain/avr8/avr8-gnu-toolchain/bin/../lib/gcc/avr/5.4.0/avrxmega2\libgcc.a(_muldi3_6.o)
                0x0000475c                __muldi3_6
 .text.libgcc.div
                0x0000476e       0x62 c:/program files (x86)/atmel/studio/7.0/toolchain/avr8/avr8-gnu-toolchain/bin/../lib/gcc/avr/5.4.0/avrxmega2\libgcc.a(_divdi3.o)
                0x0000476e                __moddi3
                0x00004772                __divdi3
                0x00004774                __divdi3_moddi3
 .text.libgcc.div
                0x000047d0       0x1c c:/program files (x86)/atmel/studio/7.0/toolchain/avr8/avr8-gnu-toolchain/bin/../lib/gcc/avr/5.4.0/avrxmega2\libgcc.a(_udivdi3.o)
                0x000047d0                __umoddi3
                0x000047d4                __udivdi3
                0x000047d6                __udivdi3_umoddi3
 .text.libgcc.div
                0x000047ec       0xa2 c:/program files (x86)/atmel/studio/7.0/toolchain/avr8/avr8-gnu-toolchain/bin/../lib/gcc/avr/5.4.0/avrxmega2\libgcc.a(_udivmod64.o)
                0x000047ec                __udivmod64
 .text.libgcc   0x0000488e       0x20 c:/program files (x86)/atmel/studio/7.0/toolchain/avr8/avr8-gnu-toolchain/bin/../lib/gcc/avr/5.4.0/avrxmega2\libgcc.a(_negdi2.o)
                0x0000488e                __negdi2
 .text.libgcc.prologue
                0x000048ae       0x32 c:/program files (x86)/atmel/studio/7.0/toolchain/avr8/avr8-gnu-toolchain/bin/../lib/gcc/avr/5.4.0/avrxmega2\libgcc.a(_prologue.o)
                0x000048ae                __prologue_saves__
 .text.libgcc.prologue
                0x000048e0       0x30 c:/program files (x86)/atmel/studio/7.0/toolchain/avr8/avr8-gnu-toolchain/bin/../lib/gcc/avr/5.4.0/avrxmega2\libgcc.a(_epilogue.o)
                0x000048e0                __epilogue_restores__
 .text.libgcc.builtins
                0x00004910       0x32 c:/program files (x86)/atmel/studio/7.0/toolchain/avr8/avr8-gnu-toolchain/bin/../lib/gcc/avr/5.4.0/avrxmega2\libgcc.a(_ashldi3.o)
                0x00004910                __ashldi3
 .text.libgcc.builtins
                0x00004942       0x3c c:/program files (x86)/atmel/studio/7.0/toolchain/avr8/avr8-gnu-toolchain/bin/../lib/gcc/avr/5.4.0/avrxmega2\libgcc.a(_ashrdi3.o)
                0x00004942                __ashrdi3
                0x00004946                __lshrdi3
 .text.libgcc   0x0000497e       0x12 c:/program files (x86)/atmel/studio/7.0/toolchain/avr8/avr8-gnu-toolchain/bin/../lib/gcc/avr/5.4.0/avrxmega2\libgcc.a(_adddi3.o)
                0x0000497e                __adddi3
 .text.libgcc   0x00004990       0x12 c:/program files (x86)/atmel/studio/7.0/toolchain/avr8/avr8-gnu-toolchain/bin/../lib/gcc/avr/5.4.0/avrxmega2\libgcc.a(_subdi3.o)
                0x00004990                __subdi3
 .text.libgcc   0x000049a2       0x18 c:/program files (x86)/atmel/studio/7.0/toolchain/avr8/avr8-gnu-toolchain/bin/../lib/gcc/avr/5.4.0/avrxmega2\libgcc.a(_cmpdi2_s8.o)
                0x000049a2                __cmpdi2_s8
 .text.avr-libc
                0x000049ba        0x8 c:/program files (x86)/atmel/studio/7.0/toolchain/avr8/avr8-gnu-toolchain/bin/../lib/gcc/avr/5.4.0/../../../../avr/lib/avrxmega2\libc.a(atof.o)
                0x000049ba                atof
 .text.avr-libc
                0x000049c2       0x3c c:/program files (x86)/atmel/studio/7.0/toolchain/avr8/avr8-gnu-toolchain/bin/../lib/gcc/avr/5.4.0/../../../../avr/lib/avrxmega2\libc.a(atoi.o)
                0x000049c2                atoi
 .text.avr-libc
                0x000049fe      0x1b0 c:/program files (x86)/atmel/studio/7.0/toolchain/avr8/avr8-gnu-toolchain/bin/../lib/gcc/avr/5.4.0/../../../../avr/lib/avrxmega2\libc.a(ftoa_engine.o)
                0x000049fe                __ftoa_engine
 .text.avr-libc
                0x00004bae       0x16 c:/program files (x86)/atmel/studio/7.0/toolchain/avr8/avr8-gnu-toolchain/bin/../lib/gcc/avr/5.4.0/../../../../avr/lib/avrxmega2\libc.a(strnlen_P.o)
                0x00004bae                strnlen_P
 .text.avr-libc
                0x00004bc4        0xa c:/program files (x86)/atmel/studio/7.0/toolchain/avr8/avr8-gnu-toolchain/bin/../lib/gcc/avr/5.4.0/../../../../avr/lib/avrxmega2\libc.a(strtok.o)
                0x00004bc4                strtok
 .text.avr-libc
                0x00004bce       0x16 c:/program files (x86)/atmel/studio/7.0/toolchain/avr8/avr8-gnu-toolchain/bin/../lib/gcc/avr/5.4.0/../../../../avr/lib/avrxmega2\libc.a(strnlen.o)
                0x00004bce                strnlen
 .text.avr-libc
                0x00004be4       0x4e c:/program files (x86)/atmel/studio/7.0/toolchain/avr8/avr8-gnu-toolchain/bin/../lib/gcc/avr/5.4.0/../../../../avr/lib/avrxmega2\libc.a(strtok_r.o)
                0x00004be4                strtok_r
 .text.avr-libc
                0x00004c32       0x10 c:/program files (x86)/atmel/studio/7.0/toolchain/avr8/avr8-gnu-toolchain/bin/../lib/gcc/avr/5.4.0/../../../../avr/lib/avrxmega2\libc.a(mul10.o)
                0x00004c32                __mulhi_const_10
 .text.avr-libc
                0x00004c42       0x78 c:/program files (x86)/atmel/studio/7.0/toolchain/avr8/avr8-gnu-toolchain/bin/../lib/gcc/avr/5.4.0/../../../../avr/lib/avrxmega2\libc.a(fputc.o)
                0x00004c42                fputc
 .text.avr-libc
                0x00004cba       0x32 c:/program files (x86)/atmel/studio/7.0/toolchain/avr8/avr8-gnu-toolchain/bin/../lib/gcc/avr/5.4.0/../../../../avr/lib/avrxmega2\libc.a(sscanf.o)
                0x00004cba                sscanf
 .text.avr-libc
                0x00004cec       0x58 c:/program files (x86)/atmel/studio/7.0/toolchain/avr8/avr8-gnu-toolchain/bin/../lib/gcc/avr/5.4.0/../../../../avr/lib/avrxmega2\libc.a(vsnprintf.o)
                0x00004cec                vsnprintf
 .text.avr-libc
                0x00004d44       0xbc c:/program files (x86)/atmel/studio/7.0/toolchain/avr8/avr8-gnu-toolchain/bin/../lib/gcc/avr/5.4.0/../../../../avr/lib/avrxmega2\libc.a(ultoa_invert.o)
                0x00004d44                __ultoa_invert
 .text.avr-libc
                0x00004e00      0x55a c:/program files (x86)/atmel/studio/7.0/toolchain/avr8/avr8-gnu-toolchain/bin/../lib/gcc/avr/5.4.0/../../../../avr/lib/avrxmega2\libc.a(vfscanf_std.o)
                0x00005138                vfscanf
 .text.avr-libc
                0x0000535a      0x29c c:/program files (x86)/atmel/studio/7.0/toolchain/avr8/avr8-gnu-toolchain/bin/../lib/gcc/avr/5.4.0/../../../../avr/lib/avrxmega2\libc.a(strtod.o)
                0x0000535a                strtod
 .text.avr-libc
                0x000055f6       0x12 c:/program files (x86)/atmel/studio/7.0/toolchain/avr8/avr8-gnu-toolchain/bin/../lib/gcc/avr/5.4.0/../../../../avr/lib/avrxmega2\libc.a(isspace.o)
                0x000055f6                isspace
 .text.avr-libc
                0x00005608       0x16 c:/program files (x86)/atmel/studio/7.0/toolchain/avr8/avr8-gnu-toolchain/bin/../lib/gcc/avr/5.4.0/../../../../avr/lib/avrxmega2\libc.a(strchr_P.o)
                0x00005608                strchr_P
 .text.avr-libc
                0x0000561e       0x30 c:/program files (x86)/atmel/studio/7.0/toolchain/avr8/avr8-gnu-toolchain/bin/../lib/gcc/avr/5.4.0/../../../../avr/lib/avrxmega2\libc.a(strncasecmp_P.o)
                0x0000561e                strncasecmp_P
 .text.avr-libc
                0x0000564e       0x7c c:/program files (x86)/atmel/studio/7.0/toolchain/avr8/avr8-gnu-toolchain/bin/../lib/gcc/avr/5.4.0/../../../../avr/lib/avrxmega2\libc.a(fgetc.o)
                0x0000564e                fgetc
 .text.avr-libc
                0x000056ca       0x32 c:/program files (x86)/atmel/studio/7.0/toolchain/avr8/avr8-gnu-toolchain/bin/../lib/gcc/avr/5.4.0/../../../../avr/lib/avrxmega2\libc.a(ungetc.o)
                0x000056ca                ungetc
 .text.avr-libc
                0x000056fc        0x6 c:/program files (x86)/atmel/studio/7.0/toolchain/avr8/avr8-gnu-toolchain/bin/../lib/gcc/avr/5.4.0/../../../../avr/lib/avrxmega2\libc.a(cty_isfalse.o)
                0x000056fc                __ctype_isfalse
                0x00005700                __ctype_istrue
 .text.avr-libc
                0x00005702        0xc C:/Program Files (x86)/Atmel/Studio/7.0/Packs/Atmel/AVR-Dx_DFP/2.6.303/gcc/dev/avr64dd32/avrxmega2\libavr64dd32.a(ccp_write.o)
                0x00005702                ccp_write_io
                0x0000570e                . = ALIGN (0x2)
 *(.fini9)
 .fini9         0x0000570e        0x0 c:/program files (x86)/atmel/studio/7.0/toolchain/avr8/avr8-gnu-toolchain/bin/../lib/gcc/avr/5.4.0/avrxmega2\libgcc.a(_exit.o)
                0x0000570e                _exit
                0x0000570e                exit
 *(.fini9)
 *(.fini8)
 *(.fini8)
 *(.fini7)
 *(.fini7)
 *(.fini6)
 *(.fini6)
 *(.fini5)
 *(.fini5)
 *(.fini4)
 *(.fini4)
 *(.fini3)
 *(.fini3)
 *(.fini2)
 *(.fini2)
 *(.fini1)
 *(.fini1)
 *(.fini0)
 .fini0         0x0000570e        0x4 c:/program files (x86)/atmel/studio/7.0/toolchain/avr8/avr8-gnu-toolchain/bin/../lib/gcc/avr/5.4.0/avrxmega2\libgcc.a(_exit.o)
 *(.fini0)
                0x00005712                _etext = .

.data           0x00806000      0x826 load address 0x00005712
                0x00806000                PROVIDE (__data_start, .)
 *(.data)
 *(.data*)
 .data.BMP280   0x00806000       0x3b BMP390.o
                0x00806000                BMP280
 .data.Date_Clock
                0x0080603b       0x1f Communications.o
                0x0080603b                Date_Clock
 .data.Altitude
                0x0080605a        0x2 ElAndAzComp.o
                0x0080605a                Altitude
 .data.SUN      0x0080605c       0x16 ElAndAzComp.o
                0x0080605c                SUN
 .data.SHT21    0x00806072       0x11 SHT45.o
                0x00806072                SHT21
 .data.font     0x00806083      0x325 SSD1306.o
                0x00806083                font
 .data.ssd1306Commands
                0x008063a8       0x1a SSD1306.o
                0x008063a8                ssd1306Commands
 .data.Refresh  0x008063c2       0x1b Windows.o
                0x008063c2                Refresh
 *(.gnu.linkonce.d*)
 *(.rodata)
 .rodata        0x008063dd       0x18 Communications.o
 *(.rodata*)
 .rodata.str1.1
                0x008063f5       0x18 Communications.o
 .rodata.crc8_table
                0x0080640d      0x100 CRC.o
                0x0080640d                crc8_table
 .rodata.str1.1
                0x0080650d       0x1c main.o
 .rodata.str1.1
                0x00806529       0x18 Wind.o
 .rodata.str1.1
                0x00806541      0x2e5 Windows.o
                                0x300 (size before relaxing)
 *(.gnu.linkonce.r*)
                0x00806826                . = ALIGN (0x2)
                0x00806826                _edata = .
                0x00806826                PROVIDE (__data_end, .)

.bss            0x00806826       0x59
                0x00806826                PROVIDE (__bss_start, .)
 *(.bss)
 .bss           0x00806826        0x2 c:/program files (x86)/atmel/studio/7.0/toolchain/avr8/avr8-gnu-toolchain/bin/../lib/gcc/avr/5.4.0/../../../../avr/lib/avrxmega2\libc.a(strtok.o)
 *(.bss*)
 .bss.I2C       0x00806828        0x1 i2c.o
                0x00806828                I2C
 .bss.hold_counter.4567
                0x00806829        0x2 Keypad3x4.o
 .bss.last_key.4566
                0x0080682b        0x1 Keypad3x4.o
 .bss.Keypad3x4
                0x0080682c        0x2 Keypad3x4.o
                0x0080682c                Keypad3x4
 .bss.Wind      0x0080682e        0x2 Wind.o
                0x0080682e                Wind
 .bss.step.4647
                0x00806830        0x1 Windows.o
 .bss.arrow.4648
                0x00806831       0x26 Windows.o
 .bss.newTimeAndPlace.4646
                0x00806857       0x26 Windows.o
 *(COMMON)
 COMMON         0x0080687d        0x2 c:/program files (x86)/atmel/studio/7.0/toolchain/avr8/avr8-gnu-toolchain/bin/../lib/gcc/avr/5.4.0/../../../../avr/lib/avrxmega2\libc.a(errno.o)
                0x0080687d                errno
                0x0080687f                PROVIDE (__bss_end, .)
                0x00005712                __data_load_start = LOADADDR (.data)
                0x00005f38                __data_load_end = (__data_load_start + SIZEOF (.data))

.noinit         0x0080687f        0x0
                [!provide]                PROVIDE (__noinit_start, .)
 *(.noinit*)
                [!provide]                PROVIDE (__noinit_end, .)
                0x0080687f                _end = .
                [!provide]                PROVIDE (__heap_start, .)

.eeprom         0x00810000        0x0
 *(.eeprom*)
                0x00810000                __eeprom_end = .

.fuse
 *(.fuse)
 *(.lfuse)
 *(.hfuse)
 *(.efuse)

.lock
 *(.lock*)

.signature
 *(.signature*)

.user_signatures
 *(.user_signatures*)

.stab
 *(.stab)

.stabstr
 *(.stabstr)

.stab.excl
 *(.stab.excl)

.stab.exclstr
 *(.stab.exclstr)

.stab.index
 *(.stab.index)

.stab.indexstr
 *(.stab.indexstr)

.comment        0x00000000       0x5c
 *(.comment)
 .comment       0x00000000       0x30 ADC.o
                                 0x31 (size before relaxing)
 .comment       0x00000030       0x31 BMP390.o
 .comment       0x00000030       0x31 CLK.o
 .comment       0x00000030       0x31 Communications.o
 .comment       0x00000030       0x31 CRC.o
 .comment       0x00000030       0x31 ElAndAzComp.o
 .comment       0x00000030       0x31 GPIO.o
 .comment       0x00000030       0x31 i2c.o
 .comment       0x00000030       0x31 Keypad3x4.o
 .comment       0x00000030       0x31 main.o
 .comment       0x00000030       0x31 SHT45.o
 .comment       0x00000030       0x31 SSD1306.o
 .comment       0x00000030       0x31 USART.o
 .comment       0x00000030       0x31 Wind.o
 .comment       0x00000030       0x31 Windows.o
 .comment       0x00000030       0x2c c:/program files (x86)/atmel/studio/7.0/toolchain/avr8/avr8-gnu-toolchain/bin/../lib/gcc/avr/5.4.0/../../../../avr/lib/avrxmega2\libprintf_flt.a(vfprintf_flt.o)
                                 0x2d (size before relaxing)
 .comment       0x0000005c       0x31 c:/program files (x86)/atmel/studio/7.0/toolchain/avr8/avr8-gnu-toolchain/bin/../lib/gcc/avr/5.4.0/../../../../avr/lib/avrxmega2\libc.a(strtok.o)
 .comment       0x0000005c       0x31 c:/program files (x86)/atmel/studio/7.0/toolchain/avr8/avr8-gnu-toolchain/bin/../lib/gcc/avr/5.4.0/../../../../avr/lib/avrxmega2\libc.a(fputc.o)
 .comment       0x0000005c       0x31 c:/program files (x86)/atmel/studio/7.0/toolchain/avr8/avr8-gnu-toolchain/bin/../lib/gcc/avr/5.4.0/../../../../avr/lib/avrxmega2\libc.a(sscanf.o)
 .comment       0x0000005c       0x31 c:/program files (x86)/atmel/studio/7.0/toolchain/avr8/avr8-gnu-toolchain/bin/../lib/gcc/avr/5.4.0/../../../../avr/lib/avrxmega2\libc.a(vsnprintf.o)
 .comment       0x0000005c       0x2d c:/program files (x86)/atmel/studio/7.0/toolchain/avr8/avr8-gnu-toolchain/bin/../lib/gcc/avr/5.4.0/../../../../avr/lib/avrxmega2\libc.a(vfscanf_std.o)
 .comment       0x0000005c       0x31 c:/program files (x86)/atmel/studio/7.0/toolchain/avr8/avr8-gnu-toolchain/bin/../lib/gcc/avr/5.4.0/../../../../avr/lib/avrxmega2\libc.a(strtod.o)
 .comment       0x0000005c       0x31 c:/program files (x86)/atmel/studio/7.0/toolchain/avr8/avr8-gnu-toolchain/bin/../lib/gcc/avr/5.4.0/../../../../avr/lib/avrxmega2\libc.a(fgetc.o)
 .comment       0x0000005c       0x31 c:/program files (x86)/atmel/studio/7.0/toolchain/avr8/avr8-gnu-toolchain/bin/../lib/gcc/avr/5.4.0/../../../../avr/lib/avrxmega2\libc.a(ungetc.o)
 .comment       0x0000005c       0x2d c:/program files (x86)/atmel/studio/7.0/toolchain/avr8/avr8-gnu-toolchain/bin/../lib/gcc/avr/5.4.0/../../../../avr/lib/avrxmega2\libc.a(errno.o)

.note.gnu.avr.deviceinfo
                0x00000000       0x3c
 .note.gnu.avr.deviceinfo
                0x00000000       0x3c C:/Program Files (x86)/Atmel/Studio/7.0/Packs/Atmel/AVR-Dx_DFP/2.6.303/gcc/dev/avr64dd32/avrxmega2/crtavr64dd32.o

.note.gnu.build-id
 *(.note.gnu.build-id)

.debug
 *(.debug)

.line
 *(.line)

.debug_srcinfo
 *(.debug_srcinfo)

.debug_sfnames
 *(.debug_sfnames)

.debug_aranges  0x00000000      0x460
 *(.debug_aranges)
 .debug_aranges
                0x00000000       0x40 ADC.o
 .debug_aranges
                0x00000040       0x60 BMP390.o
 .debug_aranges
                0x000000a0       0x20 CLK.o
 .debug_aranges
                0x000000c0       0x58 Communications.o
 .debug_aranges
                0x00000118       0x20 CRC.o
 .debug_aranges
                0x00000138       0x30 ElAndAzComp.o
 .debug_aranges
                0x00000168       0x20 GPIO.o
 .debug_aranges
                0x00000188       0x50 i2c.o
 .debug_aranges
                0x000001d8       0x30 Keypad3x4.o
 .debug_aranges
                0x00000208       0x20 main.o
 .debug_aranges
                0x00000228       0x40 SHT45.o
 .debug_aranges
                0x00000268       0x78 SSD1306.o
 .debug_aranges
                0x000002e0       0x68 USART.o
 .debug_aranges
                0x00000348       0x30 Wind.o
 .debug_aranges
                0x00000378       0xc8 Windows.o
 .debug_aranges
                0x00000440       0x20 C:/Program Files (x86)/Atmel/Studio/7.0/Packs/Atmel/AVR-Dx_DFP/2.6.303/gcc/dev/avr64dd32/avrxmega2\libavr64dd32.a(ccp_write.o)

.debug_pubnames
 *(.debug_pubnames)

.debug_info     0x00000000     0x7d34
 *(.debug_info .gnu.linkonce.wi.*)
 .debug_info    0x00000000     0x22a4 C:/Program Files (x86)/Atmel/Studio/7.0/Packs/Atmel/AVR-Dx_DFP/2.6.303/gcc/dev/avr64dd32/avrxmega2/crtavr64dd32.o
 .debug_info    0x000022a4      0x546 ADC.o
 .debug_info    0x000027ea      0x5aa BMP390.o
 .debug_info    0x00002d94      0x307 CLK.o
 .debug_info    0x0000309b      0x4b7 Communications.o
 .debug_info    0x00003552      0x129 CRC.o
 .debug_info    0x0000367b      0x547 ElAndAzComp.o
 .debug_info    0x00003bc2      0x403 GPIO.o
 .debug_info    0x00003fc5      0x604 i2c.o
 .debug_info    0x000045c9      0x4a8 Keypad3x4.o
 .debug_info    0x00004a71      0x5f1 main.o
 .debug_info    0x00005062      0x7b3 SHT45.o
 .debug_info    0x00005815      0x826 SSD1306.o
 .debug_info    0x0000603b      0x79a USART.o
 .debug_info    0x000067d5      0x1bc Wind.o
 .debug_info    0x00006991     0x12fa Windows.o
 .debug_info    0x00007c8b       0xa9 C:/Program Files (x86)/Atmel/Studio/7.0/Packs/Atmel/AVR-Dx_DFP/2.6.303/gcc/dev/avr64dd32/avrxmega2\libavr64dd32.a(ccp_write.o)

.debug_abbrev   0x00000000     0x38a2
 *(.debug_abbrev)
 .debug_abbrev  0x00000000     0x20ce C:/Program Files (x86)/Atmel/Studio/7.0/Packs/Atmel/AVR-Dx_DFP/2.6.303/gcc/dev/avr64dd32/avrxmega2/crtavr64dd32.o
 .debug_abbrev  0x000020ce      0x138 ADC.o
 .debug_abbrev  0x00002206      0x12e BMP390.o
 .debug_abbrev  0x00002334       0xe5 CLK.o
 .debug_abbrev  0x00002419      0x1f1 Communications.o
 .debug_abbrev  0x0000260a       0xaa CRC.o
 .debug_abbrev  0x000026b4      0x135 ElAndAzComp.o
 .debug_abbrev  0x000027e9       0xbc GPIO.o
 .debug_abbrev  0x000028a5      0x1e1 i2c.o
 .debug_abbrev  0x00002a86      0x1b5 Keypad3x4.o
 .debug_abbrev  0x00002c3b      0x103 main.o
 .debug_abbrev  0x00002d3e      0x279 SHT45.o
 .debug_abbrev  0x00002fb7      0x1ca SSD1306.o
 .debug_abbrev  0x00003181      0x292 USART.o
 .debug_abbrev  0x00003413      0x104 Wind.o
 .debug_abbrev  0x00003517      0x377 Windows.o
 .debug_abbrev  0x0000388e       0x14 C:/Program Files (x86)/Atmel/Studio/7.0/Packs/Atmel/AVR-Dx_DFP/2.6.303/gcc/dev/avr64dd32/avrxmega2\libavr64dd32.a(ccp_write.o)

.debug_line     0x00000000     0x30af
 *(.debug_line .debug_line.* .debug_line_end)
 .debug_line    0x00000000      0x16f C:/Program Files (x86)/Atmel/Studio/7.0/Packs/Atmel/AVR-Dx_DFP/2.6.303/gcc/dev/avr64dd32/avrxmega2/crtavr64dd32.o
 .debug_line    0x0000016f      0x197 ADC.o
 .debug_line    0x00000306      0x33c BMP390.o
 .debug_line    0x00000642      0x181 CLK.o
 .debug_line    0x000007c3      0x349 Communications.o
 .debug_line    0x00000b0c       0xca CRC.o
 .debug_line    0x00000bd6      0x17c ElAndAzComp.o
 .debug_line    0x00000d52      0x1a1 GPIO.o
 .debug_line    0x00000ef3      0x33e i2c.o
 .debug_line    0x00001231      0x2e3 Keypad3x4.o
 .debug_line    0x00001514      0x259 main.o
 .debug_line    0x0000176d      0x32e SHT45.o
 .debug_line    0x00001a9b      0x4ca SSD1306.o
 .debug_line    0x00001f65      0x345 USART.o
 .debug_line    0x000022aa      0x170 Wind.o
 .debug_line    0x0000241a      0xc2e Windows.o
 .debug_line    0x00003048       0x67 C:/Program Files (x86)/Atmel/Studio/7.0/Packs/Atmel/AVR-Dx_DFP/2.6.303/gcc/dev/avr64dd32/avrxmega2\libavr64dd32.a(ccp_write.o)

.debug_frame    0x00000000     0x1304
 *(.debug_frame)
 .debug_frame   0x00000000       0x64 ADC.o
 .debug_frame   0x00000064      0x1cc BMP390.o
 .debug_frame   0x00000230       0x24 CLK.o
 .debug_frame   0x00000254      0x148 Communications.o
 .debug_frame   0x0000039c       0x44 CRC.o
 .debug_frame   0x000003e0       0x90 ElAndAzComp.o
 .debug_frame   0x00000470       0x24 GPIO.o
 .debug_frame   0x00000494      0x104 i2c.o
 .debug_frame   0x00000598       0x5c Keypad3x4.o
 .debug_frame   0x000005f4       0x68 main.o
 .debug_frame   0x0000065c       0x9c SHT45.o
 .debug_frame   0x000006f8      0x184 SSD1306.o
 .debug_frame   0x0000087c       0xf4 USART.o
 .debug_frame   0x00000970       0x44 Wind.o
 .debug_frame   0x000009b4      0x950 Windows.o

.debug_str      0x00000000     0x2ce6
 *(.debug_str)
 .debug_str     0x00000000      0xefb C:/Program Files (x86)/Atmel/Studio/7.0/Packs/Atmel/AVR-Dx_DFP/2.6.303/gcc/dev/avr64dd32/avrxmega2/crtavr64dd32.o
 .debug_str     0x00000efb      0x797 ADC.o
                                0x7f3 (size before relaxing)
 .debug_str     0x00001692      0x1b2 BMP390.o
                                0x3c6 (size before relaxing)
 .debug_str     0x00001844      0x213 CLK.o
                                0x406 (size before relaxing)
 .debug_str     0x00001a57      0x19b Communications.o
                                0x390 (size before relaxing)
 .debug_str     0x00001bf2       0x47 CRC.o
                                0x218 (size before relaxing)
 .debug_str     0x00001c39       0xb6 ElAndAzComp.o
                                0x40f (size before relaxing)
 .debug_str     0x00001cef      0x330 GPIO.o
                                0x515 (size before relaxing)
 .debug_str     0x0000201f      0x29b i2c.o
                                0x4b9 (size before relaxing)
 .debug_str     0x000022ba       0xaf Keypad3x4.o
                                0x373 (size before relaxing)
 .debug_str     0x00002369       0x30 main.o
                                0x473 (size before relaxing)
 .debug_str     0x00002399       0x77 SHT45.o
                                0x404 (size before relaxing)
 .debug_str     0x00002410      0x1d6 SSD1306.o
                                0x403 (size before relaxing)
 .debug_str     0x000025e6      0x36c USART.o
                                0x670 (size before relaxing)
 .debug_str     0x00002952       0x4b Wind.o
                                0x251 (size before relaxing)
 .debug_str     0x0000299d      0x349 Windows.o
                                0x9a3 (size before relaxing)

.debug_loc      0x00000000     0x5706
 *(.debug_loc)
 .debug_loc     0x00000000      0xc7e BMP390.o
 .debug_loc     0x00000c7e      0x579 Communications.o
 .debug_loc     0x000011f7       0xf8 CRC.o
 .debug_loc     0x000012ef      0x20e ElAndAzComp.o
 .debug_loc     0x000014fd      0x62f i2c.o
 .debug_loc     0x00001b2c      0x198 Keypad3x4.o
 .debug_loc     0x00001cc4      0x133 main.o
 .debug_loc     0x00001df7      0x4d1 SHT45.o
 .debug_loc     0x000022c8      0x74c SSD1306.o
 .debug_loc     0x00002a14      0x282 USART.o
 .debug_loc     0x00002c96       0x58 Wind.o
 .debug_loc     0x00002cee     0x2a18 Windows.o

.debug_macinfo
 *(.debug_macinfo)

.debug_weaknames
 *(.debug_weaknames)

.debug_funcnames
 *(.debug_funcnames)

.debug_typenames
 *(.debug_typenames)

.debug_varnames
 *(.debug_varnames)

.debug_pubtypes
 *(.debug_pubtypes)

.debug_ranges   0x00000000      0x3f8
 *(.debug_ranges)
 .debug_ranges  0x00000000       0x30 ADC.o
 .debug_ranges  0x00000030       0x50 BMP390.o
 .debug_ranges  0x00000080       0x10 CLK.o
 .debug_ranges  0x00000090       0x48 Communications.o
 .debug_ranges  0x000000d8       0x10 CRC.o
 .debug_ranges  0x000000e8       0x20 ElAndAzComp.o
 .debug_ranges  0x00000108       0x10 GPIO.o
 .debug_ranges  0x00000118       0x58 i2c.o
 .debug_ranges  0x00000170       0x20 Keypad3x4.o
 .debug_ranges  0x00000190       0x10 main.o
 .debug_ranges  0x000001a0       0x60 SHT45.o
 .debug_ranges  0x00000200       0x68 SSD1306.o
 .debug_ranges  0x00000268       0x58 USART.o
 .debug_ranges  0x000002c0       0x20 Wind.o
 .debug_ranges  0x000002e0      0x118 Windows.o

.debug_macro
 *(.debug_macro)
OUTPUT(AVR64DD32-SUNFLOWER-WEATHER-STATION.elf elf32-avr)
LOAD linker stubs
