Archive member included to satisfy reference by file (symbol)

c:/program files (x86)/atmel/studio/7.0/toolchain/avr8/avr8-gnu-toolchain/bin/../lib/gcc/avr/5.4.0/../../../../avr/lib/avrxmega2\libm.a(addsf3.o)
                              SHT45.o (__subsf3)
c:/program files (x86)/atmel/studio/7.0/toolchain/avr8/avr8-gnu-toolchain/bin/../lib/gcc/avr/5.4.0/../../../../avr/lib/avrxmega2\libm.a(addsf3x.o)
                              c:/program files (x86)/atmel/studio/7.0/toolchain/avr8/avr8-gnu-toolchain/bin/../lib/gcc/avr/5.4.0/../../../../avr/lib/avrxmega2\libm.a(addsf3.o) (__addsf3x)
c:/program files (x86)/atmel/studio/7.0/toolchain/avr8/avr8-gnu-toolchain/bin/../lib/gcc/avr/5.4.0/../../../../avr/lib/avrxmega2\libm.a(atan.o)
                              ElAndAzComp.o (atan)
c:/program files (x86)/atmel/studio/7.0/toolchain/avr8/avr8-gnu-toolchain/bin/../lib/gcc/avr/5.4.0/../../../../avr/lib/avrxmega2\libm.a(cmpsf2.o)
                              Communications.o (__ltsf2)
c:/program files (x86)/atmel/studio/7.0/toolchain/avr8/avr8-gnu-toolchain/bin/../lib/gcc/avr/5.4.0/../../../../avr/lib/avrxmega2\libm.a(divsf3.o)
                              BMP390.o (__divsf3)
c:/program files (x86)/atmel/studio/7.0/toolchain/avr8/avr8-gnu-toolchain/bin/../lib/gcc/avr/5.4.0/../../../../avr/lib/avrxmega2\libm.a(divsf3x.o)
                              c:/program files (x86)/atmel/studio/7.0/toolchain/avr8/avr8-gnu-toolchain/bin/../lib/gcc/avr/5.4.0/../../../../avr/lib/avrxmega2\libm.a(divsf3.o) (__divsf3x)
c:/program files (x86)/atmel/studio/7.0/toolchain/avr8/avr8-gnu-toolchain/bin/../lib/gcc/avr/5.4.0/../../../../avr/lib/avrxmega2\libm.a(fixsfsi.o)
                              Windows.o (__fixsfsi)
c:/program files (x86)/atmel/studio/7.0/toolchain/avr8/avr8-gnu-toolchain/bin/../lib/gcc/avr/5.4.0/../../../../avr/lib/avrxmega2\libm.a(fixunssfsi.o)
                              ElAndAzComp.o (__fixunssfsi)
c:/program files (x86)/atmel/studio/7.0/toolchain/avr8/avr8-gnu-toolchain/bin/../lib/gcc/avr/5.4.0/../../../../avr/lib/avrxmega2\libm.a(floatdisf.o)
                              BMP390.o (__floatdisf)
c:/program files (x86)/atmel/studio/7.0/toolchain/avr8/avr8-gnu-toolchain/bin/../lib/gcc/avr/5.4.0/../../../../avr/lib/avrxmega2\libm.a(floatsisf.o)
                              ElAndAzComp.o (__floatunsisf)
c:/program files (x86)/atmel/studio/7.0/toolchain/avr8/avr8-gnu-toolchain/bin/../lib/gcc/avr/5.4.0/../../../../avr/lib/avrxmega2\libm.a(floatundisf.o)
                              c:/program files (x86)/atmel/studio/7.0/toolchain/avr8/avr8-gnu-toolchain/bin/../lib/gcc/avr/5.4.0/../../../../avr/lib/avrxmega2\libm.a(floatdisf.o) (__fp_di2sf)
c:/program files (x86)/atmel/studio/7.0/toolchain/avr8/avr8-gnu-toolchain/bin/../lib/gcc/avr/5.4.0/../../../../avr/lib/avrxmega2\libm.a(fp_cmp.o)
                              c:/program files (x86)/atmel/studio/7.0/toolchain/avr8/avr8-gnu-toolchain/bin/../lib/gcc/avr/5.4.0/../../../../avr/lib/avrxmega2\libm.a(cmpsf2.o) (__fp_cmp)
c:/program files (x86)/atmel/studio/7.0/toolchain/avr8/avr8-gnu-toolchain/bin/../lib/gcc/avr/5.4.0/../../../../avr/lib/avrxmega2\libm.a(fp_inf.o)
                              c:/program files (x86)/atmel/studio/7.0/toolchain/avr8/avr8-gnu-toolchain/bin/../lib/gcc/avr/5.4.0/../../../../avr/lib/avrxmega2\libm.a(addsf3x.o) (__fp_inf)
c:/program files (x86)/atmel/studio/7.0/toolchain/avr8/avr8-gnu-toolchain/bin/../lib/gcc/avr/5.4.0/../../../../avr/lib/avrxmega2\libm.a(fp_nan.o)
                              c:/program files (x86)/atmel/studio/7.0/toolchain/avr8/avr8-gnu-toolchain/bin/../lib/gcc/avr/5.4.0/../../../../avr/lib/avrxmega2\libm.a(addsf3x.o) (__fp_nan)
c:/program files (x86)/atmel/studio/7.0/toolchain/avr8/avr8-gnu-toolchain/bin/../lib/gcc/avr/5.4.0/../../../../avr/lib/avrxmega2\libm.a(fp_negdi.o)
                              c:/program files (x86)/atmel/studio/7.0/toolchain/avr8/avr8-gnu-toolchain/bin/../lib/gcc/avr/5.4.0/../../../../avr/lib/avrxmega2\libm.a(floatdisf.o) (__fp_negdi)
c:/program files (x86)/atmel/studio/7.0/toolchain/avr8/avr8-gnu-toolchain/bin/../lib/gcc/avr/5.4.0/../../../../avr/lib/avrxmega2\libm.a(fp_powser.o)
                              c:/program files (x86)/atmel/studio/7.0/toolchain/avr8/avr8-gnu-toolchain/bin/../lib/gcc/avr/5.4.0/../../../../avr/lib/avrxmega2\libm.a(atan.o) (__fp_powser)
c:/program files (x86)/atmel/studio/7.0/toolchain/avr8/avr8-gnu-toolchain/bin/../lib/gcc/avr/5.4.0/../../../../avr/lib/avrxmega2\libm.a(fp_pscA.o)
                              c:/program files (x86)/atmel/studio/7.0/toolchain/avr8/avr8-gnu-toolchain/bin/../lib/gcc/avr/5.4.0/../../../../avr/lib/avrxmega2\libm.a(addsf3x.o) (__fp_pscA)
c:/program files (x86)/atmel/studio/7.0/toolchain/avr8/avr8-gnu-toolchain/bin/../lib/gcc/avr/5.4.0/../../../../avr/lib/avrxmega2\libm.a(fp_pscB.o)
[...]
Memory Configuration

Name             Origin             Length             Attributes
text             0x00000000         0x00010000         xr
data             0x00806000         0x00002000         rw !x
eeprom           0x00810000         0x00000100         rw !x
fuse             0x00820000         0x00000010         rw !x
lock             0x00830000         0x00000400         rw !x
signature        0x00840000         0x00000400         rw !x
user_signatures  0x00850000         0x00000400         rw !x
*default*        0x00000000         0xffffffff

Linker script and memory map

Address of section .data set to 0x806000
                0x00008000                __RODATA_PM_OFFSET__ = 0x8000
LOAD C:/Program Files (x86)/Atmel/Studio/7.0/Packs/Atmel/AVR-Dx_DFP/2.6.303/gcc/dev/avr64dd32/avrxmega2/crtavr64dd32.o
LOAD ADC.o
LOAD BMP390.o
LOAD CLK.o
LOAD Communications.o
LOAD CRC.o
LOAD ElAndAzComp.o
LOAD GPIO.o
LOAD i2c.o
LOAD Keypad3x4.o
LOAD main.o
LOAD SHT45.o
LOAD SSD1306.o
LOAD USART.o
LOAD Wind.o
LOAD Windows.o
START GROUP
LOAD c:/program files (x86)/atmel/studio/7.0/toolchain/avr8/avr8-gnu-toolchain/bin/../lib/gcc/avr/5.4.0/../../../../avr/lib/avrxmega2\libm.a
END GROUP
LOAD c:/program files (x86)/atmel/studio/7.0/toolchain/avr8/avr8-gnu-toolchain/bin/../lib/gcc/avr/5.4.0/../../../../avr/lib/avrxmega2\libprintf_flt.a
START GROUP
LOAD c:/program files (x86)/atmel/studio/7.0/toolchain/avr8/avr8-gnu-toolchain/bin/../lib/gcc/avr/5.4.0/avrxmega2\libgcc.a
LOAD c:/program files (x86)/atmel/studio/7.0/toolchain/avr8/avr8-gnu-toolchain/bin/../lib/gcc/avr/5.4.0/../../../../avr/lib/avrxmega2\libm.a
LOAD c:/program files (x86)/atmel/studio/7.0/toolchain/avr8/avr8-gnu-toolchain/bin/../lib/gcc/avr/5.4.0/../../../../avr/lib/avrxmega2\libc.a
LOAD C:/Program Files (x86)/Atmel/Studio/7.0/Packs/Atmel/AVR-Dx_DFP/2.6.303/gcc/dev/avr64dd32/avrxmega2\libavr64dd32.a
END GROUP
                [0x00000000]                __TEXT_REGION_ORIGIN__ = DEFINED (__TEXT_REGION_ORIGIN__)?__TEXT_REGION_ORIGIN__:0x0
                [0x00806000]                __DATA_REGION_ORIGIN__ = DEFINED (__DATA_REGION_ORIGIN__)?__DATA_REGION_ORIGIN__:0x802000
                [0x00010000]                __TEXT_REGION_LENGTH__ = DEFINED (__TEXT_REGION_LENGTH__)?__TEXT_REGION_LENGTH__:0x100000
                [0x00002000]                __DATA_REGION_LENGTH__ = DEFINED (__DATA_REGION_LENGTH__)?__DATA_REGION_LENGTH__:0xffa0
                [0x00000100]                __EEPROM_REGION_LENGTH__ = DEFINED (__EEPROM_REGION_LENGTH__)?__EEPROM_REGION_LENGTH__:0x10000
                [0x00000010]                __FUSE_REGION_LENGTH__ = DEFINED (__FUSE_REGION_LENGTH__)?__FUSE_REGION_LENGTH__:0x400
                0x00000400                __LOCK_REGION_LENGTH__ = DEFINED (__LOCK_REGION_LENGTH__)?__LOCK_REGION_LENGTH__:0x400
                0x00000400                __SIGNATURE_REGION_LENGTH__ = DEFINED (__SIGNATURE_REGION_LENGTH__)?__SIGNATURE_REGION_LENGTH__:0x400
                0x00000400                __USER_SIGNATURE_REGION_LENGTH__ = DEFINED (__USER_SIGNATURE_REGION_LENGTH__)?__USER_SIGNATURE_REGION_LENGTH__:0x400

.hash
 *(.hash)

.dynsym
 *(.dynsym)

.dynstr
 *(.dynstr)

.gnu.version
 *(.gnu.version)

.gnu.version_d
 *(.gnu.version_d)

.gnu.version_r
 *(.gnu.version_r)

.rel.init
 *(.rel.init)

.rela.init
 *(.rela.init)

.rel.text
 *(.rel.text)
 *(.rel.text.*)
 *(.rel.gnu.linkonce.t*)

.rela.text
 *(.rela.text)
 *(.rela.text.*)
 *(.rela.gnu.linkonce.t*)

.rel.fini
 *(.rel.fini)

.rela.fini
 *(.rela.fini)

.rel.rodata
 *(.rel.rodata)
 *(.rel.rodata.*)
 *(.rel.gnu.linkonce.r*)

.rela.rodata
 *(.rela.rodata)
 *(.rela.rodata.*)
 *(.rela.gnu.linkonce.r*)

.rel.data
 *(.rel.data)
 *(.rel.data.*)
 *(.rel.gnu.linkonce.d*)

.rela.data
 *(.rela.data)
 *(.rela.data.*)
 *(.rela.gnu.linkonce.d*)

.rel.ctors
 *(.rel.ctors)

.rela.ctors
 *(.rela.ctors)

.rel.dtors
 *(.rel.dtors)

.rela.dtors
 *(.rela.dtors)

.rel.got
 *(.rel.got)

.rela.got
 *(.rela.got)

.rel.bss
 *(.rel.bss)

.rela.bss
 *(.rela.bss)

.rel.plt
 *(.rel.plt)

.rela.plt
 *(.rela.plt)

.text           0x00000000     0x53d2
 *(.vectors)
 .vectors       0x00000000       0x90 C:/Program Files (x86)/Atmel/Studio/7.0/Packs/Atmel/AVR-Dx_DFP/2.6.303/gcc/dev/avr64dd32/avrxmega2/crtavr64dd32.o
                0x00000000                __vector_default
                0x00000000                __vectors
 *(.vectors)
 *(.progmem.gcc*)
 .progmem.gcc_sw_table.WindDirNames
                0x00000090        0xe Wind.o
 .progmem.gcc_sw_table.extractDigitFromTime
                0x0000009e       0x1c Windows.o
 .progmem.gcc_fplib
                0x000000ba       0x2d c:/program files (x86)/atmel/studio/7.0/toolchain/avr8/avr8-gnu-toolchain/bin/../lib/gcc/avr/5.4.0/../../../../avr/lib/avrxmega2\libm.a(atan.o)
 .progmem.gcc_fplib
                0x000000e7       0x23 c:/program files (x86)/atmel/studio/7.0/toolchain/avr8/avr8-gnu-toolchain/bin/../lib/gcc/avr/5.4.0/../../../../avr/lib/avrxmega2\libm.a(tan.o)
                0x0000010a                . = ALIGN (0x2)
                0x0000010a                __trampolines_start = .
 *(.trampolines)
 .trampolines   0x0000010a        0x0 linker stubs
 *(.trampolines*)
                0x0000010a                __trampolines_end = .
 *libprintf_flt.a:*(.progmem.data)
 .progmem.data  0x0000010a        0x8 c:/program files (x86)/atmel/studio/7.0/toolchain/avr8/avr8-gnu-toolchain/bin/../lib/gcc/avr/5.4.0/../../../../avr/lib/avrxmega2\libprintf_flt.a(vfprintf_flt.o)
 *libc.a:*(.progmem.data)
 .progmem.data  0x00000112       0xfa c:/program files (x86)/atmel/studio/7.0/toolchain/avr8/avr8-gnu-toolchain/bin/../lib/gcc/avr/5.4.0/../../../../avr/lib/avrxmega2\libc.a(ftoa_engine.o)
 .progmem.data  0x0000020c        0xc c:/program files (x86)/atmel/studio/7.0/toolchain/avr8/avr8-gnu-toolchain/bin/../lib/gcc/avr/5.4.0/../../../../avr/lib/avrxmega2\libc.a(vfscanf_std.o)
 .progmem.data  0x00000218       0x3b c:/program files (x86)/atmel/studio/7.0/toolchain/avr8/avr8-gnu-toolchain/bin/../lib/gcc/avr/5.4.0/../../../../avr/lib/avrxmega2\libc.a(strtod.o)
 *(.progmem*)
                0x00000254                . = ALIGN (0x2)
 *fill*         0x00000253        0x1 
 *(.jumptables)
 *(.jumptables*)
 *(.lowtext)
 *(.lowtext*)
                0x00000254                __ctors_start = .
 *(.ctors)
                0x00000254                __ctors_end = .
                0x00000254                __dtors_start = .
 *(.dtors)
                0x00000254                __dtors_end = .
 SORT(*)(.ctors)
 SORT(*)(.dtors)
 *(.init0)
 .init0         0x00000254        0x0 C:/Program Files (x86)/Atmel/Studio/7.0/Packs/Atmel/AVR-Dx_DFP/2.6.303/gcc/dev/avr64dd32/avrxmega2/crtavr64dd32.o
                0x00000254                __init
 *(.init0)
 *(.init1)
 *(.init1)
 *(.init2)
 .init2         0x00000254        0xc C:/Program Files (x86)/Atmel/Studio/7.0/Packs/Atmel/AVR-Dx_DFP/2.6.303/gcc/dev/avr64dd32/avrxmega2/crtavr64dd32.o
 *(.init2)
 *(.init3)
 *(.init3)
 *(.init4)
 .init4         0x00000260       0x16 c:/program files (x86)/atmel/studio/7.0/toolchain/avr8/avr8-gnu-toolchain/bin/../lib/gcc/avr/5.4.0/avrxmega2\libgcc.a(_copy_data.o)
                0x00000260                __do_copy_data
 .init4         0x00000276       0x10 c:/program files (x86)/atmel/studio/7.0/toolchain/avr8/avr8-gnu-toolchain/bin/../lib/gcc/avr/5.4.0/avrxmega2\libgcc.a(_clear_bss.o)
                0x00000276                __do_clear_bss
 *(.init4)
 *(.init5)
 *(.init5)
 *(.init6)
 *(.init6)
 *(.init7)
 *(.init7)
 *(.init8)
 *(.init8)
 *(.init9)
 .init9         0x00000286        0x8 C:/Program Files (x86)/Atmel/Studio/7.0/Packs/Atmel/AVR-Dx_DFP/2.6.303/gcc/dev/avr64dd32/avrxmega2/crtavr64dd32.o
 *(.init9)
 *(.text)
 .text          0x0000028e        0x4 C:/Program Files (x86)/Atmel/Studio/7.0/Packs/Atmel/AVR-Dx_DFP/2.6.303/gcc/dev/avr64dd32/avrxmega2/crtavr64dd32.o
                0x0000028e                __vector_22
                0x0000028e                __vector_28
                0x0000028e                __vector_1
                0x0000028e                __vector_32
                0x0000028e                __vector_34
                0x0000028e                __vector_24
                0x0000028e                __vector_12
                0x0000028e                __bad_interrupt
                0x0000028e                __vector_6
                0x0000028e                __vector_31
                0x0000028e                __vector_35
                0x0000028e                __vector_3
                0x0000028e                __vector_23
                0x0000028e                __vector_30
                0x0000028e                __vector_25
                0x0000028e                __vector_11
                0x0000028e                __vector_13
                0x0000028e                __vector_17
                0x0000028e                __vector_19
                0x0000028e                __vector_7
                0x0000028e                __vector_27
                0x0000028e                __vector_5
                0x0000028e                __vector_33
                0x0000028e                __vector_4
                0x0000028e                __vector_9
                0x0000028e                __vector_2
                0x0000028e                __vector_21
                0x0000028e                __vector_15
                0x0000028e                __vector_29
                0x0000028e                __vector_8
                0x0000028e                __vector_26
                0x0000028e                __vector_14
                0x0000028e                __vector_10
                0x0000028e                __vector_16
                0x0000028e                __vector_18
                0x0000028e                __vector_20
                0x00000292                . = ALIGN (0x2)
 *(.text.*)
 .text.ADC0_init
                0x00000292       0x10 ADC.o
                0x00000292                ADC0_init
 .text.ADC0_SetupWS
                0x000002a2        0xe ADC.o
                0x000002a2                ADC0_SetupWS
 .text.ADC0_SetupWD
                0x000002b0        0xe ADC.o
                0x000002b0                ADC0_SetupWD
 .text.ADC0_SetupSLS
                0x000002be        0xc ADC.o
                0x000002be                ADC0_SetupSLS
 .text.ADC0_read
                0x000002ca       0x28 ADC.o
                0x000002ca                ADC0_read
 .text.ReadBMP280Calibration
                0x000002f2      0x368 BMP390.o
                0x000002f2                ReadBMP280Calibration
 .text.WriteBMP280Config
                0x0000065a       0x46 BMP390.o
                0x0000065a                WriteBMP280Config
 .text.ReadBMP280Status
                0x000006a0       0x1e BMP390.o
                0x000006a0                ReadBMP280Status
 .text.ReadBMP280TP
                0x000006be       0x56 BMP390.o
                0x000006be                ReadBMP280TP
 .text.CalcTrueTemp
                0x00000714      0x158 BMP390.o
                0x00000714                CalcTrueTemp
 .text.CalcTruePres
                0x0000086c      0x448 BMP390.o
                0x0000086c                CalcTruePres
 .text.CLOCK_XOSCHF_clock_init
                0x00000cb4       0x1e CLK.o
                0x00000cb4                CLOCK_XOSCHF_clock_init
 .text.executeCommand
                0x00000cd2      0x130 Communications.o
                0x00000cd2                executeCommand
 .text.ClockAndDataReader
                0x00000e02       0xa4 Communications.o
                0x00000e02                ClockAndDataReader
 .text.isLeapYear
                0x00000ea6       0x6e Communications.o
                0x00000ea6                isLeapYear
 .text.isValidDateTime
                0x00000f14       0xca Communications.o
                0x00000f14                isValidDateTime
 .text.isValidTimeZone
                0x00000fde        0xe Communications.o
                0x00000fde                isValidTimeZone
 .text.isValidAltitude
                0x00000fec       0x12 Communications.o
                0x00000fec                isValidAltitude
 .text.isValidLatitude
                0x00000ffe       0x44 Communications.o
                0x00000ffe                isValidLatitude
 .text.isValidLongitude
                0x00001042       0x44 Communications.o
                0x00001042                isValidLongitude
 .text.CRC8MAXIM
                0x00001086       0x64 CRC.o
                0x00001086                CRC8MAXIM
 .text.calculate_refraction
                0x000010ea      0x196 ElAndAzComp.o
                0x000010ea                calculate_refraction
 .text.correct_solar_angles
                0x00001280       0x40 ElAndAzComp.o
                0x00001280                correct_solar_angles
 .text.SunLevel
                0x000012c0       0x2c ElAndAzComp.o
                0x000012c0                SunLevel
 .text.GPIO_init
                0x000012ec       0xa4 GPIO.o
                0x000012ec                GPIO_init
 .text.I2C_init
                0x00001390       0x14 i2c.o
                0x00001390                I2C_init
 .text.TransmitAdd
                0x000013a4       0x54 i2c.o
                0x000013a4                TransmitAdd
 .text.TransmitByte
                0x000013f8       0x56 i2c.o
                0x000013f8                TransmitByte
 .text.ReadByteInf
                0x0000144e       0x44 i2c.o
                0x0000144e                ReadByteInf
 .text.ReadReg  0x00001492       0x56 i2c.o
                0x00001492                ReadReg
 .text.WriteToReg
                0x000014e8       0x32 i2c.o
                0x000014e8                WriteToReg
 .text.ReadMulti
                0x0000151a      0x15a i2c.o
                0x0000151a                ReadMulti
 .text.scan_keypad
                0x00001674       0x9a Keypad3x4.o
                0x00001674                scan_keypad
 .text.keypad   0x0000170e       0x6e Keypad3x4.o
                0x0000170e                keypad
 .text.main     0x0000177c      0x112 main.o
                0x0000177c                main
 .text.SHT21_Settings_Write
                0x0000188e       0x28 SHT45.o
                0x0000188e                SHT21_Settings_Write
 .text.SHT21_Read
                0x000018b6      0x1d4 SHT45.o
                0x000018b6                SHT21_Read
 .text.Separator
                0x00001a8a       0x96 SHT45.o
                0x00001a8a                Separator
 .text.screen_command
                0x00001b20        0xc SSD1306.o
                0x00001b20                screen_command
 .text.screen_data
                0x00001b2c        0xc SSD1306.o
                0x00001b2c                screen_data
 .text.screen_init
                0x00001b38       0x26 SSD1306.o
                0x00001b38                screen_init
 .text.screen_draw_char
                0x00001b5e       0x68 SSD1306.o
                0x00001b5e                screen_draw_char
 .text.screen_clear
                0x00001bc6       0x4a SSD1306.o
                0x00001bc6                screen_clear
 .text.screen_draw_text
                0x00001c10       0x3e SSD1306.o
                0x00001c10                screen_draw_text
 .text.screen_write_text
                0x00001c4e       0x4e SSD1306.o
                0x00001c4e                screen_write_text
 .text.calculate_start_pixel
                0x00001c9c       0x4a SSD1306.o
                0x00001c9c                calculate_start_pixel
 .text.screen_write_text_aligned
                0x00001ce6       0x22 SSD1306.o
                0x00001ce6                screen_write_text_aligned
 .text.screen_write_formatted_text
                0x00001d08       0x3c SSD1306.o
                0x00001d08                screen_write_formatted_text
 .text.USART0_init
                0x00001d44       0x1a USART.o
                0x00001d44                USART0_init
 .text.USART0_sendChar
                0x00001d5e        0xe USART.o
                0x00001d5e                USART0_sendChar
 .text.USART0_sendString
                0x00001d6c       0x3c USART.o
                0x00001d6c                USART0_sendString
 .text.USART1_init
                0x00001da8       0x16 USART.o
                0x00001da8                USART1_init
 .text.USART1_sendChar
                0x00001dbe        0xe USART.o
                0x00001dbe                USART1_sendChar
 .text.USART1_sendString
                0x00001dcc       0x3c USART.o
                0x00001dcc                USART1_sendString
 .text.USART1_readChar
                0x00001e08       0x2e USART.o
                0x00001e08                USART1_readChar
 .text.USART_printf
                0x00001e36       0x64 USART.o
                0x00001e36                USART_printf
 .text.WindSpeed
                0x00001e9a       0x28 Wind.o
                0x00001e9a                WindSpeed
 .text.WindDirection
                0x00001ec2       0x5e Wind.o
                0x00001ec2                WindDirection
 .text.WindDirNames
                0x00001f20       0x4a Wind.o
                0x00001f20                WindDirNames
 .text.displayDateTimeAndLocation
                0x00001f6a      0x342 Windows.o
                0x00001f6a                displayDateTimeAndLocation
 .text.extractDigitFromTime
                0x000022ac      0x164 Windows.o
                0x000022ac                extractDigitFromTime
 .text.extractDigitFromTimeZone
                0x00002410       0x5e Windows.o
                0x00002410                extractDigitFromTimeZone
 .text.extractDigitFromAltitude
                0x0000246e       0xba Windows.o
                0x0000246e                extractDigitFromAltitude
 .text.extractDigitFromLocation
                0x00002528      0x15c Windows.o
                0x00002528                extractDigitFromLocation
 .text.DataExtraction
                0x00002684       0xaa Windows.o
                0x00002684                DataExtraction
 .text.calculateValue
                0x0000272e       0xba Windows.o
                0x0000272e                calculateValue
 .text.applySign
                0x000027e8       0x12 Windows.o
                0x000027e8                applySign
 .text.applySignDouble
                0x000027fa       0x12 Windows.o
                0x000027fa                applySignDouble
 .text.ValidateNewData
                0x0000280c      0x3ea Windows.o
                0x0000280c                ValidateNewData
 .text.parametersWOerror
                0x00002bf6      0x26e Windows.o
                0x00002bf6                parametersWOerror
 .text.parametersWerror
                0x00002e64      0x23a Windows.o
                0x00002e64                parametersWerror
 .text.backButton
                0x0000309e       0x12 Windows.o
                0x0000309e                backButton
 .text.ClockError
                0x000030b0       0x1c Windows.o
                0x000030b0                ClockError
 .text.DateAndLocationChangeWindow
                0x000030cc       0xa6 Windows.o
                0x000030cc                DateAndLocationChangeWindow
 .text.ParameterViewWindow
                0x00003172       0x7e Windows.o
                0x00003172                ParameterViewWindow
 .text.MainWindow
                0x000031f0      0x226 Windows.o
                0x000031f0                MainWindow
 .text.windows  0x00003416       0x1e Windows.o
                0x00003416                windows
 .text.avr-libc.fplib
                0x00003434        0xe c:/program files (x86)/atmel/studio/7.0/toolchain/avr8/avr8-gnu-toolchain/bin/../lib/gcc/avr/5.4.0/../../../../avr/lib/avrxmega2\libm.a(addsf3.o)
                0x00003434                __subsf3
                0x00003436                __addsf3
 .text.avr-libc.fplib
                0x00003442       0xcc c:/program files (x86)/atmel/studio/7.0/toolchain/avr8/avr8-gnu-toolchain/bin/../lib/gcc/avr/5.4.0/../../../../avr/lib/avrxmega2\libm.a(addsf3x.o)
                0x00003464                __addsf3x
 .text.avr-libc.fplib
                0x0000350e       0x5e c:/program files (x86)/atmel/studio/7.0/toolchain/avr8/avr8-gnu-toolchain/bin/../lib/gcc/avr/5.4.0/../../../../avr/lib/avrxmega2\libm.a(atan.o)
                0x0000350e                atan
 .text.avr-libc.fplib
                0x0000356c        0xa c:/program files (x86)/atmel/studio/7.0/toolchain/avr8/avr8-gnu-toolchain/bin/../lib/gcc/avr/5.4.0/../../../../avr/lib/avrxmega2\libm.a(cmpsf2.o)
                0x0000356c                __nesf2
                0x0000356c                __eqsf2
                0x0000356c                __cmpsf2
                0x0000356c                __ltsf2
                0x0000356c                __lesf2
 .text.avr-libc.fplib
                0x00003576        0x8 c:/program files (x86)/atmel/studio/7.0/toolchain/avr8/avr8-gnu-toolchain/bin/../lib/gcc/avr/5.4.0/../../../../avr/lib/avrxmega2\libm.a(divsf3.o)
                0x00003576                __divsf3
 .text.avr-libc.fplib
                0x0000357e       0xdc c:/program files (x86)/atmel/studio/7.0/toolchain/avr8/avr8-gnu-toolchain/bin/../lib/gcc/avr/5.4.0/../../../../avr/lib/avrxmega2\libm.a(divsf3x.o)
                0x0000359e                __divsf3x
                0x000035a4                __divsf3_pse
 .text.avr-libc.fplib
                0x0000365a        0xe c:/program files (x86)/atmel/studio/7.0/toolchain/avr8/avr8-gnu-toolchain/bin/../lib/gcc/avr/5.4.0/../../../../avr/lib/avrxmega2\libm.a(fixsfsi.o)
                0x0000365a                __fixsfsi
 .text.avr-libc.fplib
                0x00003668       0x5e c:/program files (x86)/atmel/studio/7.0/toolchain/avr8/avr8-gnu-toolchain/bin/../lib/gcc/avr/5.4.0/../../../../avr/lib/avrxmega2\libm.a(fixunssfsi.o)
                0x00003668                __fixunssfsi
 .text.avr-libc.fplib
                0x000036c6        0xc c:/program files (x86)/atmel/studio/7.0/toolchain/avr8/avr8-gnu-toolchain/bin/../lib/gcc/avr/5.4.0/../../../../avr/lib/avrxmega2\libm.a(floatdisf.o)
                0x000036c6                __floatdisf
 .text.avr-libc.fplib
                0x000036d2       0x7a c:/program files (x86)/atmel/studio/7.0/toolchain/avr8/avr8-gnu-toolchain/bin/../lib/gcc/avr/5.4.0/../../../../avr/lib/avrxmega2\libm.a(floatsisf.o)
                0x000036d2                __floatunsisf
                0x000036d6                __floatsisf
 .text.avr-libc.fplib
                0x0000374c       0x7c c:/program files (x86)/atmel/studio/7.0/toolchain/avr8/avr8-gnu-toolchain/bin/../lib/gcc/avr/5.4.0/../../../../avr/lib/avrxmega2\libm.a(floatundisf.o)
                0x0000374c                __floatundisf
                0x0000374e                __fp_di2sf
 .text.avr-libc.fplib
                0x000037c8       0x48 c:/program files (x86)/atmel/studio/7.0/toolchain/avr8/avr8-gnu-toolchain/bin/../lib/gcc/avr/5.4.0/../../../../avr/lib/avrxmega2\libm.a(fp_cmp.o)
                0x000037c8                __fp_cmp
 .text.avr-libc.fplib
                0x00003810        0xc c:/program files (x86)/atmel/studio/7.0/toolchain/avr8/avr8-gnu-toolchain/bin/../lib/gcc/avr/5.4.0/../../../../avr/lib/avrxmega2\libm.a(fp_inf.o)
                0x00003810                __fp_inf
 .text.avr-libc.fplib
                0x0000381c        0x6 c:/program files (x86)/atmel/studio/7.0/toolchain/avr8/avr8-gnu-toolchain/bin/../lib/gcc/avr/5.4.0/../../../../avr/lib/avrxmega2\libm.a(fp_nan.o)
                0x0000381c                __fp_nan
 .text.avr-libc.fplib
                0x00003822       0x20 c:/program files (x86)/atmel/studio/7.0/toolchain/avr8/avr8-gnu-toolchain/bin/../lib/gcc/avr/5.4.0/../../../../avr/lib/avrxmega2\libm.a(fp_negdi.o)
                0x00003822                __fp_negdi
 .text.avr-libc.fplib
                0x00003842       0x4e c:/program files (x86)/atmel/studio/7.0/toolchain/avr8/avr8-gnu-toolchain/bin/../lib/gcc/avr/5.4.0/../../../../avr/lib/avrxmega2\libm.a(fp_powser.o)
                0x00003842                __fp_powser
 .text.avr-libc.fplib
                0x00003890        0xe c:/program files (x86)/atmel/studio/7.0/toolchain/avr8/avr8-gnu-toolchain/bin/../lib/gcc/avr/5.4.0/../../../../avr/lib/avrxmega2\libm.a(fp_pscA.o)
                0x00003890                __fp_pscA
 .text.avr-libc.fplib
                0x0000389e        0xe c:/program files (x86)/atmel/studio/7.0/toolchain/avr8/avr8-gnu-toolchain/bin/../lib/gcc/avr/5.4.0/../../../../avr/lib/avrxmega2\libm.a(fp_pscB.o)
                0x0000389e                __fp_pscB
 .text.avr-libc.fplib
                0x000038ac       0x22 c:/program files (x86)/atmel/studio/7.0/toolchain/avr8/avr8-gnu-toolchain/bin/../lib/gcc/avr/5.4.0/../../../../avr/lib/avrxmega2\libm.a(fp_round.o)
                0x000038ac                __fp_round
 .text.avr-libc.fplib
                0x000038ce       0x44 c:/program files (x86)/atmel/studio/7.0/toolchain/avr8/avr8-gnu-toolchain/bin/../lib/gcc/avr/5.4.0/../../../../avr/lib/avrxmega2\libm.a(fp_split3.o)
                0x000038ce                __fp_split3
                0x000038de                __fp_splitA
 .text.avr-libc.fplib
                0x00003912        0xe c:/program files (x86)/atmel/studio/7.0/toolchain/avr8/avr8-gnu-toolchain/bin/../lib/gcc/avr/5.4.0/../../../../avr/lib/avrxmega2\libm.a(fp_zero.o)
                0x00003912                __fp_zero
                0x00003914                __fp_szero
 .text.avr-libc.fplib
                0x00003920        0xa c:/program files (x86)/atmel/studio/7.0/toolchain/avr8/avr8-gnu-toolchain/bin/../lib/gcc/avr/5.4.0/../../../../avr/lib/avrxmega2\libm.a(gesf2.o)
                0x00003920                __gesf2
                0x00003920                __gtsf2
 .text.avr-libc.fplib
                0x0000392a       0x10 c:/program files (x86)/atmel/studio/7.0/toolchain/avr8/avr8-gnu-toolchain/bin/../lib/gcc/avr/5.4.0/../../../../avr/lib/avrxmega2\libm.a(inverse.o)
                0x0000392a                inverse
 .text.avr-libc.fplib
                0x0000393a        0x8 c:/program files (x86)/atmel/studio/7.0/toolchain/avr8/avr8-gnu-toolchain/bin/../lib/gcc/avr/5.4.0/../../../../avr/lib/avrxmega2\libm.a(mulsf3.o)
                0x0000393a                __mulsf3
 .text.avr-libc.fplib
                0x00003942       0xd2 c:/program files (x86)/atmel/studio/7.0/toolchain/avr8/avr8-gnu-toolchain/bin/../lib/gcc/avr/5.4.0/../../../../avr/lib/avrxmega2\libm.a(mulsf3x.o)
                0x00003960                __mulsf3x
                0x00003966                __mulsf3_pse
 .text.avr-libc.fplib
                0x00003a14       0x48 c:/program files (x86)/atmel/studio/7.0/toolchain/avr8/avr8-gnu-toolchain/bin/../lib/gcc/avr/5.4.0/../../../../avr/lib/avrxmega2\libm.a(round.o)
                0x00003a14                round
 .text.avr-libc.fplib
                0x00003a5c        0x8 c:/program files (x86)/atmel/studio/7.0/toolchain/avr8/avr8-gnu-toolchain/bin/../lib/gcc/avr/5.4.0/../../../../avr/lib/avrxmega2\libm.a(square.o)
                0x00003a5c                square
 .text.avr-libc.fplib
                0x00003a64       0x4a c:/program files (x86)/atmel/studio/7.0/toolchain/avr8/avr8-gnu-toolchain/bin/../lib/gcc/avr/5.4.0/../../../../avr/lib/avrxmega2\libm.a(tan.o)
                0x00003a64                tan
 .text.avr-libc.fplib
                0x00003aae       0x36 c:/program files (x86)/atmel/studio/7.0/toolchain/avr8/avr8-gnu-toolchain/bin/../lib/gcc/avr/5.4.0/../../../../avr/lib/avrxmega2\libm.a(fp_mintl.o)
                0x00003aae                __fp_mintl
 .text.avr-libc.fplib
                0x00003ae4       0x1c c:/program files (x86)/atmel/studio/7.0/toolchain/avr8/avr8-gnu-toolchain/bin/../lib/gcc/avr/5.4.0/../../../../avr/lib/avrxmega2\libm.a(fp_mpack.o)
                0x00003ae4                __fp_mpack
                0x00003ae8                __fp_mpack_finite
 .text.avr-libc.fplib
                0x00003b00       0x28 c:/program files (x86)/atmel/studio/7.0/toolchain/avr8/avr8-gnu-toolchain/bin/../lib/gcc/avr/5.4.0/../../../../avr/lib/avrxmega2\libm.a(fp_powsodd.o)
                0x00003b00                __fp_powsodd
 .text.avr-libc.fplib
                0x00003b28       0x56 c:/program files (x86)/atmel/studio/7.0/toolchain/avr8/avr8-gnu-toolchain/bin/../lib/gcc/avr/5.4.0/../../../../avr/lib/avrxmega2\libm.a(fp_rempio2.o)
                0x00003b2c                __fp_rempio2
 .text.avr-libc
                0x00003b7e      0x6fa c:/program files (x86)/atmel/studio/7.0/toolchain/avr8/avr8-gnu-toolchain/bin/../lib/gcc/avr/5.4.0/../../../../avr/lib/avrxmega2\libprintf_flt.a(vfprintf_flt.o)
                0x00003b7e                vfprintf
 .text.libgcc.mul
                0x00004278       0x20 c:/program files (x86)/atmel/studio/7.0/toolchain/avr8/avr8-gnu-toolchain/bin/../lib/gcc/avr/5.4.0/avrxmega2\libgcc.a(_mulsi3.o)
                0x00004278                __mulsi3
 .text.libgcc.div
                0x00004298       0x28 c:/program files (x86)/atmel/studio/7.0/toolchain/avr8/avr8-gnu-toolchain/bin/../lib/gcc/avr/5.4.0/avrxmega2\libgcc.a(_udivmodhi4.o)
                0x00004298                __udivmodhi4
 .text.libgcc.div
                0x000042c0       0x28 c:/program files (x86)/atmel/studio/7.0/toolchain/avr8/avr8-gnu-toolchain/bin/../lib/gcc/avr/5.4.0/avrxmega2\libgcc.a(_divmodhi4.o)
                0x000042c0                _div
                0x000042c0                __divmodhi4
 .text.libgcc.div
                0x000042e8       0x44 c:/program files (x86)/atmel/studio/7.0/toolchain/avr8/avr8-gnu-toolchain/bin/../lib/gcc/avr/5.4.0/avrxmega2\libgcc.a(_udivmodsi4.o)
                0x000042e8                __udivmodsi4
 .text.libgcc   0x0000432c        0xc c:/program files (x86)/atmel/studio/7.0/toolchain/avr8/avr8-gnu-toolchain/bin/../lib/gcc/avr/5.4.0/avrxmega2\libgcc.a(_tablejump2.o)
                0x0000432c                __tablejump2__
 .text.libgcc.mul
                0x00004338       0x1e c:/program files (x86)/atmel/studio/7.0/toolchain/avr8/avr8-gnu-toolchain/bin/../lib/gcc/avr/5.4.0/avrxmega2\libgcc.a(_umulhisi3.o)
                0x00004338                __umulhisi3
 .text.libgcc.mul
                0x00004356       0x16 c:/program files (x86)/atmel/studio/7.0/toolchain/avr8/avr8-gnu-toolchain/bin/../lib/gcc/avr/5.4.0/avrxmega2\libgcc.a(_muluhisi3.o)
                0x00004356                __muluhisi3
 .text.libgcc.mul
                0x0000436c       0x10 c:/program files (x86)/atmel/studio/7.0/toolchain/avr8/avr8-gnu-toolchain/bin/../lib/gcc/avr/5.4.0/avrxmega2\libgcc.a(_mulshisi3.o)
                0x0000436c                __mulshisi3
                0x00004372                __mulohisi3
 .text.libgcc.mul
                0x0000437c       0xa0 c:/program files (x86)/atmel/studio/7.0/toolchain/avr8/avr8-gnu-toolchain/bin/../lib/gcc/avr/5.4.0/avrxmega2\libgcc.a(_muldi3.o)
                0x0000437c                __muldi3
 .text.libgcc.mul
                0x0000441c       0x12 c:/program files (x86)/atmel/studio/7.0/toolchain/avr8/avr8-gnu-toolchain/bin/../lib/gcc/avr/5.4.0/avrxmega2\libgcc.a(_muldi3_6.o)
                0x0000441c                __muldi3_6
 .text.libgcc.div
                0x0000442e       0x62 c:/program files (x86)/atmel/studio/7.0/toolchain/avr8/avr8-gnu-toolchain/bin/../lib/gcc/avr/5.4.0/avrxmega2\libgcc.a(_divdi3.o)
                0x0000442e                __moddi3
                0x00004432                __divdi3
                0x00004434                __divdi3_moddi3
 .text.libgcc.div
                0x00004490       0x1c c:/program files (x86)/atmel/studio/7.0/toolchain/avr8/avr8-gnu-toolchain/bin/../lib/gcc/avr/5.4.0/avrxmega2\libgcc.a(_udivdi3.o)
                0x00004490                __umoddi3
                0x00004494                __udivdi3
                0x00004496                __udivdi3_umoddi3
 .text.libgcc.div
                0x000044ac       0xa2 c:/program files (x86)/atmel/studio/7.0/toolchain/avr8/avr8-gnu-toolchain/bin/../lib/gcc/avr/5.4.0/avrxmega2\libgcc.a(_udivmod64.o)
                0x000044ac                __udivmod64
 .text.libgcc   0x0000454e       0x20 c:/program files (x86)/atmel/studio/7.0/toolchain/avr8/avr8-gnu-toolchain/bin/../lib/gcc/avr/5.4.0/avrxmega2\libgcc.a(_negdi2.o)
                0x0000454e                __negdi2
 .text.libgcc.prologue
                0x0000456e       0x32 c:/program files (x86)/atmel/studio/7.0/toolchain/avr8/avr8-gnu-toolchain/bin/../lib/gcc/avr/5.4.0/avrxmega2\libgcc.a(_prologue.o)
                0x0000456e                __prologue_saves__
 .text.libgcc.prologue
                0x000045a0       0x30 c:/program files (x86)/atmel/studio/7.0/toolchain/avr8/avr8-gnu-toolchain/bin/../lib/gcc/avr/5.4.0/avrxmega2\libgcc.a(_epilogue.o)
                0x000045a0                __epilogue_restores__
 .text.libgcc.builtins
                0x000045d0       0x32 c:/program files (x86)/atmel/studio/7.0/toolchain/avr8/avr8-gnu-toolchain/bin/../lib/gcc/avr/5.4.0/avrxmega2\libgcc.a(_ashldi3.o)
                0x000045d0                __ashldi3
 .text.libgcc.builtins
                0x00004602       0x3c c:/program files (x86)/atmel/studio/7.0/toolchain/avr8/avr8-gnu-toolchain/bin/../lib/gcc/avr/5.4.0/avrxmega2\libgcc.a(_ashrdi3.o)
                0x00004602                __ashrdi3
                0x00004606                __lshrdi3
 .text.libgcc   0x0000463e       0x12 c:/program files (x86)/atmel/studio/7.0/toolchain/avr8/avr8-gnu-toolchain/bin/../lib/gcc/avr/5.4.0/avrxmega2\libgcc.a(_adddi3.o)
                0x0000463e                __adddi3
 .text.libgcc   0x00004650       0x12 c:/program files (x86)/atmel/studio/7.0/toolchain/avr8/avr8-gnu-toolchain/bin/../lib/gcc/avr/5.4.0/avrxmega2\libgcc.a(_subdi3.o)
                0x00004650                __subdi3
 .text.libgcc   0x00004662       0x18 c:/program files (x86)/atmel/studio/7.0/toolchain/avr8/avr8-gnu-toolchain/bin/../lib/gcc/avr/5.4.0/avrxmega2\libgcc.a(_cmpdi2_s8.o)
                0x00004662                __cmpdi2_s8
 .text.avr-libc
                0x0000467a        0x8 c:/program files (x86)/atmel/studio/7.0/toolchain/avr8/avr8-gnu-toolchain/bin/../lib/gcc/avr/5.4.0/../../../../avr/lib/avrxmega2\libc.a(atof.o)
                0x0000467a                atof
 .text.avr-libc
                0x00004682       0x3c c:/program files (x86)/atmel/studio/7.0/toolchain/avr8/avr8-gnu-toolchain/bin/../lib/gcc/avr/5.4.0/../../../../avr/lib/avrxmega2\libc.a(atoi.o)
                0x00004682                atoi
 .text.avr-libc
                0x000046be      0x1b0 c:/program files (x86)/atmel/studio/7.0/toolchain/avr8/avr8-gnu-toolchain/bin/../lib/gcc/avr/5.4.0/../../../../avr/lib/avrxmega2\libc.a(ftoa_engine.o)
                0x000046be                __ftoa_engine
 .text.avr-libc
                0x0000486e       0x16 c:/program files (x86)/atmel/studio/7.0/toolchain/avr8/avr8-gnu-toolchain/bin/../lib/gcc/avr/5.4.0/../../../../avr/lib/avrxmega2\libc.a(strnlen_P.o)
                0x0000486e                strnlen_P
 .text.avr-libc
                0x00004884        0xa c:/program files (x86)/atmel/studio/7.0/toolchain/avr8/avr8-gnu-toolchain/bin/../lib/gcc/avr/5.4.0/../../../../avr/lib/avrxmega2\libc.a(strtok.o)
                0x00004884                strtok
 .text.avr-libc
                0x0000488e       0x16 c:/program files (x86)/atmel/studio/7.0/toolchain/avr8/avr8-gnu-toolchain/bin/../lib/gcc/avr/5.4.0/../../../../avr/lib/avrxmega2\libc.a(strnlen.o)
                0x0000488e                strnlen
 .text.avr-libc
                0x000048a4       0x4e c:/program files (x86)/atmel/studio/7.0/toolchain/avr8/avr8-gnu-toolchain/bin/../lib/gcc/avr/5.4.0/../../../../avr/lib/avrxmega2\libc.a(strtok_r.o)
                0x000048a4                strtok_r
 .text.avr-libc
                0x000048f2       0x10 c:/program files (x86)/atmel/studio/7.0/toolchain/avr8/avr8-gnu-toolchain/bin/../lib/gcc/avr/5.4.0/../../../../avr/lib/avrxmega2\libc.a(mul10.o)
                0x000048f2                __mulhi_const_10
 .text.avr-libc
                0x00004902       0x78 c:/program files (x86)/atmel/studio/7.0/toolchain/avr8/avr8-gnu-toolchain/bin/../lib/gcc/avr/5.4.0/../../../../avr/lib/avrxmega2\libc.a(fputc.o)
                0x00004902                fputc
 .text.avr-libc
                0x0000497a       0x32 c:/program files (x86)/atmel/studio/7.0/toolchain/avr8/avr8-gnu-toolchain/bin/../lib/gcc/avr/5.4.0/../../../../avr/lib/avrxmega2\libc.a(sscanf.o)
                0x0000497a                sscanf
 .text.avr-libc
                0x000049ac       0x58 c:/program files (x86)/atmel/studio/7.0/toolchain/avr8/avr8-gnu-toolchain/bin/../lib/gcc/avr/5.4.0/../../../../avr/lib/avrxmega2\libc.a(vsnprintf.o)
                0x000049ac                vsnprintf
 .text.avr-libc
                0x00004a04       0xbc c:/program files (x86)/atmel/studio/7.0/toolchain/avr8/avr8-gnu-toolchain/bin/../lib/gcc/avr/5.4.0/../../../../avr/lib/avrxmega2\libc.a(ultoa_invert.o)
                0x00004a04                __ultoa_invert
 .text.avr-libc
                0x00004ac0      0x55a c:/program files (x86)/atmel/studio/7.0/toolchain/avr8/avr8-gnu-toolchain/bin/../lib/gcc/avr/5.4.0/../../../../avr/lib/avrxmega2\libc.a(vfscanf_std.o)
                0x00004df8                vfscanf
 .text.avr-libc
                0x0000501a      0x29c c:/program files (x86)/atmel/studio/7.0/toolchain/avr8/avr8-gnu-toolchain/bin/../lib/gcc/avr/5.4.0/../../../../avr/lib/avrxmega2\libc.a(strtod.o)
                0x0000501a                strtod
 .text.avr-libc
                0x000052b6       0x12 c:/program files (x86)/atmel/studio/7.0/toolchain/avr8/avr8-gnu-toolchain/bin/../lib/gcc/avr/5.4.0/../../../../avr/lib/avrxmega2\libc.a(isspace.o)
                0x000052b6                isspace
 .text.avr-libc
                0x000052c8       0x16 c:/program files (x86)/atmel/studio/7.0/toolchain/avr8/avr8-gnu-toolchain/bin/../lib/gcc/avr/5.4.0/../../../../avr/lib/avrxmega2\libc.a(strchr_P.o)
                0x000052c8                strchr_P
 .text.avr-libc
                0x000052de       0x30 c:/program files (x86)/atmel/studio/7.0/toolchain/avr8/avr8-gnu-toolchain/bin/../lib/gcc/avr/5.4.0/../../../../avr/lib/avrxmega2\libc.a(strncasecmp_P.o)
                0x000052de                strncasecmp_P
 .text.avr-libc
                0x0000530e       0x7c c:/program files (x86)/atmel/studio/7.0/toolchain/avr8/avr8-gnu-toolchain/bin/../lib/gcc/avr/5.4.0/../../../../avr/lib/avrxmega2\libc.a(fgetc.o)
                0x0000530e                fgetc
 .text.avr-libc
                0x0000538a       0x32 c:/program files (x86)/atmel/studio/7.0/toolchain/avr8/avr8-gnu-toolchain/bin/../lib/gcc/avr/5.4.0/../../../../avr/lib/avrxmega2\libc.a(ungetc.o)
                0x0000538a                ungetc
 .text.avr-libc
                0x000053bc        0x6 c:/program files (x86)/atmel/studio/7.0/toolchain/avr8/avr8-gnu-toolchain/bin/../lib/gcc/avr/5.4.0/../../../../avr/lib/avrxmega2\libc.a(cty_isfalse.o)
                0x000053bc                __ctype_isfalse
                0x000053c0                __ctype_istrue
 .text.avr-libc
                0x000053c2        0xc C:/Program Files (x86)/Atmel/Studio/7.0/Packs/Atmel/AVR-Dx_DFP/2.6.303/gcc/dev/avr64dd32/avrxmega2\libavr64dd32.a(ccp_write.o)
                0x000053c2                ccp_write_io
                0x000053ce                . = ALIGN (0x2)
 *(.fini9)
 .fini9         0x000053ce        0x0 c:/program files (x86)/atmel/studio/7.0/toolchain/avr8/avr8-gnu-toolchain/bin/../lib/gcc/avr/5.4.0/avrxmega2\libgcc.a(_exit.o)
                0x000053ce                _exit
                0x000053ce                exit
 *(.fini9)
 *(.fini8)
 *(.fini8)
 *(.fini7)
 *(.fini7)
 *(.fini6)
 *(.fini6)
 *(.fini5)
 *(.fini5)
 *(.fini4)
 *(.fini4)
 *(.fini3)
 *(.fini3)
 *(.fini2)
 *(.fini2)
 *(.fini1)
 *(.fini1)
 *(.fini0)
 .fini0         0x000053ce        0x4 c:/program files (x86)/atmel/studio/7.0/toolchain/avr8/avr8-gnu-toolchain/bin/../lib/gcc/avr/5.4.0/avrxmega2\libgcc.a(_exit.o)
 *(.fini0)
                0x000053d2                _etext = .

.data           0x00806000      0x7ea load address 0x000053d2
                0x00806000                PROVIDE (__data_start, .)
 *(.data)
 *(.data*)
 .data.BMP280   0x00806000       0x3b BMP390.o
                0x00806000                BMP280
 .data.Date_Clock
                0x0080603b       0x1f Communications.o
                0x0080603b                Date_Clock
 .data.Altitude
                0x0080605a        0x2 ElAndAzComp.o
                0x0080605a                Altitude
 .data.SHT21    0x0080605c       0x11 SHT45.o
                0x0080605c                SHT21
 .data.font     0x0080606d      0x325 SSD1306.o
                0x0080606d                font
 .data.ssd1306Commands
                0x00806392       0x1a SSD1306.o
                0x00806392                ssd1306Commands
 *(.gnu.linkonce.d*)
 *(.rodata)
 .rodata        0x008063ac       0x18 Communications.o
 *(.rodata*)
 .rodata.str1.1
                0x008063c4       0x18 Communications.o
 .rodata.crc8_table
                0x008063dc      0x100 CRC.o
                0x008063dc                crc8_table
 .rodata.str1.1
                0x008064dc       0x1c main.o
 .rodata.str1.1
                0x008064f8       0x18 Wind.o
 .rodata.str1.1
                0x00806510      0x2da Windows.o
                                0x2f4 (size before relaxing)
 *(.gnu.linkonce.r*)
                0x008067ea                . = ALIGN (0x2)
                0x008067ea                _edata = .
                0x008067ea                PROVIDE (__data_end, .)

.bss            0x008067ea       0x70
                0x008067ea                PROVIDE (__bss_start, .)
 *(.bss)
 .bss           0x008067ea        0x2 c:/program files (x86)/atmel/studio/7.0/toolchain/avr8/avr8-gnu-toolchain/bin/../lib/gcc/avr/5.4.0/../../../../avr/lib/avrxmega2\libc.a(strtok.o)
 *(.bss*)
 .bss.SUN       0x008067ec       0x16 ElAndAzComp.o
                0x008067ec                SUN
 .bss.I2C       0x00806802        0x1 i2c.o
                0x00806802                I2C
 .bss.hold_counter.4544
                0x00806803        0x2 Keypad3x4.o
 .bss.last_key.4543
                0x00806805        0x1 Keypad3x4.o
 .bss.Keypad3x4
                0x00806806        0x2 Keypad3x4.o
                0x00806806                Keypad3x4
 .bss.Wind      0x00806808        0x2 Wind.o
                0x00806808                Wind
 .bss.upDown.4636
                0x0080680a        0x1 Windows.o
 .bss.step.4629
                0x0080680b        0x1 Windows.o
 .bss.arrow.4630
                0x0080680c       0x26 Windows.o
 .bss.newTimeAndPlace.4628
                0x00806832       0x26 Windows.o
 *(COMMON)
 COMMON         0x00806858        0x2 c:/program files (x86)/atmel/studio/7.0/toolchain/avr8/avr8-gnu-toolchain/bin/../lib/gcc/avr/5.4.0/../../../../avr/lib/avrxmega2\libc.a(errno.o)
                0x00806858                errno
                0x0080685a                PROVIDE (__bss_end, .)
                0x000053d2                __data_load_start = LOADADDR (.data)
                0x00005bbc                __data_load_end = (__data_load_start + SIZEOF (.data))

.noinit         0x0080685a        0x0
                [!provide]                PROVIDE (__noinit_start, .)
 *(.noinit*)
                [!provide]                PROVIDE (__noinit_end, .)
                0x0080685a                _end = .
                [!provide]                PROVIDE (__heap_start, .)

.eeprom         0x00810000        0x0
 *(.eeprom*)
                0x00810000                __eeprom_end = .

.fuse
 *(.fuse)
 *(.lfuse)
 *(.hfuse)
 *(.efuse)

.lock
 *(.lock*)

.signature
 *(.signature*)

.user_signatures
 *(.user_signatures*)

.stab
 *(.stab)

.stabstr
 *(.stabstr)

.stab.excl
 *(.stab.excl)

.stab.exclstr
 *(.stab.exclstr)

.stab.index
 *(.stab.index)

.stab.indexstr
 *(.stab.indexstr)

.comment        0x00000000       0x5c
 *(.comment)
 .comment       0x00000000       0x30 ADC.o
                                 0x31 (size before relaxing)
 .comment       0x00000030       0x31 BMP390.o
 .comment       0x00000030       0x31 CLK.o
 .comment       0x00000030       0x31 Communications.o
 .comment       0x00000030       0x31 CRC.o
 .comment       0x00000030       0x31 ElAndAzComp.o
 .comment       0x00000030       0x31 GPIO.o
 .comment       0x00000030       0x31 i2c.o
 .comment       0x00000030       0x31 Keypad3x4.o
 .comment       0x00000030       0x31 main.o
 .comment       0x00000030       0x31 SHT45.o
 .comment       0x00000030       0x31 SSD1306.o
 .comment       0x00000030       0x31 USART.o
 .comment       0x00000030       0x31 Wind.o
 .comment       0x00000030       0x31 Windows.o
 .comment       0x00000030       0x2c c:/program files (x86)/atmel/studio/7.0/toolchain/avr8/avr8-gnu-toolchain/bin/../lib/gcc/avr/5.4.0/../../../../avr/lib/avrxmega2\libprintf_flt.a(vfprintf_flt.o)
                                 0x2d (size before relaxing)
 .comment       0x0000005c       0x31 c:/program files (x86)/atmel/studio/7.0/toolchain/avr8/avr8-gnu-toolchain/bin/../lib/gcc/avr/5.4.0/../../../../avr/lib/avrxmega2\libc.a(strtok.o)
 .comment       0x0000005c       0x31 c:/program files (x86)/atmel/studio/7.0/toolchain/avr8/avr8-gnu-toolchain/bin/../lib/gcc/avr/5.4.0/../../../../avr/lib/avrxmega2\libc.a(fputc.o)
 .comment       0x0000005c       0x31 c:/program files (x86)/atmel/studio/7.0/toolchain/avr8/avr8-gnu-toolchain/bin/../lib/gcc/avr/5.4.0/../../../../avr/lib/avrxmega2\libc.a(sscanf.o)
 .comment       0x0000005c       0x31 c:/program files (x86)/atmel/studio/7.0/toolchain/avr8/avr8-gnu-toolchain/bin/../lib/gcc/avr/5.4.0/../../../../avr/lib/avrxmega2\libc.a(vsnprintf.o)
 .comment       0x0000005c       0x2d c:/program files (x86)/atmel/studio/7.0/toolchain/avr8/avr8-gnu-toolchain/bin/../lib/gcc/avr/5.4.0/../../../../avr/lib/avrxmega2\libc.a(vfscanf_std.o)
 .comment       0x0000005c       0x31 c:/program files (x86)/atmel/studio/7.0/toolchain/avr8/avr8-gnu-toolchain/bin/../lib/gcc/avr/5.4.0/../../../../avr/lib/avrxmega2\libc.a(strtod.o)
 .comment       0x0000005c       0x31 c:/program files (x86)/atmel/studio/7.0/toolchain/avr8/avr8-gnu-toolchain/bin/../lib/gcc/avr/5.4.0/../../../../avr/lib/avrxmega2\libc.a(fgetc.o)
 .comment       0x0000005c       0x31 c:/program files (x86)/atmel/studio/7.0/toolchain/avr8/avr8-gnu-toolchain/bin/../lib/gcc/avr/5.4.0/../../../../avr/lib/avrxmega2\libc.a(ungetc.o)
 .comment       0x0000005c       0x2d c:/program files (x86)/atmel/studio/7.0/toolchain/avr8/avr8-gnu-toolchain/bin/../lib/gcc/avr/5.4.0/../../../../avr/lib/avrxmega2\libc.a(errno.o)

.note.gnu.avr.deviceinfo
                0x00000000       0x3c
 .note.gnu.avr.deviceinfo
                0x00000000       0x3c C:/Program Files (x86)/Atmel/Studio/7.0/Packs/Atmel/AVR-Dx_DFP/2.6.303/gcc/dev/avr64dd32/avrxmega2/crtavr64dd32.o

.note.gnu.build-id
 *(.note.gnu.build-id)

.debug
 *(.debug)

.line
 *(.line)

.debug_srcinfo
 *(.debug_srcinfo)

.debug_sfnames
 *(.debug_sfnames)

.debug_aranges  0x00000000      0x458
 *(.debug_aranges)
 .debug_aranges
                0x00000000       0x40 ADC.o
 .debug_aranges
                0x00000040       0x60 BMP390.o
 .debug_aranges
                0x000000a0       0x20 CLK.o
 .debug_aranges
                0x000000c0       0x58 Communications.o
 .debug_aranges
                0x00000118       0x20 CRC.o
 .debug_aranges
                0x00000138       0x30 ElAndAzComp.o
 .debug_aranges
                0x00000168       0x20 GPIO.o
 .debug_aranges
                0x00000188       0x60 i2c.o
 .debug_aranges
                0x000001e8       0x30 Keypad3x4.o
 .debug_aranges
                0x00000218       0x20 main.o
 .debug_aranges
                0x00000238       0x40 SHT45.o
 .debug_aranges
                0x00000278       0x78 SSD1306.o
 .debug_aranges
                0x000002f0       0x70 USART.o
 .debug_aranges
                0x00000360       0x30 Wind.o
 .debug_aranges
                0x00000390       0xa8 Windows.o
 .debug_aranges
                0x00000438       0x20 C:/Program Files (x86)/Atmel/Studio/7.0/Packs/Atmel/AVR-Dx_DFP/2.6.303/gcc/dev/avr64dd32/avrxmega2\libavr64dd32.a(ccp_write.o)

.debug_pubnames
 *(.debug_pubnames)

.debug_info     0x00000000     0x7b60
 *(.debug_info .gnu.linkonce.wi.*)
 .debug_info    0x00000000     0x22a4 C:/Program Files (x86)/Atmel/Studio/7.0/Packs/Atmel/AVR-Dx_DFP/2.6.303/gcc/dev/avr64dd32/avrxmega2/crtavr64dd32.o
 .debug_info    0x000022a4      0x53f ADC.o
 .debug_info    0x000027e3      0x59e BMP390.o
 .debug_info    0x00002d81      0x300 CLK.o
 .debug_info    0x00003081      0x4a1 Communications.o
 .debug_info    0x00003522      0x122 CRC.o
 .debug_info    0x00003644      0x50e ElAndAzComp.o
 .debug_info    0x00003b52      0x3fc GPIO.o
 .debug_info    0x00003f4e      0x6f0 i2c.o
 .debug_info    0x0000463e      0x4a1 Keypad3x4.o
 .debug_info    0x00004adf      0x5f2 main.o
 .debug_info    0x000050d1      0x7a7 SHT45.o
 .debug_info    0x00005878      0x81f SSD1306.o
 .debug_info    0x00006097      0x7a7 USART.o
 .debug_info    0x0000683e      0x1b5 Wind.o
 .debug_info    0x000069f3     0x10c4 Windows.o
 .debug_info    0x00007ab7       0xa9 C:/Program Files (x86)/Atmel/Studio/7.0/Packs/Atmel/AVR-Dx_DFP/2.6.303/gcc/dev/avr64dd32/avrxmega2\libavr64dd32.a(ccp_write.o)

.debug_abbrev   0x00000000     0x387a
 *(.debug_abbrev)
 .debug_abbrev  0x00000000     0x20ce C:/Program Files (x86)/Atmel/Studio/7.0/Packs/Atmel/AVR-Dx_DFP/2.6.303/gcc/dev/avr64dd32/avrxmega2/crtavr64dd32.o
 .debug_abbrev  0x000020ce      0x138 ADC.o
 .debug_abbrev  0x00002206      0x127 BMP390.o
 .debug_abbrev  0x0000232d       0xe5 CLK.o
 .debug_abbrev  0x00002412      0x1ea Communications.o
 .debug_abbrev  0x000025fc       0xaa CRC.o
 .debug_abbrev  0x000026a6      0x11f ElAndAzComp.o
 .debug_abbrev  0x000027c5       0xbc GPIO.o
 .debug_abbrev  0x00002881      0x1ec i2c.o
 .debug_abbrev  0x00002a6d      0x1b5 Keypad3x4.o
 .debug_abbrev  0x00002c22      0x114 main.o
 .debug_abbrev  0x00002d36      0x279 SHT45.o
 .debug_abbrev  0x00002faf      0x1ca SSD1306.o
 .debug_abbrev  0x00003179      0x2aa USART.o
 .debug_abbrev  0x00003423      0x104 Wind.o
 .debug_abbrev  0x00003527      0x33f Windows.o
 .debug_abbrev  0x00003866       0x14 C:/Program Files (x86)/Atmel/Studio/7.0/Packs/Atmel/AVR-Dx_DFP/2.6.303/gcc/dev/avr64dd32/avrxmega2\libavr64dd32.a(ccp_write.o)

.debug_line     0x00000000     0x2f81
 *(.debug_line .debug_line.* .debug_line_end)
 .debug_line    0x00000000      0x16f C:/Program Files (x86)/Atmel/Studio/7.0/Packs/Atmel/AVR-Dx_DFP/2.6.303/gcc/dev/avr64dd32/avrxmega2/crtavr64dd32.o
 .debug_line    0x0000016f      0x197 ADC.o
 .debug_line    0x00000306      0x33c BMP390.o
 .debug_line    0x00000642      0x181 CLK.o
 .debug_line    0x000007c3      0x349 Communications.o
 .debug_line    0x00000b0c       0xca CRC.o
 .debug_line    0x00000bd6      0x17c ElAndAzComp.o
 .debug_line    0x00000d52      0x19b GPIO.o
 .debug_line    0x00000eed      0x3c4 i2c.o
 .debug_line    0x000012b1      0x2e3 Keypad3x4.o
 .debug_line    0x00001594      0x251 main.o
 .debug_line    0x000017e5      0x32e SHT45.o
 .debug_line    0x00001b13      0x4ca SSD1306.o
 .debug_line    0x00001fdd      0x372 USART.o
 .debug_line    0x0000234f      0x170 Wind.o
 .debug_line    0x000024bf      0xa5b Windows.o
 .debug_line    0x00002f1a       0x67 C:/Program Files (x86)/Atmel/Studio/7.0/Packs/Atmel/AVR-Dx_DFP/2.6.303/gcc/dev/avr64dd32/avrxmega2\libavr64dd32.a(ccp_write.o)

.debug_frame    0x00000000     0x1270
 *(.debug_frame)
 .debug_frame   0x00000000       0x64 ADC.o
 .debug_frame   0x00000064      0x1cc BMP390.o
 .debug_frame   0x00000230       0x24 CLK.o
 .debug_frame   0x00000254      0x148 Communications.o
 .debug_frame   0x0000039c       0x44 CRC.o
 .debug_frame   0x000003e0       0x78 ElAndAzComp.o
 .debug_frame   0x00000458       0x24 GPIO.o
 .debug_frame   0x0000047c      0x160 i2c.o
 .debug_frame   0x000005dc       0x5c Keypad3x4.o
 .debug_frame   0x00000638       0x68 main.o
 .debug_frame   0x000006a0       0x9c SHT45.o
 .debug_frame   0x0000073c      0x184 SSD1306.o
 .debug_frame   0x000008c0      0x104 USART.o
 .debug_frame   0x000009c4       0x44 Wind.o
 .debug_frame   0x00000a08      0x868 Windows.o

.debug_str      0x00000000     0x2bde
 *(.debug_str)
 .debug_str     0x00000000      0xefb C:/Program Files (x86)/Atmel/Studio/7.0/Packs/Atmel/AVR-Dx_DFP/2.6.303/gcc/dev/avr64dd32/avrxmega2/crtavr64dd32.o
 .debug_str     0x00000efb      0x791 ADC.o
                                0x7ed (size before relaxing)
 .debug_str     0x0000168c      0x1b2 BMP390.o
                                0x3c0 (size before relaxing)
 .debug_str     0x0000183e      0x213 CLK.o
                                0x400 (size before relaxing)
 .debug_str     0x00001a51      0x195 Communications.o
                                0x38a (size before relaxing)
 .debug_str     0x00001be6       0x47 CRC.o
                                0x212 (size before relaxing)
 .debug_str     0x00001c2d       0xc6 ElAndAzComp.o
                                0x40e (size before relaxing)
 .debug_str     0x00001cf3      0x330 GPIO.o
                                0x50f (size before relaxing)
 .debug_str     0x00002023      0x2c5 i2c.o
                                0x4dd (size before relaxing)
 .debug_str     0x000022e8       0xaf Keypad3x4.o
                                0x36d (size before relaxing)
 .debug_str     0x00002397       0x38 main.o
                                0x475 (size before relaxing)
 .debug_str     0x000023cf       0x77 SHT45.o
                                0x3fe (size before relaxing)
 .debug_str     0x00002446      0x1d6 SSD1306.o
                                0x3fd (size before relaxing)
 .debug_str     0x0000261c      0x377 USART.o
                                0x67a (size before relaxing)
 .debug_str     0x00002993       0x4b Wind.o
                                0x24b (size before relaxing)
 .debug_str     0x000029de      0x200 Windows.o
                                0x831 (size before relaxing)

.debug_loc      0x00000000     0x55b8
 *(.debug_loc)
 .debug_loc     0x00000000      0xc7e BMP390.o
 .debug_loc     0x00000c7e      0x579 Communications.o
 .debug_loc     0x000011f7       0xf8 CRC.o
 .debug_loc     0x000012ef      0x13b ElAndAzComp.o
 .debug_loc     0x0000142a      0x84e i2c.o
 .debug_loc     0x00001c78      0x198 Keypad3x4.o
 .debug_loc     0x00001e10      0x133 main.o
 .debug_loc     0x00001f43      0x4d1 SHT45.o
 .debug_loc     0x00002414      0x74c SSD1306.o
 .debug_loc     0x00002b60      0x282 USART.o
 .debug_loc     0x00002de2       0x58 Wind.o
 .debug_loc     0x00002e3a     0x277e Windows.o

.debug_macinfo
 *(.debug_macinfo)

.debug_weaknames
 *(.debug_weaknames)

.debug_funcnames
 *(.debug_funcnames)

.debug_typenames
 *(.debug_typenames)

.debug_varnames
 *(.debug_varnames)

.debug_pubtypes
 *(.debug_pubtypes)

.debug_ranges   0x00000000      0x3f0
 *(.debug_ranges)
 .debug_ranges  0x00000000       0x30 ADC.o
 .debug_ranges  0x00000030       0x50 BMP390.o
 .debug_ranges  0x00000080       0x10 CLK.o
 .debug_ranges  0x00000090       0x48 Communications.o
 .debug_ranges  0x000000d8       0x10 CRC.o
 .debug_ranges  0x000000e8       0x20 ElAndAzComp.o
 .debug_ranges  0x00000108       0x10 GPIO.o
 .debug_ranges  0x00000118       0x80 i2c.o
 .debug_ranges  0x00000198       0x20 Keypad3x4.o
 .debug_ranges  0x000001b8       0x10 main.o
 .debug_ranges  0x000001c8       0x60 SHT45.o
 .debug_ranges  0x00000228       0x68 SSD1306.o
 .debug_ranges  0x00000290       0x60 USART.o
 .debug_ranges  0x000002f0       0x20 Wind.o
 .debug_ranges  0x00000310       0xe0 Windows.o

.debug_macro
 *(.debug_macro)
OUTPUT(AVR64DD32-SUNFLOWER-WEATHER-STATION.elf elf32-avr)
LOAD linker stubs
